Component: ARM Compiler 5.05 update 1 (build 106) Tool: armlink [4d0efa]

==============================================================================

Section Cross References

    startup_keil.o(STACK) refers (Special) to heapauxi.o(.text) for __use_two_region_memory
    startup_keil.o(HEAP) refers (Special) to heapauxi.o(.text) for __use_two_region_memory
    startup_keil.o(RESET) refers (Special) to heapauxi.o(.text) for __use_two_region_memory
    startup_keil.o(RESET) refers to startup_keil.o(STACK) for StackMem
    startup_keil.o(RESET) refers to am_util_faultisr.o(.emb_text) for am_fault_isr
    startup_keil.o(RESET) refers to am_hal_systick.o(i.am_systick_isr) for am_systick_isr
    startup_keil.o(RESET) refers to rtc.o(i.am_clkgen_isr) for am_clkgen_isr
    startup_keil.o(RESET) refers to adc.o(i.am_adc_isr) for am_adc_isr
    startup_keil.o(RESET) refers to gpio.o(i.am_gpio_isr) for am_gpio_isr
    startup_keil.o(RESET) refers to hal_timers.o(i.am_ctimer_isr) for am_ctimer_isr
    startup_keil.o(RESET) refers to uart.o(i.am_uart_isr) for am_uart_isr
    startup_keil.o(RESET) refers to __main.o(!!!main) for __main
    startup_keil.o(.text) refers (Special) to heapauxi.o(.text) for __use_two_region_memory
    startup_keil.o(.text) refers to startup_keil.o(HEAP) for HeapMem
    startup_keil.o(.text) refers to startup_keil.o(STACK) for StackMem
    osal_sample.o(i.osalInitTasks) refers to osal_memory.o(i.osal_mem_alloc) for osal_mem_alloc
    osal_sample.o(i.osalInitTasks) refers to osal.o(i.osal_memset) for osal_memset
    osal_sample.o(i.osalInitTasks) refers to cot_mac.o(i._Z14phy_layer_inith) for phy_layer_init(unsigned char)
    osal_sample.o(i.osalInitTasks) refers to sample_multiple_anchor_app.o(i.sample_app_init) for sample_app_init
    osal_sample.o(i.osalInitTasks) refers to cot_mt_task.o(i.mt_task_init) for mt_task_init
    osal_sample.o(i.osalInitTasks) refers to osal_sample.o(.data) for tasksEvents
    osal_sample.o(.ARM.exidx) refers to osal_sample.o(i.osalInitTasks) for i.osalInitTasks
    osal_sample.o(.constdata) refers to cot_mac.o(i._Z26cot_mac_layer_processeventht) for cot_mac_layer_processevent(unsigned char, unsigned short)
    osal_sample.o(.constdata) refers to sample_multiple_anchor_app.o(i.sample_app_processevent) for sample_app_processevent
    osal_sample.o(.constdata) refers to cot_mt_task.o(i.cot_mt_process_event) for cot_mt_process_event
    sample_main.o(i.main) refers to am_hal_clkgen.o(i.am_hal_clkgen_sysclk_select) for am_hal_clkgen_sysclk_select
    sample_main.o(i.main) refers to am_bsp.o(i.am_bsp_low_power_init) for am_bsp_low_power_init
    sample_main.o(i.main) refers to spi.o(i.spi_init_module) for spi_init_module
    sample_main.o(i.main) refers to gpio.o(i.gpio_init_module) for gpio_init_module
    sample_main.o(i.main) refers to flash.o(i.FLASH_InitModule) for FLASH_InitModule
    sample_main.o(i.main) refers to uart.o(i.uart_init_module) for uart_init_module
    sample_main.o(i.main) refers to spi1.o(i.spi1_init_module) for spi1_init_module
    sample_main.o(i.main) refers to cot_mt_oled.o(i.cot_mt_oled_init) for cot_mt_oled_init
    sample_main.o(i.main) refers to rtc.o(i.rtc_init_module) for rtc_init_module
    sample_main.o(i.main) refers to log.o(i.log_init_module) for log_init_module
    sample_main.o(i.main) refers to am_hal_interrupt.o(.emb_text) for am_hal_interrupt_master_enable
    sample_main.o(i.main) refers to osal.o(i.osal_init_system) for osal_init_system
    sample_main.o(i.main) refers to osal_pwrmgr.o(i.osal_pwrmgr_device) for osal_pwrmgr_device
    sample_main.o(i.main) refers to osal.o(i.osal_start_system) for osal_start_system
    sample_main.o(.ARM.exidx) refers to sample_main.o(i.main) for i.main
    sample_multiple_anchor_app.o(i._Z20slave_broadcast_dataj) refers to aeabi_memset.o(.text) for __aeabi_memset
    sample_multiple_anchor_app.o(i._Z20slave_broadcast_dataj) refers to sample_multiple_anchor_app.o(.data) for s_cot_sample_msg_tx
    sample_multiple_anchor_app.o(i._Z20slave_handshake_dataj) refers to aeabi_memset.o(.text) for __aeabi_memset
    sample_multiple_anchor_app.o(i._Z20slave_handshake_dataj) refers to sample_multiple_anchor_app.o(.data) for s_cot_sample_msg_tx
    sample_multiple_anchor_app.o(i._Z21cot_sample_msg_handleP13cot_mac_msg_t) refers to rand.o(.text) for srand
    sample_multiple_anchor_app.o(i._Z21cot_sample_msg_handleP13cot_mac_msg_t) refers to rand.o(.emb_text) for rand
    sample_multiple_anchor_app.o(i._Z21cot_sample_msg_handleP13cot_mac_msg_t) refers to sample_multiple_anchor_app.o(i._Z20slave_broadcast_dataj) for slave_broadcast_data(unsigned)
    sample_multiple_anchor_app.o(i._Z21cot_sample_msg_handleP13cot_mac_msg_t) refers to osal_time.o(i.osal_start_timerEx) for osal_start_timerEx
    sample_multiple_anchor_app.o(i._Z21cot_sample_msg_handleP13cot_mac_msg_t) refers to osal.o(i.osal_set_event) for osal_set_event
[...]
    RngResultIndex                           0x100004e8   Data           4  cot_ranging.o(.data)
    CntPacketTx                              0x100004ec   Data           1  cot_ranging.o(.data)
    CntPacketRxOK                            0x100004ed   Data           1  cot_ranging.o(.data)
    CntPacketRxKOSlave                       0x100004ee   Data           1  cot_ranging.o(.data)
    get_chain_power                          0x100004f0   Data           4  cot_mac_protocol_parse.o(.data)
    send_mac_paylod                          0x100004f4   Data           4  cot_mac_protocol_parse.o(.data)
    g_device_id                              0x100005c0   Data          40  sample_multiple_anchor_app.o(.bss)
    g_uart_rx_fifo                           0x10001b30   Data        1040  uart.o(.bss)
    g_uart_tx_fifo                           0x10001f40   Data        1040  uart.o(.bss)
    am_hal_gpio_ppfnHandlers                 0x1000235c   Data         256  am_hal_gpio.o(.bss)
    g_psIOMBuffers                           0x1000245c   Data          40  am_hal_iom.o(.bss)
    g_psIOMQueue                             0x10002484   Data          48  am_hal_iom.o(.bss)
    g_sTxBuffer                              0x100024b4   Data          20  am_hal_uart.o(.bss)
    g_sRxBuffer                              0x100024c8   Data          20  am_hal_uart.o(.bss)
    PacketParams                             0x100024dc   Data          24  cot_mac.o(.bss)
    ModulationParams                         0x100024f4   Data          81  cot_mac.o(.bss)
    Radio                                    0x10002748   Data          68  cot_mac.o(.bss)
    Buffer                                   0x10002790   Data         255  cot_ranging.o(.bss)
    RawRngResults                            0x10002890   Data         720  cot_ranging.o(.bss)
    RssiRng                                  0x10002b60   Data         720  cot_ranging.o(.bss)
    _random_number_data                      0x10002f9c   Data         228  rand.o(.bss)
    __libspace_start                         0x10003080   Data          96  libspace.o(.bss)
    __temporary_stack_top$libspace           0x100030e0   Data           0  libspace.o(.bss)



==============================================================================

Memory Map of the image

  Image Entry point : 0x00000099

  Load Region LR_1 (Base: 0x00000000, Size: 0x0001576c, Max: 0xffffffff, ABSOLUTE, COMPRESSED[0x000154b8])

    Execution Region FLASH (Base: 0x00000000, Size: 0x00015274, Max: 0x00080000, ABSOLUTE)

    Base Addr    Size         Type   Attr      Idx    E Section Name        Object

    0x00000000   0x00000098   Code   RO            3    RESET               startup_keil.o
    0x00000098   0x00000008   Code   RO         7214  * !!!main             c_w.l(__main.o)
    0x000000a0   0x00000034   Code   RO         7859    !!!scatter          c_w.l(__scatter.o)
    0x000000d4   0x0000005a   Code   RO         7857    !!dczerorl2         c_w.l(__dczerorl2.o)
    0x0000012e   0x00000002   PAD
    0x00000130   0x0000001c   Code   RO         7861    !!handler_zi        c_w.l(__scatter_zi.o)
    0x0000014c   0x00000000   Code   RO         7183    .ARM.Collect$$_printf_percent$$00000000  c_w.l(_printf_percent.o)
    0x0000014c   0x00000006   Code   RO         7182    .ARM.Collect$$_printf_percent$$00000003  c_w.l(_printf_f.o)
    0x00000152   0x00000006   Code   RO         7181    .ARM.Collect$$_printf_percent$$00000009  c_w.l(_printf_d.o)
    0x00000158   0x00000006   Code   RO         7180    .ARM.Collect$$_printf_percent$$0000000C  c_w.l(_printf_x.o)
    0x0000015e   0x00000004   Code   RO         7517    .ARM.Collect$$_printf_percent$$00000017  c_w.l(_printf_percent_end.o)
    0x00000162   0x00000002   Code   RO         7802    .ARM.Collect$$libinit$$00000000  c_w.l(libinit.o)
    0x00000164   0x00000004   Code   RO         7522    .ARM.Collect$$libinit$$00000001  c_w.l(libinit2.o)
    0x00000168   0x00000000   Code   RO         7525    .ARM.Collect$$libinit$$00000004  c_w.l(libinit2.o)
    0x00000168   0x00000008   Code   RO         7526    .ARM.Collect$$libinit$$00000005  c_w.l(libinit2.o)
    0x00000170   0x00000000   Code   RO         7528    .ARM.Collect$$libinit$$0000000A  c_w.l(libinit2.o)
    0x00000170   0x00000000   Code   RO         7530    .ARM.Collect$$libinit$$0000000C  c_w.l(libinit2.o)
    0x00000170   0x00000004   Code   RO         7531    .ARM.Collect$$libinit$$0000000D  c_w.l(libinit2.o)
    0x00000174   0x00000000   Code   RO         7532    .ARM.Collect$$libinit$$0000000E  c_w.l(libinit2.o)
    0x00000174   0x00000006   Code   RO         7533    .ARM.Collect$$libinit$$0000000F  c_w.l(libinit2.o)
    0x0000017a   0x00000000   Code   RO         7535    .ARM.Collect$$libinit$$00000011  c_w.l(libinit2.o)
    0x0000017a   0x00000000   Code   RO         7537    .ARM.Collect$$libinit$$00000013  c_w.l(libinit2.o)
    0x0000017a   0x00000000   Code   RO         7539    .ARM.Collect$$libinit$$00000015  c_w.l(libinit2.o)
    0x0000017a   0x0000000a   Code   RO         7540    .ARM.Collect$$libinit$$00000016  c_w.l(libinit2.o)
    0x00000184   0x00000000   Code   RO         7541    .ARM.Collect$$libinit$$00000017  c_w.l(libinit2.o)
    0x00000184   0x00000000   Code   RO         7543    .ARM.Collect$$libinit$$00000019  c_w.l(libinit2.o)
    0x00000184   0x00000000   Code   RO         7545    .ARM.Collect$$libinit$$0000001B  c_w.l(libinit2.o)
    0x00000184   0x00000000   Code   RO         7547    .ARM.Collect$$libinit$$0000001D  c_w.l(libinit2.o)
    0x00000184   0x00000000   Code   RO         7549    .ARM.Collect$$libinit$$0000001F  c_w.l(libinit2.o)
    0x00000184   0x00000000   Code   RO         7551    .ARM.Collect$$libinit$$00000021  c_w.l(libinit2.o)
    0x00000184   0x00000000   Code   RO         7553    .ARM.Collect$$libinit$$00000023  c_w.l(libinit2.o)
    0x00000184   0x00000000   Code   RO         7555    .ARM.Collect$$libinit$$00000025  c_w.l(libinit2.o)
    0x00000184   0x00000000   Code   RO         7559    .ARM.Collect$$libinit$$0000002C  c_w.l(libinit2.o)
    0x00000184   0x00000000   Code   RO         7561    .ARM.Collect$$libinit$$0000002E  c_w.l(libinit2.o)
    0x00000184   0x00000000   Code   RO         7563    .ARM.Collect$$libinit$$00000030  c_w.l(libinit2.o)
    0x00000184   0x00000004   Code   RO         7564    .ARM.Collect$$libinit$$00000031  c_w.l(libinit2.o)
    0x00000188   0x00000000   Code   RO         7565    .ARM.Collect$$libinit$$00000032  c_w.l(libinit2.o)
    0x00000188   0x00000002   Code   RO         7566    .ARM.Collect$$libinit$$00000033  c_w.l(libinit2.o)
    0x0000018a   0x00000002   Code   RO         7854    .ARM.Collect$$libshutdown$$00000000  c_w.l(libshutdown.o)
    0x0000018c   0x00000006   Code   RO         7567    .ARM.Collect$$libshutdown$$00000001  c_w.l(libshutdown2.o)
    0x00000192   0x00000000   Code   RO         7569    .ARM.Collect$$libshutdown$$00000003  c_w.l(libshutdown2.o)
    0x00000192   0x00000000   Code   RO         7572    .ARM.Collect$$libshutdown$$00000006  c_w.l(libshutdown2.o)
    0x00000192   0x00000000   Code   RO         7575    .ARM.Collect$$libshutdown$$00000009  c_w.l(libshutdown2.o)
    0x00000192   0x00000000   Code   RO         7577    .ARM.Collect$$libshutdown$$0000000B  c_w.l(libshutdown2.o)
    0x00000192   0x00000000   Code   RO         7580    .ARM.Collect$$libshutdown$$0000000E  c_w.l(libshutdown2.o)
    0x00000192   0x00000002   Code   RO         7581    .ARM.Collect$$libshutdown$$0000000F  c_w.l(libshutdown2.o)
    0x00000194   0x00000000   Code   RO         7435    .ARM.Collect$$rtentry$$00000000  c_w.l(__rtentry.o)
    0x00000194   0x00000000   Code   RO         7641    .ARM.Collect$$rtentry$$00000002  c_w.l(__rtentry2.o)
    0x00000194   0x00000006   Code   RO         7653    .ARM.Collect$$rtentry$$00000004  c_w.l(__rtentry4.o)
    0x0000019a   0x00000000   Code   RO         7643    .ARM.Collect$$rtentry$$00000009  c_w.l(__rtentry2.o)
    0x0000019a   0x00000004   Code   RO         7644    .ARM.Collect$$rtentry$$0000000A  c_w.l(__rtentry2.o)
    0x0000019e   0x00000000   Code   RO         7646    .ARM.Collect$$rtentry$$0000000C  c_w.l(__rtentry2.o)
    0x0000019e   0x00000008   Code   RO         7647    .ARM.Collect$$rtentry$$0000000D  c_w.l(__rtentry2.o)
    0x000001a6   0x00000002   Code   RO         7813    .ARM.Collect$$rtexit$$00000000  c_w.l(rtexit.o)
    0x000001a8   0x00000000   Code   RO         7830    .ARM.Collect$$rtexit$$00000002  c_w.l(rtexit2.o)
    0x000001a8   0x00000004   Code   RO         7831    .ARM.Collect$$rtexit$$00000003  c_w.l(rtexit2.o)
    0x000001ac   0x00000006   Code   RO         7832    .ARM.Collect$$rtexit$$00000004  c_w.l(rtexit2.o)
    0x000001b2   0x00000002   PAD
    0x000001b4   0x00000014   Code   RO         2034    .emb_text           am_util_faultisr.o
    0x000001c8   0x00000006   Code   RO         3868    .emb_text           am_hal_flash.o
    0x000001ce   0x00000002   PAD
    0x000001d0   0x00000016   Code   RO         4084    .emb_text           am_hal_interrupt.o
    0x000001e6   0x00000002   PAD
    0x000001e8   0x00000076   Code   RO         6883    .emb_text           algorithm lib.lib(bignum.o)
    0x0000025e   0x00000002   PAD
    0x00000260   0x00000034   Code   RO         7184    .emb_text           c_w.l(rand.o)
    0x00000294   0x00000000   Code   RO         7768    .emb_text           c_w.l(maybetermalloc1.o)
    0x00000294   0x0000001c   Code   RO            4    .text               startup_keil.o
    0x000002b0   0x00000028   Code   RO         7131    .text               c_w.l(noretval__2sprintf.o)
    0x000002d8   0x0000004e   Code   RO         7135    .text               c_w.l(_printf_pad.o)
    0x00000326   0x00000002   PAD
    0x00000328   0x00000078   Code   RO         7137    .text               c_w.l(_printf_dec.o)
    0x000003a0   0x00000058   Code   RO         7142    .text               c_w.l(_printf_hex_int.o)
    0x000003f8   0x0000010e   Code   RO         7168    .text               c_w.l(__printf_wp.o)
    0x00000506   0x00000002   PAD
    0x00000508   0x0000003c   Code   RO         7185    .text               c_w.l(rand.o)
    0x00000544   0x00000058   Code   RO         7192    .text               c_w.l(memcmp.o)
    0x0000059c   0x0000003e   Code   RO         7194    .text               c_w.l(strlen.o)
    0x000005da   0x00000096   Code   RO         7196    .text               c_w.l(strncmp.o)
    0x00000670   0x0000008a   Code   RO         7198    .text               c_w.l(rt_memcpy_v6.o)
    0x000006fa   0x00000064   Code   RO         7200    .text               c_w.l(rt_memcpy_w.o)
    0x0000075e   0x00000016   Code   RO         7202    .text               c_w.l(memset.o)
    0x00000774   0x00000010   Code   RO         7204    .text               c_w.l(aeabi_memset.o)
    0x00000784   0x00000044   Code   RO         7206    .text               c_w.l(rt_memclr.o)
    0x000007c8   0x0000004e   Code   RO         7208    .text               c_w.l(rt_memclr_w.o)
    0x00000816   0x00000002   PAD
    0x00000818   0x00000080   Code   RO         7210    .text               c_w.l(strcmpv7m.o)
    0x00000898   0x00000006   Code   RO         7212    .text               c_w.l(heapauxi.o)
    0x0000089e   0x00000002   PAD
    0x000008a0   0x00000024   Code   RO         7219    .text               c_w.l(init_aeabi.o)
    0x000008c4   0x00000008   Code   RO         7443    .text               c_w.l(rt_ddtor_pointer_addr_intlibspace.o)
    0x000008cc   0x0000005e   Code   RO         7449    .text               c_w.l(h1_alloc.o)
    0x0000092a   0x0000004e   Code   RO         7451    .text               c_w.l(h1_free.o)
    0x00000978   0x00000016   Code   RO         7507    .text               c_w.l(_rserrno.o)
    0x0000098e   0x000000b2   Code   RO         7509    .text               c_w.l(_printf_intcommon.o)
    0x00000a40   0x0000041a   Code   RO         7511    .text               c_w.l(_printf_fp_dec.o)
    0x00000e5a   0x00000002   PAD
    0x00000e5c   0x00000030   Code   RO         7513    .text               c_w.l(_printf_char_common.o)
    0x00000e8c   0x0000000a   Code   RO         7515    .text               c_w.l(_sputc.o)
    0x00000e96   0x0000000e   Code   RO         7518    .text               c_w.l(defsig_pvfn_outer.o)
    0x00000ea4   0x00000008   Code   RO         7635    .text               c_w.l(libspace.o)
    0x00000eac   0x00000008   Code   RO         7662    .text               c_w.l(rt_heap_descriptor_intlibspace.o)
    0x00000eb4   0x00000008   Code   RO         7667    .text               c_w.l(rt_locale_intlibspace.o)
    0x00000ebc   0x00000008   Code   RO         7672    .text               c_w.l(rt_errno_addr_intlibspace.o)
    0x00000ec4   0x00000004   Code   RO         7674    .text               c_w.l(hguard.o)
    0x00000ec8   0x0000008a   Code   RO         7676    .text               c_w.l(init_alloc.o)
    0x00000f52   0x0000000e   Code   RO         7680    .text               c_w.l(h1_init.o)
    0x00000f60   0x0000008a   Code   RO         7694    .text               c_w.l(lludiv10.o)
    0x00000fea   0x00000002   PAD
    0x00000fec   0x00000080   Code   RO         7696    .text               c_w.l(_printf_fp_infnan.o)
    0x0000106c   0x000000dc   Code   RO         7700    .text               c_w.l(bigflt0.o)
    0x00001148   0x0000000a   Code   RO         7728    .text               c_w.l(defsig_exit.o)
    0x00001152   0x00000002   PAD
    0x00001154   0x00000030   Code   RO         7730    .text               c_w.l(defsig_pvfn_inner.o)
    0x00001184   0x0000000c   Code   RO         7757    .text               c_w.l(sys_exit.o)
    0x00001190   0x0000004a   Code   RO         7759    .text               c_w.l(sys_stackheap_outer.o)
    0x000011da   0x00000034   Code   RO         7770    .text               c_w.l(h1_extend.o)
    0x0000120e   0x0000000c   Code   RO         7774    .text               c_w.l(exit.o)
    0x0000121a   0x00000032   Code   RO         7780    .text               c_w.l(defsig_general.o)
    0x0000124c   0x0000000e   Code   RO         7786    .text               c_w.l(defsig_rtmem_outer.o)
    0x0000125a   0x0000000e   Code   RO         7808    .text               c_w.l(sys_wrch.o)
    0x00001268   0x00000002   Code   RO         7810    .text               c_w.l(use_no_semi.o)
    0x0000126a   0x00000000   Code   RO         7812    .text               c_w.l(indicate_semi.o)
    0x0000126a   0x00000002   PAD
    0x0000126c   0x00000050   Code   RO         7823    .text               c_w.l(defsig_rtmem_inner.o)
    0x000012bc   0x0000003e   Code   RO         7703    CL$$btod_d2e        c_w.l(btod.o)
    0x000012fa   0x00000046   Code   RO         7705    CL$$btod_d2e_denorm_low  c_w.l(btod.o)
    0x00001340   0x00000060   Code   RO         7704    CL$$btod_d2e_norm_op1  c_w.l(btod.o)
    0x000013a0   0x00000338   Code   RO         7713    CL$$btod_div_common  c_w.l(btod.o)
    0x000016d8   0x000000c6   Code   RO         7710    CL$$btod_e2e        c_w.l(btod.o)
    0x0000179e   0x00000028   Code   RO         7707    CL$$btod_ediv       c_w.l(btod.o)
    0x000017c6   0x00000028   Code   RO         7706    CL$$btod_emul       c_w.l(btod.o)
    0x000017ee   0x00000244   Code   RO         7712    CL$$btod_mult_common  c_w.l(btod.o)
    0x00001a32   0x00000002   PAD
    0x00001a34   0x00000060   Code   RO         3215    i.ADC_Ioctl         adc.o
    0x00001a94   0x00000040   Code   RO         3216    i.ADC_Lseek         adc.o
    0x00001ad4   0x00000030   Code   RO         3217    i.ADC_Open          adc.o
    0x00001b04   0x00000080   Code   RO         3218    i.ADC_Read          adc.o
    0x00001b84   0x00000030   Code   RO         3219    i.ADC_Release       adc.o
    0x00001bb4   0x00000070   Code   RO         6022    i.EA_ucRSAPublicBlock  algorithm lib.lib(rsa.o)
    0x00001c24   0x00000010   Code   RO         2709    i.FLASH_InitModule  flash.o
    0x00001c34   0x00000022   Code   RO         2710    i.FLASH_Lseek       flash.o
    0x00001c56   0x00000002   PAD
    0x00001c58   0x00000030   Code   RO         2711    i.FLASH_Open        flash.o
    0x00001c88   0x0000005c   Code   RO         2712    i.FLASH_Read        flash.o
    0x00001ce4   0x00000038   Code   RO         2713    i.FLASH_Release     flash.o
    0x00001d1c   0x000000dc   Code   RO         2714    i.FLASH_Write       flash.o
    0x00001df8   0x0000001e   Code   RO          903    i.I2C_WriteByte     cot_mt_oled.o
    0x00001e16   0x00000002   PAD
    0x00001e18   0x00000050   Code   RO         3326    i.IIC0_Ioctl        iic.o
    0x00001e68   0x00000030   Code   RO         3327    i.IIC0_Open         iic.o
    0x00001e98   0x00000034   Code   RO         3328    i.IIC0_Read         iic.o
    0x00001ecc   0x00000030   Code   RO         3329    i.IIC0_Release      iic.o
    0x00001efc   0x00000060   Code   RO         3330    i.IIC0_Write        iic.o
    0x00001f5c   0x0000003c   Code   RO         3331    i.IIC_Start         iic.o
    0x00001f98   0x00000040   Code   RO         3332    i.IIC_Stop          iic.o
    0x00001fd8   0x00000078   Code   RO         3333    i.IIC_Write_Byte    iic.o
    0x00002050   0x00000044   Code   RO         2820    i.KEY1_GPIO_IRQ_Register  gpio.o
    0x00002094   0x000000d4   Code   RO         2821    i.KEY1_GPIO_Ioctl   gpio.o
    0x00002168   0x00000010   Code   RO         2822    i.KEY1_GPIO_Lseek   gpio.o
    0x00002178   0x00000030   Code   RO         2823    i.KEY1_GPIO_Open    gpio.o
    0x000021a8   0x00000054   Code   RO         2824    i.KEY1_GPIO_Read    gpio.o
    0x000021fc   0x00000030   Code   RO         2825    i.KEY1_GPIO_Release  gpio.o
    0x0000222c   0x00000044   Code   RO         2826    i.KEY2_GPIO_IRQ_Register  gpio.o
    0x00002270   0x000000d8   Code   RO         2827    i.KEY2_GPIO_Ioctl   gpio.o
    0x00002348   0x00000010   Code   RO         2828    i.KEY2_GPIO_Lseek   gpio.o
    0x00002358   0x00000030   Code   RO         2829    i.KEY2_GPIO_Open    gpio.o
    0x00002388   0x00000054   Code   RO         2830    i.KEY2_GPIO_Read    gpio.o
    0x000023dc   0x00000030   Code   RO         2831    i.KEY2_GPIO_Release  gpio.o
    0x0000240c   0x00000044   Code   RO         2832    i.KEY3_GPIO_IRQ_Register  gpio.o
    0x00002450   0x000000d0   Code   RO         2833    i.KEY3_GPIO_Ioctl   gpio.o
    0x00002520   0x00000010   Code   RO         2834    i.KEY3_GPIO_Lseek   gpio.o
    0x00002530   0x00000030   Code   RO         2835    i.KEY3_GPIO_Open    gpio.o
    0x00002560   0x00000054   Code   RO         2836    i.KEY3_GPIO_Read    gpio.o
    0x000025b4   0x00000030   Code   RO         2837    i.KEY3_GPIO_Release  gpio.o
    0x000025e4   0x00000040   Code   RO         2838    i.KEY4_GPIO_IRQ_Register  gpio.o
    0x00002624   0x000000d4   Code   RO         2839    i.KEY4_GPIO_Ioctl   gpio.o
    0x000026f8   0x00000010   Code   RO         2840    i.KEY4_GPIO_Lseek   gpio.o
    0x00002708   0x00000030   Code   RO         2841    i.KEY4_GPIO_Open    gpio.o
    0x00002738   0x00000054   Code   RO         2842    i.KEY4_GPIO_Read    gpio.o
    0x0000278c   0x00000030   Code   RO         2843    i.KEY4_GPIO_Release  gpio.o
    0x000027bc   0x00000044   Code   RO         2844    i.KEY5_GPIO_IRQ_Register  gpio.o
    0x00002800   0x000000d4   Code   RO         2845    i.KEY5_GPIO_Ioctl   gpio.o
    0x000028d4   0x00000010   Code   RO         2846    i.KEY5_GPIO_Lseek   gpio.o
    0x000028e4   0x00000030   Code   RO         2847    i.KEY5_GPIO_Open    gpio.o
    0x00002914   0x00000054   Code   RO         2848    i.KEY5_GPIO_Read    gpio.o
    0x00002968   0x00000030   Code   RO         2849    i.KEY5_GPIO_Release  gpio.o
    0x00002998   0x0000009c   Code   RO         2850    i.LED1_GPIO_Ioctl   gpio.o
    0x00002a34   0x00000030   Code   RO         2851    i.LED1_GPIO_Open    gpio.o
    0x00002a64   0x00000030   Code   RO         2852    i.LED1_GPIO_Release  gpio.o
    0x00002a94   0x00000050   Code   RO         2853    i.LED1_GPIO_Write   gpio.o
    0x00002ae4   0x0000009c   Code   RO         2854    i.LED2_GPIO_Ioctl   gpio.o
    0x00002b80   0x00000030   Code   RO         2855    i.LED2_GPIO_Open    gpio.o
    0x00002bb0   0x00000030   Code   RO         2856    i.LED2_GPIO_Release  gpio.o
    0x00002be0   0x00000050   Code   RO         2857    i.LED2_GPIO_Write   gpio.o
    0x00002c30   0x0000009c   Code   RO         2858    i.LED3_GPIO_Ioctl   gpio.o
    0x00002ccc   0x00000030   Code   RO         2859    i.LED3_GPIO_Open    gpio.o
    0x00002cfc   0x00000030   Code   RO         2860    i.LED3_GPIO_Release  gpio.o
    0x00002d2c   0x00000050   Code   RO         2861    i.LED3_GPIO_Write   gpio.o
    0x00002d7c   0x0000000a   Code   RO          904    i.OLED_CLS          cot_mt_oled.o
    0x00002d86   0x00000002   PAD
    0x00002d88   0x000000a8   Code   RO          905    i.OLED_DrawBMP      cot_mt_oled.o
    0x00002e30   0x00000074   Code   RO          906    i.OLED_Fill         cot_mt_oled.o
    0x00002ea4   0x00000030   Code   RO          907    i.OLED_SetPos       cot_mt_oled.o
    0x00002ed4   0x00000118   Code   RO          912    i.OLED_register_init  cot_mt_oled.o
    0x00002fec   0x00000050   Code   RO         3135    i.RTC0_Ioctl        rtc.o
    0x0000303c   0x00000028   Code   RO         3136    i.RTC0_Lseek        rtc.o
    0x00003064   0x00000030   Code   RO         3137    i.RTC0_Open         rtc.o
    0x00003094   0x0000003c   Code   RO         3138    i.RTC0_Read         rtc.o
    0x000030d0   0x00000030   Code   RO         3139    i.RTC0_Release      rtc.o
    0x00003100   0x0000003c   Code   RO         3140    i.RTC0_Write        rtc.o
    0x0000313c   0x0000007c   Code   RO         6069    i.SHA256Final       algorithm lib.lib(sha256.o)
    0x000031b8   0x00000248   Code   RO         6070    i.SHA256Guts        algorithm lib.lib(sha256.o)
    0x00003400   0x0000004c   Code   RO         6071    i.SHA256Init        algorithm lib.lib(sha256.o)
    0x0000344c   0x00000062   Code   RO         6072    i.SHA256Update      algorithm lib.lib(sha256.o)
    0x000034ae   0x00000002   PAD
    0x000034b0   0x00000078   Code   RO         3403    i.SPI1_Ioctl        spi1.o
    0x00003528   0x00000030   Code   RO         3404    i.SPI1_Lseek        spi1.o
    0x00003558   0x00000030   Code   RO         3405    i.SPI1_Open         spi1.o
    0x00003588   0x000000e0   Code   RO         3406    i.SPI1_Read         spi1.o
    0x00003668   0x00000030   Code   RO         3407    i.SPI1_Release      spi1.o
    0x00003698   0x000000dc   Code   RO         3408    i.SPI1_Write        spi1.o
    0x00003774   0x00000068   Code   RO         2756    i.SPI_Ioctl         spi.o
    0x000037dc   0x0000003c   Code   RO         2757    i.SPI_Lseek         spi.o
    0x00003818   0x00000030   Code   RO         2758    i.SPI_Open          spi.o
    0x00003848   0x00000108   Code   RO         2759    i.SPI_Read          spi.o
    0x00003950   0x00000030   Code   RO         2760    i.SPI_Release       spi.o
    0x00003980   0x00000104   Code   RO         2761    i.SPI_Write         spi.o
    0x00003a84   0x00000044   Code   RO         2862    i.SX1280_GPIO_IRQ_Register  gpio.o
    0x00003ac8   0x000000e8   Code   RO         2863    i.SX1280_GPIO_Ioctl  gpio.o
    0x00003bb0   0x0000001c   Code   RO         2864    i.SX1280_GPIO_Lseek  gpio.o
    0x00003bcc   0x00000030   Code   RO         2865    i.SX1280_GPIO_Open  gpio.o
    0x00003bfc   0x00000080   Code   RO         2866    i.SX1280_GPIO_Read  gpio.o
    0x00003c7c   0x00000030   Code   RO         2867    i.SX1280_GPIO_Release  gpio.o
    0x00003cac   0x00000064   Code   RO         2868    i.SX1280_GPIO_Write  gpio.o
    0x00003d10   0x000000b0   Code   RO         2573    i.USART_Ioctl       uart.o
    0x00003dc0   0x00000030   Code   RO         2574    i.USART_Open        uart.o
    0x00003df0   0x00000058   Code   RO         2575    i.USART_Read        uart.o
    0x00003e48   0x00000030   Code   RO         2576    i.USART_Release     uart.o
    0x00003e78   0x0000005c   Code   RO         2577    i.USART_Write       uart.o
    0x00003ed4   0x00000012   Code   RO          913    i.WriteCmd          cot_mt_oled.o
    0x00003ee6   0x00000012   Code   RO          914    i.WriteDat          cot_mt_oled.o
    0x00003ef8   0x00000008   Code   RO         1235    i._Z10get_dev_idv   rfparamconfig.o
    0x00003f00   0x0000002c   Code   RO         5459    i._Z11OnRxTimeoutv  COT-M_SDK_RF_LIB.lib(cot_mac.o)
    0x00003f2c   0x0000002c   Code   RO         5460    i._Z11OnTxTimeoutv  COT-M_SDK_RF_LIB.lib(cot_mac.o)
    0x00003f58   0x0000001a   Code   RO         5461    i._Z11ReadDataOtpPhjj  COT-M_SDK_RF_LIB.lib(cot_mac.o)
    0x00003f72   0x00000002   PAD
    0x00003f74   0x00000098   Code   RO         5462    i._Z11verify_signv  COT-M_SDK_RF_LIB.lib(cot_mac.o)
    0x0000400c   0x000004e0   Code   RO         5836    i._Z13CheckDistanceP18ModulationParams_t  COT-M_SDK_RANGING_LIB.lib(cot_ranging.o)
    0x000044ec   0x00000042   Code   RO         1238    i._Z13DataFlashInitP12ConfigData_t  rfparamconfig.o
    0x0000452e   0x00000002   PAD
    0x00004530   0x00000078   Code   RO         5463    i._Z13OnRangingDone16IrqRangingCode_t  COT-M_SDK_RF_LIB.lib(cot_mac.o)
    0x000045a8   0x0000002c   Code   RO         5464    i._Z14phy_layer_inith  COT-M_SDK_RF_LIB.lib(cot_mac.o)
    0x000045d4   0x00000020   Code   RO         5465    i._Z14sx1280_dio_isrv  COT-M_SDK_RF_LIB.lib(cot_mac.o)
    0x000045f4   0x00000748   Code   RO         5466    i._Z15get_time_on_airh18ModulationParams_t14PacketParams_t  COT-M_SDK_RF_LIB.lib(cot_mac.o)
    0x00004d3c   0x000000cc   Code   RO         5467    i._Z15init_parametersP18PHYParamSettings_t  COT-M_SDK_RF_LIB.lib(cot_mac.o)
    0x00004e08   0x0000001c   Code   RO         5468    i._Z15phy_get_payloadPhS_h  COT-M_SDK_RF_LIB.lib(cot_mac.o)
    0x00004e24   0x0000001e   Code   RO         1240    i._Z16LoRaMAC_BKDRHashPh  rfparamconfig.o
    0x00004e42   0x00000002   PAD
    0x00004e44   0x00000020   Code   RO         5469    i._Z16phy_send_payloadPhh10TickTime_s  COT-M_SDK_RF_LIB.lib(cot_mac.o)
    0x00004e64   0x00000010   Code   RO         5470    i._Z16phy_set_radio_rx10TickTime_s  COT-M_SDK_RF_LIB.lib(cot_mac.o)
    0x00004e74   0x00000010   Code   RO         5471    i._Z16phy_set_radio_tx10TickTime_s  COT-M_SDK_RF_LIB.lib(cot_mac.o)
    0x00004e84   0x000000cc   Code   RO         5472    i._Z16send_mac_ack_msgj  COT-M_SDK_RF_LIB.lib(cot_mac.o)
    0x00004f50   0x000002d0   Code   RO         5473    i._Z18ParametersSettingsP18PHYParamSettings_t  COT-M_SDK_RF_LIB.lib(cot_mac.o)
    0x00005220   0x00000044   Code   RO         5474    i._Z18set_workparametersv  COT-M_SDK_RF_LIB.lib(cot_mac.o)
    0x00005264   0x000001ee   Code   RO         1241    i._Z19sample_rf_param_get12ConfigData_tP18PHYParamSettings_t  rfparamconfig.o
    0x00005452   0x00000002   PAD
    0x00005454   0x00000014   Code   RO         5475    i._Z20phy_set_rf_frequencyj  COT-M_SDK_RF_LIB.lib(cot_mac.o)
    0x00005468   0x00000048   Code   RO          386    i._Z20slave_broadcast_dataj  sample_multiple_anchor_app.o
    0x000054b0   0x0000005c   Code   RO         1242    i._Z21DataFlashDataCheckSumPh  rfparamconfig.o
    0x0000550c   0x00000212   Code   RO         1243    i._Z21DataFlashLoadSettingsPhP12ConfigData_t  rfparamconfig.o
    0x0000571e   0x000002bc   Code   RO         1244    i._Z21DataFlashSaveSettingsPhP12ConfigData_tb21RF_RadioPacketTypes_t  rfparamconfig.o
    0x000059da   0x00000002   PAD
    0x000059dc   0x00000028   Code   RO         1245    i._Z21LoRaMAC_IDHashProgramv  rfparamconfig.o
    0x00005a04   0x000000a8   Code   RO          388    i._Z21cot_sample_msg_handleP13cot_mac_msg_t  sample_multiple_anchor_app.o
    0x00005aac   0x0000000c   Code   RO         5476    i._Z21get_mac_layer_task_idv  COT-M_SDK_RF_LIB.lib(cot_mac.o)
    0x00005ab8   0x00000048   Code   RO          389    i._Z21master_broadcast_datav  sample_multiple_anchor_app.o
    0x00005b00   0x00000070   Code   RO          390    i._Z21master_handshake_datah  sample_multiple_anchor_app.o
    0x00005b70   0x00000014   Code   RO         5477    i._Z21phy_get_packet_statusP14PacketStatus_t  COT-M_SDK_RF_LIB.lib(cot_mac.o)
    0x00005b84   0x0000001c   Code   RO         5478    i._Z21phy_set_dio_irq_paramtt  COT-M_SDK_RF_LIB.lib(cot_mac.o)
    0x00005ba0   0x00000018   Code   RO         1246    i._Z22DataFlashMcuReadBuffertPht  rfparamconfig.o
    0x00005bb8   0x00000014   Code   RO         5479    i._Z22phy_get_ranging_result25RadioRangingResultTypes_t  COT-M_SDK_RF_LIB.lib(cot_mac.o)
    0x00005bcc   0x00000058   Code   RO         1247    i._Z23DataFlashMcuWriteBuffertPht  rfparamconfig.o
    0x00005c24   0x00000058   Code   RO         5480    i._Z23cot_phy_SetPacketParamshP14PacketParams_t  COT-M_SDK_RF_LIB.lib(cot_mac.o)
    0x00005c7c   0x0000004c   Code   RO         5481    i._Z23get_radio_channel_powerv  COT-M_SDK_RF_LIB.lib(cot_mac.o)
    0x00005cc8   0x000000c8   Code   RO          392    i._Z23master_handdisance_datah  sample_multiple_anchor_app.o
    0x00005d90   0x00000010   Code   RO         5482    i._Z23phy_get_frequency_errorv  COT-M_SDK_RF_LIB.lib(cot_mac.o)
    0x00005da0   0x00000038   Code   RO         5483    i._Z24send_mac_paylod_to_radioPhjP14PacketParams_tt10TickTime_s  COT-M_SDK_RF_LIB.lib(cot_mac.o)
    0x00005dd8   0x00000010   Code   RO         5484    i._Z24set_ModulationParametersP18PHYParamSettings_t  COT-M_SDK_RF_LIB.lib(cot_mac.o)
    0x00005de8   0x0000009c   Code   RO         5485    i._Z25send_mac_msg_to_app_layerP17cot_phy_payload_tt  COT-M_SDK_RF_LIB.lib(cot_mac.o)
    0x00005e84   0x00000178   Code   RO         6774    i._Z25send_pkg_by_backoffPeriodPhjP18ModulationParams_tP14PacketParams_tt10TickTime_s  COT-M_SDK_RF_LIB.lib(cot_mac_protocol_parse.o)
    0x00005ffc   0x00000380   Code   RO         5486    i._Z26cot_mac_layer_processeventht  COT-M_SDK_RF_LIB.lib(cot_mac.o)
    0x0000637c   0x00000080   Code   RO         6775    i._Z26get_symbols_of_ack_in_lr2427RadioLoRaSpreadingFactors_t21RadioLoRaBandwidths_t  COT-M_SDK_RF_LIB.lib(cot_mac_protocol_parse.o)
    0x000063fc   0x00000158   Code   RO         1248    i._Z27DataFlashSetDefaultSettingsPhP12ConfigData_t  rfparamconfig.o
    0x00006554   0x00000022   Code   RO          393    i._Z27phy_button_process_osal_msgP18mt_osal_msg_data_t  sample_multiple_anchor_app.o
    0x00006576   0x00000170   Code   RO         1249    i._Z28DataFlashLoadGeneralSettingsPhP12ConfigData_t  rfparamconfig.o
    0x000066e6   0x0000008a   Code   RO         6777    i._Z30get_unit_backoff_period_in_fsk22RadioGfskBleBitrates_tPi  COT-M_SDK_RF_LIB.lib(cot_mac_protocol_parse.o)
    0x00006770   0x00000050   Code   RO         6778    i._Z31get_unit_backoff_period_in_flrc19RadioFlrcBitrates_tPi  COT-M_SDK_RF_LIB.lib(cot_mac_protocol_parse.o)
    0x000067c0   0x0000008a   Code   RO         6779    i._Z31get_unit_backoff_period_in_lr2427RadioLoRaSpreadingFactors_t21RadioLoRaBandwidths_tPiS1_  COT-M_SDK_RF_LIB.lib(cot_mac_protocol_parse.o)
    0x0000684a   0x00000002   PAD
    0x0000684c   0x0000020c   Code   RO         5487    i._Z32cot_mac_layer_system_msg_processP13cot_mac_msg_t  COT-M_SDK_RF_LIB.lib(cot_mac.o)
    0x00006a58   0x0000005c   Code   RO          394    i._Z32mac_layer_system_message_processP13cot_mac_msg_t  sample_multiple_anchor_app.o
    0x00006ab4   0x0000005e   Code   RO         6780    i._Z37cot_mac_msg_format_to_cot_phy_payloadPhtjjhP17cot_phy_payload_tPj  COT-M_SDK_RF_LIB.lib(cot_mac_protocol_parse.o)
    0x00006b12   0x00000002   PAD
    0x00006b14   0x0000002c   Code   RO         5488    i._Z39phy_set_modulation_and_packettype_paramP18ModulationParams_tP14PacketParams_t  COT-M_SDK_RF_LIB.lib(cot_mac.o)
    0x00006b40   0x00000014   Code   RO         6781    i._Z40cot_mac_protocol_parse_callback_registerPFavEPFvPhjP14PacketParams_tt10TickTime_sE  COT-M_SDK_RF_LIB.lib(cot_mac_protocol_parse.o)
    0x00006b54   0x000000d0   Code   RO         6782    i._Z40cot_phy_payload_format_to_radio_ram_dataP17cot_phy_payload_ttPhPj  COT-M_SDK_RF_LIB.lib(cot_mac_protocol_parse.o)
    0x00006c24   0x000000c0   Code   RO         6783    i._Z40radio_ram_data_format_to_cot_phy_payloadPhjP17cot_phy_payload_tPt  COT-M_SDK_RF_LIB.lib(cot_mac_protocol_parse.o)
    0x00006ce4   0x00000044   Code   RO         5489    i._Z58phy_set_ranging_slave_mode_modulation_and_packettype_paramP18ModulationParams_tP14PacketParams_t  COT-M_SDK_RF_LIB.lib(cot_mac.o)
    0x00006d28   0x00000044   Code   RO         5490    i._Z59phy_set_ranging_master_mode_modulation_and_packettype_paramP18ModulationParams_tP14PacketParams_t  COT-M_SDK_RF_LIB.lib(cot_mac.o)
    0x00006d6c   0x0000004e   Code   RO          395    i._Z7hex2strPhS_t   sample_multiple_anchor_app.o
    0x00006dba   0x00000002   PAD
    0x00006dbc   0x0000002c   Code   RO         5491    i._Z8OnRxDonev      COT-M_SDK_RF_LIB.lib(cot_mac.o)
    0x00006de8   0x0000002c   Code   RO         5492    i._Z8OnTxDonev      COT-M_SDK_RF_LIB.lib(cot_mac.o)
    0x00006e14   0x0000002c   Code   RO         5493    i._Z9OnRxError14IrqErrorCode_t  COT-M_SDK_RF_LIB.lib(cot_mac.o)
    0x00006e40   0x00000038   Code   RO         6115    i._ZN6SX128010GetPayloadEPhS0_h  COT-M_SDK_RF_LIB.lib(sx1280.o)
    0x00006e78   0x0000006c   Code   RO         6116    i._ZN6SX128010SetCrcSeedEPh  COT-M_SDK_RF_LIB.lib(sx1280.o)
    0x00006ee4   0x00000020   Code   RO         6117    i._ZN6SX128010SetPayloadEPhhh  COT-M_SDK_RF_LIB.lib(sx1280.o)
    0x00006f04   0x00000028   Code   RO         6118    i._ZN6SX128010SetStandbyE19RadioStandbyModes_t  COT-M_SDK_RF_LIB.lib(sx1280.o)
    0x00006f2c   0x00000026   Code   RO         6119    i._ZN6SX128011GetRssiInstEv  COT-M_SDK_RF_LIB.lib(sx1280.o)
    0x00006f52   0x00000298   Code   RO         6120    i._ZN6SX128011ProcessIrqsEv  COT-M_SDK_RF_LIB.lib(sx1280.o)
    0x000071ea   0x00000024   Code   RO         6121    i._ZN6SX128011SendPayloadEPhh10TickTime_sh  COT-M_SDK_RF_LIB.lib(sx1280.o)
    0x0000720e   0x000000ac   Code   RO         6122    i._ZN6SX128011SetSyncWordEhPh  COT-M_SDK_RF_LIB.lib(sx1280.o)
    0x000072ba   0x00000026   Code   RO         6123    i._ZN6SX128011SetTxParamsEa16RadioRampTimes_t  COT-M_SDK_RF_LIB.lib(sx1280.o)
    0x000072e0   0x0000001a   Code   RO         6124    i._ZN6SX128011complement2Ejh  COT-M_SDK_RF_LIB.lib(sx1280.o)
    0x000072fa   0x00000020   Code   RO         6125    i._ZN6SX128012GetIrqStatusEv  COT-M_SDK_RF_LIB.lib(sx1280.o)
    0x0000731a   0x0000003c   Code   RO         6127    i._ZN6SX128013GetPacketTypeEb  COT-M_SDK_RF_LIB.lib(sx1280.o)
    0x00007356   0x0000001c   Code   RO         6128    i._ZN6SX128013SetPacketTypeE18RadioPacketTypes_t  COT-M_SDK_RF_LIB.lib(sx1280.o)
    0x00007372   0x00000022   Code   RO         6129    i._ZN6SX128014ClearIrqStatusEt  COT-M_SDK_RF_LIB.lib(sx1280.o)
    0x00007394   0x00000018   Code   RO         6131    i._ZN6SX128014SetRangingRoleE19RadioRangingRoles_t  COT-M_SDK_RF_LIB.lib(sx1280.o)
    0x000073ac   0x00000094   Code   RO         6132    i._ZN6SX128014SetRfFrequencyEj  COT-M_SDK_RF_LIB.lib(sx1280.o)
    0x00007440   0x00000014   Code   RO         6134    i._ZN6SX128014SetSaveContextEv  COT-M_SDK_RF_LIB.lib(sx1280.o)
    0x00007454   0x0000025e   Code   RO         6135    i._ZN6SX128015GetPacketStatusEP14PacketStatus_t  COT-M_SDK_RF_LIB.lib(sx1280.o)
    0x000076b2   0x00000058   Code   RO         6136    i._ZN6SX128015SetDioIrqParamsEtttt  COT-M_SDK_RF_LIB.lib(sx1280.o)
    0x0000770a   0x00000114   Code   RO         6138    i._ZN6SX128015SetPacketParamsEP14PacketParams_t  COT-M_SDK_RF_LIB.lib(sx1280.o)
    0x0000781e   0x00000002   PAD
    0x00007820   0x00000040   Code   RO         6140    i._ZN6SX128016GetLoRaBandwidthEv  COT-M_SDK_RF_LIB.lib(sx1280.o)
    0x00007860   0x00000174   Code   RO         6141    i._ZN6SX128016GetRangingResultE25RadioRangingResultTypes_t  COT-M_SDK_RF_LIB.lib(sx1280.o)
    0x000079d4   0x0000003c   Code   RO         6142    i._ZN6SX128016SetCrcPolynomialEt  COT-M_SDK_RF_LIB.lib(sx1280.o)
    0x00007a10   0x00000014   Code   RO         6144    i._ZN6SX128016SetRegulatorModeE21RadioRegulatorModes_t  COT-M_SDK_RF_LIB.lib(sx1280.o)
    0x00007a24   0x0000012c   Code   RO         6146    i._ZN6SX128017GetFrequencyErrorEv  COT-M_SDK_RF_LIB.lib(sx1280.o)
    0x00007b50   0x00000054   Code   RO         6147    i._ZN6SX128017GetRxBufferStatusEPhS0_  COT-M_SDK_RF_LIB.lib(sx1280.o)
    0x00007ba4   0x000000b2   Code   RO         6151    i._ZN6SX128019SetModulationParamsEP18ModulationParams_t  COT-M_SDK_RF_LIB.lib(sx1280.o)
    0x00007c56   0x00000036   Code   RO         6154    i._ZN6SX128021SetRangingCalibrationEt  COT-M_SDK_RF_LIB.lib(sx1280.o)
    0x00007c8c   0x00000020   Code   RO         6155    i._ZN6SX128022SetBufferBaseAddressesEhh  COT-M_SDK_RF_LIB.lib(sx1280.o)
    0x00007cac   0x00000042   Code   RO         6156    i._ZN6SX128023SetDeviceRangingAddressEj  COT-M_SDK_RF_LIB.lib(sx1280.o)
    0x00007cee   0x00000042   Code   RO         6159    i._ZN6SX128024SetRangingRequestAddressEj  COT-M_SDK_RF_LIB.lib(sx1280.o)
    0x00007d30   0x00000022   Code   RO         6162    i._ZN6SX12804InitEv  COT-M_SDK_RF_LIB.lib(sx1280.o)
    0x00007d52   0x00000056   Code   RO         6164    i._ZN6SX12805SetRxE10TickTime_s  COT-M_SDK_RF_LIB.lib(sx1280.o)
    0x00007da8   0x00000056   Code   RO         6165    i._ZN6SX12805SetTxE10TickTime_s  COT-M_SDK_RF_LIB.lib(sx1280.o)
    0x00007dfe   0x0000001a   Code   RO         6167    i._ZN6SX12808OnDioIrqEv  COT-M_SDK_RF_LIB.lib(sx1280.o)
    0x00007e18   0x00000048   Code   RO         6168    i._ZN6SX12808SetSleepE13SleepParams_t  COT-M_SDK_RF_LIB.lib(sx1280.o)
    0x00007e60   0x0000005c   Code   RO         6711    i._ZN6SX1280C2EP16RadioCallbacks_t  COT-M_SDK_RF_LIB.lib(sx1280-hal.o)
    0x00007ebc   0x00000066   Code   RO         6562    i._ZN9SX1280Hal10ReadBufferEhPhh  COT-M_SDK_RF_LIB.lib(sx1280-hal.o)
    0x00007f22   0x00000032   Code   RO         6563    i._ZN9SX1280Hal10WaitOnBusyEv  COT-M_SDK_RF_LIB.lib(sx1280-hal.o)
    0x00007f54   0x00000060   Code   RO         6564    i._ZN9SX1280Hal11ReadCommandE15RadioCommands_uPht  COT-M_SDK_RF_LIB.lib(sx1280-hal.o)
    0x00007fb4   0x0000005c   Code   RO         6566    i._ZN9SX1280Hal11WriteBufferEhPhh  COT-M_SDK_RF_LIB.lib(sx1280-hal.o)
    0x00008010   0x0000001a   Code   RO         6569    i._ZN9SX1280Hal12ReadRegisterEt  COT-M_SDK_RF_LIB.lib(sx1280-hal.o)
    0x0000802a   0x00000076   Code   RO         6570    i._ZN9SX1280Hal12ReadRegisterEtPht  COT-M_SDK_RF_LIB.lib(sx1280-hal.o)
    0x000080a0   0x00000052   Code   RO         6571    i._ZN9SX1280Hal12WriteCommandE15RadioCommands_uPht  COT-M_SDK_RF_LIB.lib(sx1280-hal.o)
    0x000080f2   0x0000006c   Code   RO         6572    i._ZN9SX1280Hal13WriteRegisterEtPht  COT-M_SDK_RF_LIB.lib(sx1280-hal.o)
    0x0000815e   0x00000016   Code   RO         6573    i._ZN9SX1280Hal13WriteRegisterEth  COT-M_SDK_RF_LIB.lib(sx1280-hal.o)
    0x00008174   0x0000005a   Code   RO         6575    i._ZN9SX1280Hal5ResetEv  COT-M_SDK_RF_LIB.lib(sx1280-hal.o)
    0x000081ce   0x0000004c   Code   RO         6576    i._ZN9SX1280Hal6WakeupEv  COT-M_SDK_RF_LIB.lib(sx1280-hal.o)
    0x0000821a   0x00000002   PAD
    0x0000821c   0x00000068   Code   RO         6577    i._ZN9SX1280Hal7HalInitEv  COT-M_SDK_RF_LIB.lib(sx1280-hal.o)
    0x00008284   0x00000028   Code   RO         6580    i._ZN9SX1280Hal8HalSleepEv  COT-M_SDK_RF_LIB.lib(sx1280-hal.o)
    0x000082ac   0x00000002   Code   RO         6582    i._ZN9SX1280Hal9IoIrqInitEM6SX1280FvvE  COT-M_SDK_RF_LIB.lib(sx1280-hal.o)
    0x000082ae   0x00000002   PAD
    0x000082b0   0x0000001c   Code   RO         6583    i._ZN9SX1280HalC1EP16RadioCallbacks_t  COT-M_SDK_RF_LIB.lib(sx1280-hal.o)
    0x000082cc   0x0000000e   Code   RO         6585    i._ZN9SX1280HalD1Ev  COT-M_SDK_RF_LIB.lib(sx1280-hal.o)
    0x000082da   0x00000034   Code   RO         5891    i._ZSt3powdi        COT-M_SDK_RANGING_LIB.lib(cot_ranging.o)
    0x0000830e   0x00000018   Code   RO         5725    i._ZSt4ceilf        COT-M_SDK_RF_LIB.lib(cot_mac.o)
    0x00008326   0x00000030   Code   RO         7630    i.__ARM_fpclassify  m_wm.l(fpclassify.o)
    0x00008356   0x00000032   Code   RO         7334    i.__aeabi_atexit    cpprt_w.l(aeabi_atexit.o)
    0x00008388   0x00000042   Code   RO         7585    i.__cxa_finalize    cpprt_w.l(cxa_finalize.o)
    0x000083ca   0x00000006   Code   RO         7225    i.__cxa_pure_virtual  cpprt_w.l(pure_virt.o)
    0x000083d0   0x00000118   Code   RO         7371    i.__hardfp_ceil     m_wm.l(ceil.o)
    0x000084e8   0x0000006c   Code   RO         7377    i.__hardfp_ceilf    m_wm.l(ceilf.o)
    0x00008554   0x00000004   PAD
    0x00008558   0x00000118   Code   RO         7403    i.__hardfp_floor    m_wm.l(floor.o)
    0x00008670   0x00000c38   Code   RO         7409    i.__hardfp_pow      m_wm.l(pow.o)
    0x000092a8   0x000000f8   Code   RO         7632    i.__kernel_poly     m_wm.l(poly.o)
    0x000093a0   0x00000030   Code   RO         7616    i.__mathlib_dbl_divzero  m_wm.l(dunder.o)
    0x000093d0   0x00000014   Code   RO         7618    i.__mathlib_dbl_infnan2  m_wm.l(dunder.o)
    0x000093e4   0x00000004   PAD
    0x000093e8   0x00000020   Code   RO         7619    i.__mathlib_dbl_invalid  m_wm.l(dunder.o)
    0x00009408   0x00000020   Code   RO         7620    i.__mathlib_dbl_overflow  m_wm.l(dunder.o)
    0x00009428   0x00000020   Code   RO         7622    i.__mathlib_dbl_underflow  m_wm.l(dunder.o)
    0x00009448   0x00000028   Code   RO         5494    i.__sti___11_cot_mac_cpp_be55acdf  COT-M_SDK_RF_LIB.lib(cot_mac.o)
    0x00009470   0x00000034   Code   RO          396    i.__sti___30_sample_multiple_anchor_app_cpp_num  sample_multiple_anchor_app.o
    0x000094a4   0x00000042   Code   RO         6073    i._byteswap64       algorithm lib.lib(sha256.o)
    0x000094e6   0x0000000e   Code   RO         7170    i._is_digit         c_w.l(__printf_wp.o)
    0x000094f4   0x000000a0   Code   RO         3220    i.adc_disable       adc.o
    0x00009594   0x000000b8   Code   RO         3221    i.adc_enable        adc.o
    0x0000964c   0x00000064   Code   RO         3223    i.am_adc_isr        adc.o
    0x000096b0   0x00000026   Code   RO         3470    i.am_bsp_low_power_init  am_bsp.o
    0x000096d6   0x0000000a   Code   RO         3141    i.am_clkgen_isr     rtc.o
    0x000096e0   0x0000000e   Code   RO         2520    i.am_ctimer_isr     hal_timers.o
    0x000096ee   0x000000e0   Code   RO         2869    i.am_gpio_isr       gpio.o
    0x000097ce   0x00000002   PAD
    0x000097d0   0x00000090   Code   RO         3512    i.am_hal_adc_config  am_hal_adc.o
    0x00009860   0x00000014   Code   RO         3513    i.am_hal_adc_disable  am_hal_adc.o
    0x00009874   0x00000014   Code   RO         3514    i.am_hal_adc_enable  am_hal_adc.o
    0x00009888   0x00000034   Code   RO         3515    i.am_hal_adc_fifo_read  am_hal_adc.o
    0x000098bc   0x00000018   Code   RO         3518    i.am_hal_adc_int_enable  am_hal_adc.o
    0x000098d4   0x00000014   Code   RO         3522    i.am_hal_adc_slot_config  am_hal_adc.o
    0x000098e8   0x0000000c   Code   RO         3524    i.am_hal_adc_trigger  am_hal_adc.o
    0x000098f4   0x00000010   Code   RO         3630    i.am_hal_clkgen_osc_start  am_hal_clkgen.o
    0x00009904   0x00000010   Code   RO         3631    i.am_hal_clkgen_osc_stop  am_hal_clkgen.o
    0x00009914   0x00000060   Code   RO         3632    i.am_hal_clkgen_sysclk_get  am_hal_clkgen.o
    0x00009974   0x00000012   Code   RO         3633    i.am_hal_clkgen_sysclk_select  am_hal_clkgen.o
    0x00009986   0x00000002   PAD
    0x00009988   0x00000018   Code   RO         3719    i.am_hal_ctimer_clear  am_hal_ctimer.o
    0x000099a0   0x00000028   Code   RO         3721    i.am_hal_ctimer_config  am_hal_ctimer.o
    0x000099c8   0x0000000c   Code   RO         3723    i.am_hal_ctimer_int_clear  am_hal_ctimer.o
    0x000099d4   0x00000018   Code   RO         3724    i.am_hal_ctimer_int_disable  am_hal_ctimer.o
    0x000099ec   0x00000018   Code   RO         3725    i.am_hal_ctimer_int_enable  am_hal_ctimer.o
    0x00009a04   0x00000094   Code   RO         3731    i.am_hal_ctimer_period_set  am_hal_ctimer.o
    0x00009a98   0x00000020   Code   RO         3736    i.am_hal_ctimer_start  am_hal_ctimer.o
    0x00009ab8   0x00000018   Code   RO         3737    i.am_hal_ctimer_stop  am_hal_ctimer.o
    0x00009ad0   0x00000004   Code   RO         3856    i.am_hal_debug_error  am_hal_debug.o
    0x00009ad4   0x00000018   Code   RO         3870    i.am_hal_flash_load_ui32  am_hal_flash.o
    0x00009aec   0x0000001c   Code   RO         3873    i.am_hal_flash_page_erase  am_hal_flash.o
    0x00009b08   0x00000024   Code   RO         3874    i.am_hal_flash_program_main  am_hal_flash.o
    0x00009b2c   0x00000014   Code   RO         3951    i.am_hal_gpio_int_clear  am_hal_gpio.o
    0x00009b40   0x00000024   Code   RO         3952    i.am_hal_gpio_int_disable  am_hal_gpio.o
    0x00009b64   0x00000024   Code   RO         3953    i.am_hal_gpio_int_enable  am_hal_gpio.o
    0x00009b88   0x00000064   Code   RO         3956    i.am_hal_gpio_int_register  am_hal_gpio.o
    0x00009bec   0x00000054   Code   RO         3957    i.am_hal_gpio_int_service  am_hal_gpio.o
    0x00009c40   0x0000004c   Code   RO         3959    i.am_hal_gpio_int_status_get  am_hal_gpio.o
    0x00009c8c   0x0000005c   Code   RO         4085    i.am_hal_interrupt_disable  am_hal_interrupt.o
    0x00009ce8   0x0000005c   Code   RO         4086    i.am_hal_interrupt_enable  am_hal_interrupt.o
    0x00009d44   0x00000160   Code   RO         4125    i.am_hal_iom_config  am_hal_iom.o
    0x00009ea4   0x00000090   Code   RO         4126    i.am_hal_iom_disable  am_hal_iom.o
    0x00009f34   0x00000090   Code   RO         4127    i.am_hal_iom_enable  am_hal_iom.o
    0x00009fc4   0x0000002c   Code   RO         4129    i.am_hal_iom_fifo_empty_slots  am_hal_iom.o
    0x00009ff0   0x00000024   Code   RO         4130    i.am_hal_iom_fifo_full_slots  am_hal_iom.o
    0x0000a014   0x000000dc   Code   RO         4131    i.am_hal_iom_fifo_read  am_hal_iom.o
    0x0000a0f0   0x000000a8   Code   RO         4132    i.am_hal_iom_fifo_write  am_hal_iom.o
    0x0000a198   0x00000018   Code   RO         4147    i.am_hal_iom_poll_complete  am_hal_iom.o
    0x0000a1b0   0x000000ec   Code   RO         4153    i.am_hal_iom_queue_spi_read  am_hal_iom.o
    0x0000a29c   0x000000ec   Code   RO         4154    i.am_hal_iom_queue_spi_write  am_hal_iom.o
    0x0000a388   0x00000048   Code   RO         4156    i.am_hal_iom_sleeping_queue_flush  am_hal_iom.o
    0x0000a3d0   0x0000008c   Code   RO         4157    i.am_hal_iom_spi_cmd_run  am_hal_iom.o
    0x0000a45c   0x00000114   Code   RO         4158    i.am_hal_iom_spi_read  am_hal_iom.o
    0x0000a570   0x00000158   Code   RO         4159    i.am_hal_iom_spi_read_nb  am_hal_iom.o
    0x0000a6c8   0x000001bc   Code   RO         4160    i.am_hal_iom_spi_read_nq  am_hal_iom.o
    0x0000a884   0x000000ec   Code   RO         4161    i.am_hal_iom_spi_write  am_hal_iom.o
    0x0000a970   0x0000016c   Code   RO         4162    i.am_hal_iom_spi_write_nb  am_hal_iom.o
    0x0000aadc   0x000001bc   Code   RO         4163    i.am_hal_iom_spi_write_nq  am_hal_iom.o
    0x0000ac98   0x00000010   Code   RO         4693    i.am_hal_mcuctrl_bandgap_disable  am_hal_mcuctrl.o
    0x0000aca8   0x0000000c   Code   RO         4694    i.am_hal_mcuctrl_bandgap_enable  am_hal_mcuctrl.o
    0x0000acb4   0x00000038   Code   RO         4696    i.am_hal_mcuctrl_bucks_enable  am_hal_mcuctrl.o
    0x0000acec   0x000000e4   Code   RO         4697    i.am_hal_mcuctrl_device_info_get  am_hal_mcuctrl.o
    0x0000add0   0x00000040   Code   RO         4700    i.am_hal_mcuctrl_fault_status  am_hal_mcuctrl.o
    0x0000ae10   0x00000066   Code   RO         4802    i.am_hal_queue_item_add  am_hal_queue.o
    0x0000ae76   0x000000ac   Code   RO         4863    i.am_hal_rtc_alarm_set  am_hal_rtc.o
    0x0000af22   0x00000002   PAD
    0x0000af24   0x0000000c   Code   RO         4864    i.am_hal_rtc_int_clear  am_hal_rtc.o
    0x0000af30   0x00000014   Code   RO         4865    i.am_hal_rtc_int_disable  am_hal_rtc.o
    0x0000af44   0x00000014   Code   RO         4866    i.am_hal_rtc_int_enable  am_hal_rtc.o
    0x0000af58   0x00000012   Code   RO         4870    i.am_hal_rtc_osc_disable  am_hal_rtc.o
    0x0000af6a   0x00000012   Code   RO         4871    i.am_hal_rtc_osc_enable  am_hal_rtc.o
    0x0000af7c   0x00000026   Code   RO         4872    i.am_hal_rtc_osc_select  am_hal_rtc.o
    0x0000afa2   0x0000008a   Code   RO         4874    i.am_hal_rtc_time_get  am_hal_rtc.o
    0x0000b02c   0x000000b8   Code   RO         4875    i.am_hal_rtc_time_set  am_hal_rtc.o
    0x0000b0e4   0x00000040   Code   RO         4972    i.am_hal_sysctrl_sleep  am_hal_sysctrl.o
    0x0000b124   0x00000012   Code   RO         5018    i.am_hal_systick_int_enable  am_hal_systick.o
    0x0000b136   0x00000008   Code   RO         5020    i.am_hal_systick_load  am_hal_systick.o
    0x0000b13e   0x00000012   Code   RO         5022    i.am_hal_systick_start  am_hal_systick.o
    0x0000b150   0x00000012   Code   RO         5023    i.am_hal_systick_stop  am_hal_systick.o
    0x0000b162   0x00000002   PAD
    0x0000b164   0x00000034   Code   RO         5147    i.am_hal_uart_char_receive_buffered  am_hal_uart.o
    0x0000b198   0x00000034   Code   RO         5149    i.am_hal_uart_char_transmit_buffered  am_hal_uart.o
    0x0000b1cc   0x00000024   Code   RO         5151    i.am_hal_uart_clock_disable  am_hal_uart.o
    0x0000b1f0   0x0000002c   Code   RO         5152    i.am_hal_uart_clock_enable  am_hal_uart.o
    0x0000b21c   0x00000058   Code   RO         5153    i.am_hal_uart_config  am_hal_uart.o
    0x0000b274   0x00000014   Code   RO         5154    i.am_hal_uart_disable  am_hal_uart.o
    0x0000b288   0x00000014   Code   RO         5155    i.am_hal_uart_enable  am_hal_uart.o
    0x0000b29c   0x00000018   Code   RO         5156    i.am_hal_uart_fifo_config  am_hal_uart.o
    0x0000b2b4   0x0000000c   Code   RO         5157    i.am_hal_uart_flags_get  am_hal_uart.o
    0x0000b2c0   0x00000040   Code   RO         5159    i.am_hal_uart_init_buffered  am_hal_uart.o
    0x0000b300   0x0000000c   Code   RO         5160    i.am_hal_uart_int_clear  am_hal_uart.o
    0x0000b30c   0x00000010   Code   RO         5162    i.am_hal_uart_int_enable  am_hal_uart.o
    0x0000b31c   0x00000014   Code   RO         5164    i.am_hal_uart_int_status_get  am_hal_uart.o
    0x0000b330   0x0000000a   Code   RO         5166    i.am_hal_uart_ring_buffer_space_left  am_hal_uart.o
    0x0000b33a   0x00000002   PAD
    0x0000b33c   0x0000006c   Code   RO         5167    i.am_hal_uart_service_buffered  am_hal_uart.o
    0x0000b3a8   0x0000000c   Code   RO         5321    i.am_hal_vcomp_disable  am_hal_vcomp.o
    0x0000b3b4   0x0000002c   Code   RO         5025    i.am_systick_isr    am_hal_systick.o
    0x0000b3e0   0x0000001e   Code   RO         2578    i.am_uart_isr       uart.o
    0x0000b3fe   0x0000001c   Code   RO         2001    i.am_util_delay_ms  am_util_delay.o
    0x0000b41a   0x00000002   PAD
    0x0000b41c   0x00000020   Code   RO         2002    i.am_util_delay_us  am_util_delay.o
    0x0000b43c   0x000004e4   Code   RO         2035    i.am_util_faultisr_collect_data  am_util_faultisr.o
    0x0000b920   0x00000030   Code   RO         2219    i.am_util_stdio_printf  am_util_stdio.o
    0x0000b950   0x0000000c   Code   RO         2220    i.am_util_stdio_printf_init  am_util_stdio.o
    0x0000b95c   0x000003b4   Code   RO         2225    i.am_util_stdio_vsprintf  am_util_stdio.o
    0x0000bd10   0x0000011c   Code   RO          661    i.base64Decode      base64.o
    0x0000be2c   0x000000f8   Code   RO          662    i.base64Encode      base64.o
    0x0000bf24   0x00000014   Code   RO         4876    i.bcd_to_dec        am_hal_rtc.o
    0x0000bf38   0x0000001c   Code   RO          600    i.calculate_lrc     cot_mt_uart.o
    0x0000bf54   0x00000018   Code   RO         5947    i.close             COT-M_SDK_VFS_LIB.lib(vfs.o)
    0x0000bf6c   0x0000003c   Code   RO         5171    i.config_baudrate   am_hal_uart.o
    0x0000bfa8   0x0000004c   Code   RO         3224    i.configure_adc_slot  adc.o
    0x0000bff4   0x000000c4   Code   RO         2762    i.configure_pins    spi.o
    0x0000c0b8   0x000000e8   Code   RO         3409    i.configure_pins1   spi1.o
    0x0000c1a0   0x0000008c   Code   RO          737    i.cot_key1_isr      cot_mt_key.o
    0x0000c22c   0x0000008c   Code   RO          738    i.cot_key2_isr      cot_mt_key.o
    0x0000c2b8   0x0000008c   Code   RO          739    i.cot_key3_isr      cot_mt_key.o
    0x0000c344   0x0000008c   Code   RO          740    i.cot_key4_isr      cot_mt_key.o
    0x0000c3d0   0x0000008c   Code   RO          741    i.cot_key5_isr      cot_mt_key.o
    0x0000c45c   0x00000138   Code   RO          836    i.cot_led_on_off    cot_mt_led.o
    0x0000c594   0x00000060   Code   RO          744    i.cot_mt_key_callback  cot_mt_key.o
    0x0000c5f4   0x00000260   Code   RO          745    i.cot_mt_key_config  cot_mt_key.o
    0x0000c854   0x00000150   Code   RO          746    i.cot_mt_key_init   cot_mt_key.o
    0x0000c9a4   0x000001cc   Code   RO          747    i.cot_mt_key_poll   cot_mt_key.o
    0x0000cb70   0x0000004c   Code   RO          748    i.cot_mt_key_send_keys  cot_mt_key.o
    0x0000cbbc   0x000000d0   Code   RO          837    i.cot_mt_led_blink  cot_mt_led.o
    0x0000cc8c   0x00000024   Code   RO          841    i.cot_mt_led_init   cot_mt_led.o
    0x0000ccb0   0x00000088   Code   RO          842    i.cot_mt_led_set    cot_mt_led.o
    0x0000cd38   0x0000016c   Code   RO          843    i.cot_mt_led_update  cot_mt_led.o
    0x0000cea4   0x00000030   Code   RO          915    i.cot_mt_oled_init  cot_mt_oled.o
    0x0000ced4   0x0000007e   Code   RO          522    i.cot_mt_process_event  cot_mt_task.o
    0x0000cf52   0x00000002   PAD
    0x0000cf54   0x0000030c   Code   RO          523    i.cot_mt_process_incoming_command  cot_mt_task.o
    0x0000d260   0x00000190   Code   RO          601    i.cot_mt_uart_data_process  cot_mt_uart.o
    0x0000d3f0   0x0000002c   Code   RO          602    i.cot_mt_uart_disable  cot_mt_uart.o
    0x0000d41c   0x0000002c   Code   RO          603    i.cot_mt_uart_enable  cot_mt_uart.o
    0x0000d448   0x000000ac   Code   RO          605    i.cot_mt_uart_transport_out  cot_mt_uart.o
    0x0000d4f4   0x00000810   Code   RO         5841    i.cot_ranging       COT-M_SDK_RANGING_LIB.lib(cot_ranging.o)
    0x0000dd04   0x00000028   Code   RO         5842    i.cot_ranging_send_next_pkg  COT-M_SDK_RANGING_LIB.lib(cot_ranging.o)
    0x0000dd2c   0x0000001a   Code   RO         4877    i.dec_to_bcd        am_hal_rtc.o
    0x0000dd46   0x00000042   Code   RO         2226    i.decstr_to_int     am_util_stdio.o
    0x0000dd88   0x000000cc   Code   RO         2227    i.divu64_10         am_util_stdio.o
    0x0000de54   0x00000018   Code   RO         7399    i.fabs              m_wm.l(fabs.o)
    0x0000de6c   0x00000154   Code   RO         2228    i.ftoa              am_util_stdio.o
    0x0000dfc0   0x0000000c   Code   RO          749    i.get_cot_mt_key_int_enadble_status  cot_mt_key.o
    0x0000dfcc   0x0000000c   Code   RO          524    i.get_mt_task_id    cot_mt_task.o
    0x0000dfd8   0x0000000c   Code   RO          397    i.get_sample_task_id  sample_multiple_anchor_app.o
    0x0000dfe4   0x0000002a   Code   RO         2870    i.gpio_init_module  gpio.o
    0x0000e00e   0x00000002   PAD
    0x0000e010   0x00000038   Code   RO         3292    i.hal_sleep         sleep.o
    0x0000e048   0x00000014   Code   RO         3334    i.iic0_config       iic.o
    0x0000e05c   0x00000060   Code   RO         3335    i.iic0_disable      iic.o
    0x0000e0bc   0x00000068   Code   RO         3336    i.iic0_init         iic.o
    0x0000e124   0x0000000a   Code   RO         3337    i.iic_init_module   iic.o
    0x0000e12e   0x00000002   PAD
    0x0000e130   0x00000038   Code   RO         2871    i.init_config_key1_gpio  gpio.o
    0x0000e168   0x00000038   Code   RO         2872    i.init_config_key2_gpio  gpio.o
    0x0000e1a0   0x00000038   Code   RO         2873    i.init_config_key3_gpio  gpio.o
    0x0000e1d8   0x00000038   Code   RO         2874    i.init_config_key4_gpio  gpio.o
    0x0000e210   0x00000038   Code   RO         2875    i.init_config_key5_gpio  gpio.o
    0x0000e248   0x00000044   Code   RO         2876    i.init_config_led1_gpio  gpio.o
    0x0000e28c   0x00000044   Code   RO         2877    i.init_config_led2_gpio  gpio.o
    0x0000e2d0   0x00000044   Code   RO         2878    i.init_config_led3_gpio  gpio.o
    0x0000e314   0x00000014   Code   RO         2763    i.init_config_spi   spi.o
    0x0000e328   0x00000014   Code   RO         3410    i.init_config_spi1  spi1.o
    0x0000e33c   0x00000104   Code   RO         2879    i.init_config_sx1280_gpio  gpio.o
    0x0000e440   0x0000002c   Code   RO         2579    i.init_config_usart1  uart.o
    0x0000e46c   0x00000028   Code   RO         4165    i.internal_am_hal_iom_spi_cmd_construct  am_hal_iom.o
    0x0000e494   0x00000032   Code   RO         5949    i.ioctl             COT-M_SDK_VFS_LIB.lib(vfs.o)
    0x0000e4c6   0x00000038   Code   RO         5950    i.irq_handler_register  COT-M_SDK_VFS_LIB.lib(vfs.o)
    0x0000e4fe   0x00000002   PAD
    0x0000e500   0x00000010   Code   RO          686    i.log_init_module   log.o
    0x0000e510   0x0000000c   Code   RO          687    i.log_printf        log.o
    0x0000e51c   0x00000044   Code   RO          689    i.log_uart_print    log.o
    0x0000e560   0x00000030   Code   RO         5951    i.lseek             COT-M_SDK_VFS_LIB.lib(vfs.o)
    0x0000e590   0x00000040   Code   RO           79    i.main              sample_main.o
    0x0000e5d0   0x000001a0   Code   RO         6884    i.mpi_add_abs       algorithm lib.lib(bignum.o)
    0x0000e770   0x0000006a   Code   RO         6886    i.mpi_add_mpi       algorithm lib.lib(bignum.o)
    0x0000e7da   0x0000005a   Code   RO         6887    i.mpi_cmp_abs       algorithm lib.lib(bignum.o)
    0x0000e834   0x00000024   Code   RO         6888    i.mpi_cmp_int       algorithm lib.lib(bignum.o)
    0x0000e858   0x0000003c   Code   RO         6889    i.mpi_cmp_mpi       algorithm lib.lib(bignum.o)
    0x0000e894   0x000000ae   Code   RO         6890    i.mpi_decode        algorithm lib.lib(bignum.o)
    0x0000e942   0x0000065c   Code   RO         6892    i.mpi_div_mpi       algorithm lib.lib(bignum.o)
    0x0000ef9e   0x00000056   Code   RO         6893    i.mpi_encode        algorithm lib.lib(bignum.o)
    0x0000eff4   0x000004da   Code   RO         6894    i.mpi_exp_mod       algorithm lib.lib(bignum.o)
    0x0000f4ce   0x0000000e   Code   RO         6899    i.mpi_lset          algorithm lib.lib(bignum.o)
    0x0000f4dc   0x0000006a   Code   RO         6901    i.mpi_mod_mpi       algorithm lib.lib(bignum.o)
    0x0000f546   0x00000308   Code   RO         6902    i.mpi_montg_calculrr  algorithm lib.lib(bignum.o)
    0x0000f84e   0x0000003c   Code   RO         6903    i.mpi_montg_init    algorithm lib.lib(bignum.o)
    0x0000f88a   0x000016d4   Code   RO         6904    i.mpi_montmul       algorithm lib.lib(bignum.o)
    0x00010f5e   0x0000002a   Code   RO         6905    i.mpi_montred       algorithm lib.lib(bignum.o)
    0x00010f88   0x00000046   Code   RO         6906    i.mpi_msb           algorithm lib.lib(bignum.o)
    0x00010fce   0x000000c0   Code   RO         6907    i.mpi_mul_int       algorithm lib.lib(bignum.o)
    0x0001108e   0x000000d2   Code   RO         6909    i.mpi_shift_l       algorithm lib.lib(bignum.o)
    0x00011160   0x000000ec   Code   RO         6910    i.mpi_shift_r       algorithm lib.lib(bignum.o)
    0x0001124c   0x000000e8   Code   RO         6912    i.mpi_sub_abs       algorithm lib.lib(bignum.o)
    0x00011334   0x00000064   Code   RO         6913    i.mpi_sub_hlp       algorithm lib.lib(bignum.o)
    0x00011398   0x00000070   Code   RO         6915    i.mpi_sub_mpi       algorithm lib.lib(bignum.o)
    0x00011408   0x00000020   Code   RO          525    i.mt_task_init      cot_mt_task.o
    0x00011428   0x00000034   Code   RO         2229    i.ndigits_in_hex    am_util_stdio.o
    0x0001145c   0x00000024   Code   RO         2230    i.ndigits_in_i64    am_util_stdio.o
    0x00011480   0x0000003a   Code   RO         2231    i.ndigits_in_u64    am_util_stdio.o
    0x000114ba   0x00000002   PAD
    0x000114bc   0x00000044   Code   RO         5952    i.open              COT-M_SDK_VFS_LIB.lib(vfs.o)
    0x00011500   0x0000005c   Code   RO         1811    i.osalAddTimer      osal_time.o
    0x0001155c   0x00000008   Code   RO         1812    i.osalDeleteTimer   osal_time.o
    0x00011564   0x00000024   Code   RO         1813    i.osalFindTimer     osal_time.o
    0x00011588   0x00000038   Code   RO           13    i.osalInitTasks     osal_sample.o
    0x000115c0   0x00000018   Code   RO         1457    i.osalTimeUpdate    osal.o
    0x000115d8   0x00000014   Code   RO         1814    i.osalTimerInit     osal_time.o
    0x000115ec   0x000000ac   Code   RO         1815    i.osalTimerUpdate   osal_time.o
    0x00011698   0x00000048   Code   RO         1460    i.osal_clear_event  osal.o
    0x000116e0   0x0000000c   Code   RO         1760    i.osal_get_system_tick  osal_tick.o
    0x000116ec   0x0000000c   Code   RO         1761    i.osal_get_systick  osal_tick.o
    0x000116f8   0x00000024   Code   RO         1461    i.osal_init_system  osal.o
    0x0001171c   0x00000130   Code   RO         1653    i.osal_mem_alloc    osal_memory.o
    0x0001184c   0x00000058   Code   RO         1654    i.osal_mem_free     osal_memory.o
    0x000118a4   0x00000070   Code   RO         1655    i.osal_mem_init     osal_memory.o
    0x00011914   0x0000002c   Code   RO         1656    i.osal_mem_kick     osal_memory.o
    0x00011940   0x00000014   Code   RO         1467    i.osal_memset       osal.o
    0x00011954   0x0000002c   Code   RO         1468    i.osal_msg_allocate  osal.o
    0x00011980   0x00000026   Code   RO         1469    i.osal_msg_deallocate  osal.o
    0x000119a6   0x00000042   Code   RO         1471    i.osal_msg_enqueue  osal.o
    0x000119e8   0x00000046   Code   RO         1473    i.osal_msg_extract  osal.o
    0x00011a2e   0x00000002   PAD
    0x00011a30   0x00000078   Code   RO         1476    i.osal_msg_receive  osal.o
    0x00011aa8   0x0000005c   Code   RO         1477    i.osal_msg_send     osal.o
    0x00011b04   0x00000014   Code   RO         1715    i.osal_mutex_check  osal_mutex.o
    0x00011b18   0x00000038   Code   RO         1716    i.osal_mutex_create  osal_mutex.o
    0x00011b50   0x00000058   Code   RO         1717    i.osal_mutex_delete  osal_mutex.o
    0x00011ba8   0x0000001a   Code   RO         1718    i.osal_mutex_release  osal_mutex.o
    0x00011bc2   0x0000001a   Code   RO         1719    i.osal_mutex_take   osal_mutex.o
    0x00011bdc   0x0000002c   Code   RO         1819    i.osal_next_timeout  osal_time.o
    0x00011c08   0x0000000c   Code   RO         1899    i.osal_pwrmgr_device  osal_pwrmgr.o
    0x00011c14   0x00000010   Code   RO         1900    i.osal_pwrmgr_init  osal_pwrmgr.o
    0x00011c24   0x00000038   Code   RO         1901    i.osal_pwrmgr_powerconserve  osal_pwrmgr.o
    0x00011c5c   0x00000058   Code   RO         1902    i.osal_pwrmgr_task_state  osal_pwrmgr.o
    0x00011cb4   0x00000048   Code   RO         1480    i.osal_set_event    osal.o
    0x00011cfc   0x000000a8   Code   RO         1481    i.osal_start_system  osal.o
    0x00011da4   0x0000003a   Code   RO         1820    i.osal_start_timerEx  osal_time.o
    0x00011dde   0x0000003a   Code   RO         1821    i.osal_stop_timerEx  osal_time.o
    0x00011e18   0x00000014   Code   RO         1762    i.osal_systick_configuration  osal_tick.o
    0x00011e2c   0x0000000c   Code   RO         1763    i.osal_systick_reset  osal_tick.o
    0x00011e38   0x00000022   Code   RO         2232    i.padbuffer         am_util_stdio.o
    0x00011e5a   0x00000034   Code   RO         5953    i.read              COT-M_SDK_VFS_LIB.lib(vfs.o)
    0x00011e8e   0x00000002   PAD
    0x00011e90   0x00000028   Code   RO         5954    i.register_dev      COT-M_SDK_VFS_LIB.lib(vfs.o)
    0x00011eb8   0x0000000e   Code   RO         5172    i.ring_buffer_init  am_hal_uart.o
    0x00011ec6   0x00000042   Code   RO         5173    i.ring_buffer_read  am_hal_uart.o
    0x00011f08   0x0000004c   Code   RO         5174    i.ring_buffer_write  am_hal_uart.o
    0x00011f54   0x000000fc   Code   RO         6024    i.rsa_public        algorithm lib.lib(rsa.o)
    0x00012050   0x00000014   Code   RO         3142    i.rtc0_config       rtc.o
    0x00012064   0x00000010   Code   RO         3143    i.rtc0_disable      rtc.o
    0x00012074   0x0000003c   Code   RO         3144    i.rtc0_enable       rtc.o
    0x000120b0   0x00000014   Code   RO         3145    i.rtc0_init         rtc.o
    0x000120c4   0x000000a8   Code   RO         3146    i.rtc_alram_time    rtc.o
    0x0001216c   0x0000000a   Code   RO         3147    i.rtc_init_module   rtc.o
    0x00012176   0x00000002   PAD
    0x00012178   0x00000018   Code   RO          398    i.sample_app_init   sample_multiple_anchor_app.o
    0x00012190   0x00000804   Code   RO          399    i.sample_app_processevent  sample_multiple_anchor_app.o
    0x00012994   0x00000018   Code   RO         2233    i.simple_strlen     am_util_stdio.o
    0x000129ac   0x00000010   Code   RO         3411    i.spi1_disable      spi1.o
    0x000129bc   0x0000000a   Code   RO         3412    i.spi1_init_module  spi1.o
    0x000129c6   0x00000002   PAD
    0x000129c8   0x0000008c   Code   RO         2764    i.spi_disable       spi.o
    0x00012a54   0x0000000a   Code   RO         2765    i.spi_init_module   spi.o
    0x00012a5e   0x0000006e   Code   RO         7425    i.sqrt              m_wm.l(sqrt.o)
    0x00012acc   0x0000004c   Code   RO         2522    i.timerA0_start     hal_timers.o
    0x00012b18   0x00000020   Code   RO         2523    i.timerA0_stop      hal_timers.o
    0x00012b38   0x00000074   Code   RO         2580    i.uart_disable      uart.o
    0x00012bac   0x00000094   Code   RO         2581    i.uart_enable       uart.o
    0x00012c40   0x0000000a   Code   RO         2582    i.uart_init_module  uart.o
    0x00012c4a   0x0000008a   Code   RO         2234    i.uint64_to_hexstr  am_util_stdio.o
    0x00012cd4   0x00000070   Code   RO         2235    i.uint64_to_str     am_util_stdio.o
    0x00012d44   0x00000012   Code   RO         2524    i.wait_ms           hal_timers.o
    0x00012d56   0x00000012   Code   RO         2525    i.wait_us           hal_timers.o
    0x00012d68   0x00000034   Code   RO         5955    i.write             COT-M_SDK_VFS_LIB.lib(vfs.o)
    0x00012d9c   0x0000002c   Code   RO         7726    locale$$code        c_w.l(lc_numeric_c.o)
    0x00012dc8   0x00000018   Code   RO         7601    x$fpl$basic         fz_wm.l(basic.o)
    0x00012de0   0x00000062   Code   RO         7337    x$fpl$d2f           fz_wm.l(d2f.o)
    0x00012e42   0x00000002   PAD
    0x00012e44   0x00000150   Code   RO         7339    x$fpl$dadd          fz_wm.l(daddsub_clz.o)
    0x00012f94   0x00000010   Code   RO         7749    x$fpl$dcheck1       fz_wm.l(dcheck1.o)
    0x00012fa4   0x00000018   Code   RO         7603    x$fpl$dcmpinf       fz_wm.l(dcmpi.o)
    0x00012fbc   0x000002b0   Code   RO         7346    x$fpl$ddiv          fz_wm.l(ddiv.o)
    0x0001326c   0x0000005e   Code   RO         7349    x$fpl$dfix          fz_wm.l(dfix.o)
    0x000132ca   0x00000002   PAD
    0x000132cc   0x0000005a   Code   RO         7353    x$fpl$dfixu         fz_wm.l(dfixu.o)
    0x00013326   0x0000002e   Code   RO         7358    x$fpl$dflt          fz_wm.l(dflt_clz.o)
    0x00013354   0x00000026   Code   RO         7357    x$fpl$dfltu         fz_wm.l(dflt_clz.o)
    0x0001337a   0x00000002   PAD
    0x0001337c   0x00000078   Code   RO         7363    x$fpl$dleqf         fz_wm.l(dleqf.o)
    0x000133f4   0x00000154   Code   RO         7365    x$fpl$dmul          fz_wm.l(dmul.o)
    0x00013548   0x0000009c   Code   RO         7605    x$fpl$dnaninf       fz_wm.l(dnaninf.o)
    0x000135e4   0x0000000c   Code   RO         7607    x$fpl$dretinf       fz_wm.l(dretinf.o)
    0x000135f0   0x0000006c   Code   RO         7367    x$fpl$drleqf        fz_wm.l(drleqf.o)
    0x0001365c   0x00000016   Code   RO         7340    x$fpl$drsb          fz_wm.l(daddsub_clz.o)
    0x00013672   0x00000002   PAD
    0x00013674   0x00000198   Code   RO         7609    x$fpl$dsqrt         fz_wm.l(dsqrt_umaal.o)
    0x0001380c   0x000001d4   Code   RO         7341    x$fpl$dsub          fz_wm.l(daddsub_clz.o)
    0x000139e0   0x0000000a   Code   RO         7751    x$fpl$fpinit        fz_wm.l(fpinit.o)
    0x000139ea   0x0000000a   Code   RO         7611    x$fpl$fretinf       fz_wm.l(fretinf.o)
    0x000139f4   0x00000004   Code   RO         7369    x$fpl$printf1       fz_wm.l(printf1.o)
    0x000139f8   0x00000064   Code   RO         7806    x$fpl$retnan        fz_wm.l(retnan.o)
    0x00013a5c   0x0000005c   Code   RO         7613    x$fpl$scalbn        fz_wm.l(scalbn.o)
    0x00013ab8   0x00000030   Code   RO         7827    x$fpl$trapveneer    fz_wm.l(trapv.o)
    0x00013ae8   0x00000000   Code   RO         7615    x$fpl$usenofp       fz_wm.l(usenofp.o)
    0x00013ae8   0x0000000d   Data   RO           15    .constdata          osal_sample.o
    0x00013af5   0x00000cd4   Data   RO          917    .constdata          cot_mt_oled.o
    0x000147c9   0x00000003   PAD
    0x000147cc   0x00000080   Data   RO         1265    .constdata          rfparamconfig.o
    0x0001484c   0x00000080   Data   RO         4703    .constdata          am_hal_mcuctrl.o
    0x000148cc   0x00000004   PAD
    0x000148d0   0x000002c4   Data   RO         5536    .constdata          COT-M_SDK_RF_LIB.lib(cot_mac.o)
    0x00014b94   0x000000b8   Data   RO         5851    .constdata          COT-M_SDK_RANGING_LIB.lib(cot_ranging.o)
    0x00014c4c   0x00000140   Data   RO         6076    .constdata          algorithm lib.lib(sha256.o)
    0x00014d8c   0x00000008   Data   RO         6612    .constdata          COT-M_SDK_RF_LIB.lib(sx1280-hal.o)
    0x00014d94   0x00000138   Data   RO         6794    .constdata          COT-M_SDK_RF_LIB.lib(cot_mac_protocol_parse.o)
    0x00014ecc   0x00000028   Data   RO         7143    .constdata          c_w.l(_printf_hex_int.o)
    0x00014ef4   0x00000004   PAD
    0x00014ef8   0x00000088   Data   RO         7412    .constdata          m_wm.l(pow.o)
    0x00014f80   0x00000008   Data   RO         7634    .constdata          m_wm.l(qnan.o)
    0x00014f88   0x00000094   Data   RO         7701    .constdata          c_w.l(bigflt0.o)
    0x0001501c   0x0000003c   Data   RO         6718    .constdata__ZTV5Radio  COT-M_SDK_RF_LIB.lib(sx1280-hal.o)
    0x00015058   0x0000004c   Data   RO         6528    .constdata__ZTV6SX1280  COT-M_SDK_RF_LIB.lib(sx1280.o)
    0x000150a4   0x00000054   Data   RO         6710    .constdata__ZTV9SX1280Hal  COT-M_SDK_RF_LIB.lib(sx1280-hal.o)
    0x000150f8   0x00000041   Data   RO          663    .conststring        base64.o
    0x00015139   0x00000003   PAD
    0x0001513c   0x00000005   Data   RO         2584    .conststring        uart.o
    0x00015141   0x00000003   PAD
    0x00015144   0x00000006   Data   RO         2715    .conststring        flash.o
    0x0001514a   0x00000002   PAD
    0x0001514c   0x00000005   Data   RO         2766    .conststring        spi.o
    0x00015151   0x00000003   PAD
    0x00015154   0x00000045   Data   RO         2880    .conststring        gpio.o
    0x00015199   0x00000003   PAD
    0x0001519c   0x00000005   Data   RO         3148    .conststring        rtc.o
    0x000151a1   0x00000003   PAD
    0x000151a4   0x00000005   Data   RO         3226    .conststring        adc.o
    0x000151a9   0x00000003   PAD
    0x000151ac   0x00000005   Data   RO         3338    .conststring        iic.o
    0x000151b1   0x00000003   PAD
    0x000151b4   0x00000005   Data   RO         3413    .conststring        spi1.o
    0x000151b9   0x00000003   PAD
    0x000151bc   0x00000071   Data   RO         4167    .conststring        am_hal_iom.o
    0x0001522d   0x00000003   PAD
    0x00015230   0x00000020   Data   RO         7855    Region$$Table       anon$$obj.o
    0x00015250   0x0000001c   Data   RO         7725    locale$$data        c_w.l(lc_numeric_c.o)
    0x0001526c   0x00000004   Data   RO          416    .init_array         sample_multiple_anchor_app.o
    0x00015270   0x00000004   Data   RO         5538    .init_array         COT-M_SDK_RF_LIB.lib(cot_mac.o)
    0x00015274   0x00000000   Data   RO         7217    .init_array         c_w.l(init_aeabi.o)


    Execution Region SRAM (Base: 0x10000000, Size: 0x000047e0, Max: 0x00010000, ABSOLUTE, COMPRESSED[0x00000244])

    Base Addr    Size         Type   Attr      Idx    E Section Name        Object

    0x10000000   0x00000004   Data   RW           16    .data               osal_sample.o
    0x10000004   0x0000002c   Data   RW          415    .data               sample_multiple_anchor_app.o
    0x10000030   0x00000003   Data   RW          526    .data               cot_mt_task.o
    0x10000033   0x00000001   PAD
    0x10000034   0x00000008   Data   RW          607    .data               cot_mt_uart.o
    0x1000003c   0x00000004   Data   RW          664    .data               base64.o
    0x10000040   0x00000009   Data   RW          750    .data               cot_mt_key.o
    0x10000049   0x00000004   Data   RW          845    .data               cot_mt_led.o
    0x1000004d   0x00000003   PAD
    0x10000050   0x00000004   Data   RW         1266    .data               rfparamconfig.o
    0x10000054   0x00000005   Data   RW         1483    .data               osal.o
    0x10000059   0x00000003   PAD
    0x1000005c   0x00000018   Data   RW         1658    .data               osal_memory.o
    0x10000074   0x00000004   Data   RW         1721    .data               osal_mutex.o
    0x10000078   0x00000008   Data   RW         1823    .data               osal_time.o
    0x10000080   0x00000008   Data   RW         1903    .data               osal_pwrmgr.o
    0x10000088   0x00000005   Data   RW         2237    .data               am_util_stdio.o
    0x1000008d   0x00000003   PAD
    0x10000090   0x00000010   Data   RW         2526    .data               hal_timers.o
    0x100000a0   0x00000044   Data   RW         2585    .data               uart.o
    0x100000e4   0x00000030   Data   RW         2716    .data               flash.o
    0x10000114   0x0000004c   Data   RW         2767    .data               spi.o
    0x10000160   0x000001b0   Data   RW         2881    .data               gpio.o
    0x10000310   0x00000034   Data   RW         3149    .data               rtc.o
    0x10000344   0x00000064   Data   RW         3227    .data               adc.o
    0x100003a8   0x00000030   Data   RW         3339    .data               iic.o
    0x100003d8   0x0000004c   Data   RW         3414    .data               spi1.o
    0x10000424   0x00000028   Data   RW         3878    .data               am_hal_flash.o
    0x1000044c   0x00000014   Data   RW         4168    .data               am_hal_iom.o
    0x10000460   0x0000000c   Data   RW         5026    .data               am_hal_systick.o
    0x1000046c   0x00000034   Data   RW         5537    .data               COT-M_SDK_RF_LIB.lib(cot_mac.o)
    0x100004a0   0x0000004f   Data   RW         5852    .data               COT-M_SDK_RANGING_LIB.lib(cot_ranging.o)
    0x100004ef   0x00000001   PAD
    0x100004f0   0x00000008   Data   RW         6795    .data               COT-M_SDK_RF_LIB.lib(cot_mac_protocol_parse.o)
    0x100004f8   0x000000f0   Zero   RW          414    .bss                sample_multiple_anchor_app.o
    0x100005e8   0x00000120   Zero   RW          606    .bss                cot_mt_uart.o
    0x10000708   0x00000028   Zero   RW          844    .bss                cot_mt_led.o
    0x10000730   0x00001000   Zero   RW         1657    .bss                osal_memory.o
    0x10001730   0x00000400   Zero   RW         2236    .bss                am_util_stdio.o
    0x10001b30   0x00000820   Zero   RW         2583    .bss                uart.o
    0x10002350   0x0000000c   Zero   RW         3527    .bss                am_hal_adc.o
    0x1000235c   0x00000100   Zero   RW         3964    .bss                am_hal_gpio.o
    0x1000245c   0x00000058   Zero   RW         4166    .bss                am_hal_iom.o
    0x100024b4   0x00000028   Zero   RW         5175    .bss                am_hal_uart.o
    0x100024dc   0x000002b0   Zero   RW         5535    .bss                COT-M_SDK_RF_LIB.lib(cot_mac.o)
    0x1000278c   0x00000004   PAD
    0x10002790   0x000006cb   Zero   RW         5850    .bss                COT-M_SDK_RANGING_LIB.lib(cot_ranging.o)
    0x10002e5b   0x00000001   PAD
    0x10002e5c   0x00000040   Zero   RW         5956    .bss                COT-M_SDK_VFS_LIB.lib(vfs.o)
    0x10002e9c   0x00000100   Zero   RW         6075    .bss                algorithm lib.lib(sha256.o)
    0x10002f9c   0x000000e4   Zero   RW         7186    .bss                c_w.l(rand.o)
    0x10003080   0x00000060   Zero   RW         7636    .bss                c_w.l(libspace.o)
    0x100030e0   0x00000200   Zero   RW            2    HEAP                startup_keil.o
    0x100032e0   0x00001500   Zero   RW            1    STACK               startup_keil.o


==============================================================================

Image component sizes


      Code (inc. data)   RO Data    RW Data    ZI Data      Debug   Object Name

       904         84          5        100          0       6864   adc.o
        38          0          0          0          0        556   am_bsp.o
       292         58          0          0         12       4914   am_hal_adc.o
       146         40          0          0          0       2424   am_hal_clkgen.o
       328         52          0          0          0       6152   am_hal_ctimer.o
         4          0          0          0          0        577   am_hal_debug.o
        94         16          0         40          0       5023   am_hal_flash.o
       352        110          0          0        256       4624   am_hal_gpio.o
       206         20          0          0          0       1845   am_hal_interrupt.o
      3964       1524        113         20         88      21384   am_hal_iom.o
       376         40        128          0          0       5079   am_hal_mcuctrl.o
       102          0          0          0          0       1336   am_hal_queue.o
       666         14          0          0          0       6972   am_hal_rtc.o
        64          8          0          0          0        607   am_hal_sysctrl.o
       106         12          0         12          0       3030   am_hal_systick.o
       794         96          0          0         40      13957   am_hal_uart.o
        12          4          0          0          0        527   am_hal_vcomp.o
        60          6          0          0          0       1206   am_util_delay.o
      1272        784          0          0          0      26985   am_util_faultisr.o
         0          0          0          0          0        424   am_util_plot.o
      2072         36          0          5       1024      11773   am_util_stdio.o
       532          8         65          4          0       2467   base64.o
      2288        300          0          9          0      12775   cot_mt_key.o
      1056         86          0          4         40       8490   cot_mt_led.o
       736         34       3284          0          0      11245   cot_mt_oled.o
       950        110          0          3          0      12558   cot_mt_task.o
       688         54          0          8        288       8618   cot_mt_uart.o
       466         46          6         48          0       5231   flash.o
      5034        558         69        432          0      40787   gpio.o
       158          6          0         16          0       3091   hal_timers.o
       798         74          5         48          0       8031   iic.o
        96         14          0          0          0       2339   log.o
       822         48          0          5          0      11019   osal.o
       548         74          0         24       4096       5776   osal_memory.o
       216         10          0          4          0       3640   osal_mutex.o
       172         24          0          8          0       3128   osal_pwrmgr.o
        56          4         13          4          0      18136   osal_sample.o
        56         16          0          0          0       2068   osal_tick.o
       488         34          0          8          0       6108   osal_time.o
      2784         32        128          4          0      28771   rfparamconfig.o
       640         70          5         52          0       8495   rtc.o
        64          0          0          0          0        563   sample_main.o
      2968        432          4         44        240      19293   sample_multiple_anchor_app.o
        56         10          0          0          0        596   sleep.o
      1150        118          5         76          0       8087   spi.o
       986        108          5         76          0       7984   spi1.o
       180        136          0          0       5888       1188   startup_keil.o
       800         76          5         68       2080      10936   uart.o

    ----------------------------------------------------------------------
     36686       5386       3908       1132      14052     377679   Object Totals
         0          0         32          0          0          0   (incl. Generated)
        46          0         36         10          0          0   (incl. Padding)

    ----------------------------------------------------------------------

      Code (inc. data)   RO Data    RW Data    ZI Data      Debug   Library Member Name

      3404        304        184         79       1739      38778   cot_ranging.o
      5918        598        712         52        688      63483   cot_mac.o
      1374         68        312          8          0      28755   cot_mac_protocol_parse.o
      1142         36        152          0          0      30756   sx1280-hal.o
      4126        114         76          0          0      41216   sx1280.o
       390          8          0          0         64      10236   vfs.o
     11950          0          0          0          0      21145   bignum.o
       364          0          0          0          0       7991   rsa.o
       948         48        320          0        256       5304   sha256.o
        90          0          0          0          0          0   __dczerorl2.o
         8          0          0          0          0         68   __main.o
       284          0          0          0          0        156   __printf_wp.o
         0          0          0          0          0          0   __rtentry.o
        12          0          0          0          0          0   __rtentry2.o
         6          0          0          0          0          0   __rtentry4.o
        52          8          0          0          0          0   __scatter.o
        28          0          0          0          0          0   __scatter_zi.o
        48          6          0          0          0         96   _printf_char_common.o
         6          0          0          0          0          0   _printf_d.o
       120         16          0          0          0         92   _printf_dec.o
         6          0          0          0          0          0   _printf_f.o
      1050          0          0          0          0        216   _printf_fp_dec.o
       128         16          0          0          0         84   _printf_fp_infnan.o
        88          4         40          0          0         88   _printf_hex_int.o
       178          0          0          0          0         88   _printf_intcommon.o
        78          0          0          0          0        108   _printf_pad.o
         0          0          0          0          0          0   _printf_percent.o
         4          0          0          0          0          0   _printf_percent_end.o
         6          0          0          0          0          0   _printf_x.o
        22          0          0          0          0        100   _rserrno.o
        10          0          0          0          0         68   _sputc.o
        16          0          0          0          0         68   aeabi_memset.o
       220          4        148          0          0         96   bigflt0.o
      1910        128          0          0          0        672   btod.o
        10          0          0          0          0         68   defsig_exit.o
        50          0          0          0          0         88   defsig_general.o
        48         34          0          0          0         76   defsig_pvfn_inner.o
        14          0          0          0          0         80   defsig_pvfn_outer.o
        80         58          0          0          0         76   defsig_rtmem_inner.o
        14          0          0          0          0         80   defsig_rtmem_outer.o
        12          0          0          0          0         72   exit.o
        94          0          0          0          0         80   h1_alloc.o
        52          0          0          0          0         68   h1_extend.o
        78          0          0          0          0         80   h1_free.o
        14          0          0          0          0         84   h1_init.o
         6          0          0          0          0        152   heapauxi.o
         4          0          0          0          0        136   hguard.o
         0          0          0          0          0          0   indicate_semi.o
        36         10          0          0          0         80   init_aeabi.o
       138          0          0          0          0        168   init_alloc.o
        44         10         28          0          0         76   lc_numeric_c.o
         2          0          0          0          0          0   libinit.o
        38          0          0          0          0          0   libinit2.o
         2          0          0          0          0          0   libshutdown.o
         8          0          0          0          0          0   libshutdown2.o
         8          4          0          0         96         68   libspace.o
       138          0          0          0          0         80   lludiv10.o
         0          0          0          0          0          0   maybetermalloc1.o
        88          0          0          0          0         76   memcmp.o
        22          0          0          0          0         76   memset.o
        40          6          0          0          0         84   noretval__2sprintf.o
       112         18          0          0        228        160   rand.o
         8          4          0          0          0         68   rt_ddtor_pointer_addr_intlibspace.o
         8          4          0          0          0         68   rt_errno_addr_intlibspace.o
         8          4          0          0          0         68   rt_heap_descriptor_intlibspace.o
         8          4          0          0          0         68   rt_locale_intlibspace.o
        68          0          0          0          0         68   rt_memclr.o
        78          0          0          0          0         80   rt_memclr_w.o
       138          0          0          0          0         68   rt_memcpy_v6.o
       100          0          0          0          0         80   rt_memcpy_w.o
         2          0          0          0          0          0   rtexit.o
        10          0          0          0          0          0   rtexit2.o
       128          0          0          0          0         68   strcmpv7m.o
        62          0          0          0          0         76   strlen.o
       150          0          0          0          0         80   strncmp.o
        12          4          0          0          0         68   sys_exit.o
        74          0          0          0          0         80   sys_stackheap_outer.o
        14          0          0          0          0         76   sys_wrch.o
         2          0          0          0          0         68   use_no_semi.o
        50          0          0          0          0         84   aeabi_atexit.o
        66          0          0          0          0         84   cxa_finalize.o
         6          0          0          0          0         68   pure_virt.o
        24          0          0          0          0        164   basic.o
        98          4          0          0          0        140   d2f.o
       826         16          0          0          0        492   daddsub_clz.o
        16          4          0          0          0        116   dcheck1.o
        24          0          0          0          0        116   dcmpi.o
       688        140          0          0          0        256   ddiv.o
        94          4          0          0          0        140   dfix.o
        90          4          0          0          0        140   dfixu.o
        84          0          0          0          0        232   dflt_clz.o
       120          4          0          0          0        140   dleqf.o
       340         12          0          0          0        152   dmul.o
       156          4          0          0          0        140   dnaninf.o
        12          0          0          0          0        116   dretinf.o
       108          0          0          0          0        128   drleqf.o
       408         56          0          0          0        168   dsqrt_umaal.o
        10          0          0          0          0        116   fpinit.o
        10          0          0          0          0        116   fretinf.o
         4          0          0          0          0        116   printf1.o
       100          0          0          0          0        116   retnan.o
        92          0          0          0          0        116   scalbn.o
        48          0          0          0          0        116   trapv.o
         0          0          0          0          0          0   usenofp.o
       280         28          0          0          0        156   ceil.o
       108         10          0          0          0        116   ceilf.o
       164         44          0          0          0        620   dunder.o
        24          0          0          0          0        124   fabs.o
       280         28          0          0          0        156   floor.o
        48          0          0          0          0        124   fpclassify.o
       248          0          0          0          0        152   poly.o
      3128        302        136          0          0        356   pow.o
         0          0          8          0          0          0   qnan.o
       110          0          0          0          0        148   sqrt.o

    ----------------------------------------------------------------------
     43930       2182       2120        140       3076     258280   Library Totals
        58          4          4          1          5          0   (incl. Padding)

    ----------------------------------------------------------------------

      Code (inc. data)   RO Data    RW Data    ZI Data      Debug   Library Name

      3404        304        184         79       1739      38778   COT-M_SDK_RANGING_LIB.lib
     12560        816       1252         60        688     164210   COT-M_SDK_RF_LIB.lib
       390          8          0          0         64      10236   COT-M_SDK_VFS_LIB.lib
     13262         48        320          0        256      34440   algorithm lib.lib
      6392        342        216          0        324       5092   c_w.l
       122          0          0          0          0        236   cpprt_w.l
      3352        248          0          0          0       3336   fz_wm.l
      4390        412        144          0          0       1952   m_wm.l

    ----------------------------------------------------------------------
     43930       2182       2120        140       3076     258280   Library Totals

    ----------------------------------------------------------------------

==============================================================================


      Code (inc. data)   RO Data    RW Data    ZI Data      Debug   

     80616       7568       6028       1272      17128     580387   Grand Totals
     80616       7568       6028        580      17128     580387   ELF Image Totals (compressed)
     80616       7568       6028        580          0          0   ROM Totals

==============================================================================

    Total RO  Size (Code + RO Data)                86644 (  84.61kB)
    Total RW  Size (RW Data + ZI Data)             18400 (  17.97kB)
    Total ROM Size (Code + RO Data + RW Data)      87224 (  85.18kB)

==============================================================================

