Component: ARM Compiler 5.05 update 1 (build 106) Tool: armlink [4d0efa]

==============================================================================

Section Cross References

    startup_keil.o(STACK) refers (Special) to heapauxi.o(.text) for __use_two_region_memory
    startup_keil.o(HEAP) refers (Special) to heapauxi.o(.text) for __use_two_region_memory
    startup_keil.o(RESET) refers (Special) to heapauxi.o(.text) for __use_two_region_memory
    startup_keil.o(RESET) refers to startup_keil.o(STACK) for StackMem
    startup_keil.o(RESET) refers to am_util_faultisr.o(.emb_text) for am_fault_isr
    startup_keil.o(RESET) refers to am_hal_systick.o(i.am_systick_isr) for am_systick_isr
    startup_keil.o(RESET) refers to rtc.o(i.am_clkgen_isr) for am_clkgen_isr
    startup_keil.o(RESET) refers to adc.o(i.am_adc_isr) for am_adc_isr
    startup_keil.o(RESET) refers to gpio.o(i.am_gpio_isr) for am_gpio_isr
    startup_keil.o(RESET) refers to hal_timers.o(i.am_ctimer_isr) for am_ctimer_isr
    startup_keil.o(RESET) refers to uart.o(i.am_uart_isr) for am_uart_isr
    startup_keil.o(RESET) refers to __main.o(!!!main) for __main
    startup_keil.o(.text) refers (Special) to heapauxi.o(.text) for __use_two_region_memory
    startup_keil.o(.text) refers to startup_keil.o(HEAP) for HeapMem
    startup_keil.o(.text) refers to startup_keil.o(STACK) for StackMem
    osal_sample.o(i.osalInitTasks) refers to osal_memory.o(i.osal_mem_alloc) for osal_mem_alloc
    osal_sample.o(i.osalInitTasks) refers to osal.o(i.osal_memset) for osal_memset
    osal_sample.o(i.osalInitTasks) refers to cot_mac.o(i._Z14phy_layer_inith) for phy_layer_init(unsigned char)
    osal_sample.o(i.osalInitTasks) refers to sample_multiple_anchor_app.o(i.sample_app_init) for sample_app_init
    osal_sample.o(i.osalInitTasks) refers to cot_mt_task.o(i.mt_task_init) for mt_task_init
    osal_sample.o(i.osalInitTasks) refers to osal_sample.o(.data) for tasksEvents
    osal_sample.o(.ARM.exidx) refers to osal_sample.o(i.osalInitTasks) for i.osalInitTasks
    osal_sample.o(.constdata) refers to cot_mac.o(i._Z26cot_mac_layer_processeventht) for cot_mac_layer_processevent(unsigned char, unsigned short)
    osal_sample.o(.constdata) refers to sample_multiple_anchor_app.o(i.sample_app_processevent) for sample_app_processevent
    osal_sample.o(.constdata) refers to cot_mt_task.o(i.cot_mt_process_event) for cot_mt_process_event
    sample_main.o(i.main) refers to am_hal_clkgen.o(i.am_hal_clkgen_sysclk_select) for am_hal_clkgen_sysclk_select
    sample_main.o(i.main) refers to am_bsp.o(i.am_bsp_low_power_init) for am_bsp_low_power_init
    sample_main.o(i.main) refers to spi.o(i.spi_init_module) for spi_init_module
    sample_main.o(i.main) refers to gpio.o(i.gpio_init_module) for gpio_init_module
    sample_main.o(i.main) refers to flash.o(i.FLASH_InitModule) for FLASH_InitModule
    sample_main.o(i.main) refers to uart.o(i.uart_init_module) for uart_init_module
    sample_main.o(i.main) refers to spi1.o(i.spi1_init_module) for spi1_init_module
    sample_main.o(i.main) refers to cot_mt_oled.o(i.cot_mt_oled_init) for cot_mt_oled_init
    sample_main.o(i.main) refers to rtc.o(i.rtc_init_module) for rtc_init_module
    sample_main.o(i.main) refers to log.o(i.log_init_module) for log_init_module
    sample_main.o(i.main) refers to am_hal_interrupt.o(.emb_text) for am_hal_interrupt_master_enable
    sample_main.o(i.main) refers to osal.o(i.osal_init_system) for osal_init_system
    sample_main.o(i.main) refers to osal_pwrmgr.o(i.osal_pwrmgr_device) for osal_pwrmgr_device
    sample_main.o(i.main) refers to osal.o(i.osal_start_system) for osal_start_system
    sample_main.o(.ARM.exidx) refers to sample_main.o(i.main) for i.main
    sample_multiple_anchor_app.o(i._Z20slave_broadcast_dataj) refers to aeabi_memset.o(.text) for __aeabi_memset
    sample_multiple_anchor_app.o(i._Z20slave_broadcast_dataj) refers to sample_multiple_anchor_app.o(.data) for s_cot_sample_msg_tx
    sample_multiple_anchor_app.o(i._Z20slave_handshake_dataj) refers to aeabi_memset.o(.text) for __aeabi_memset
    sample_multiple_anchor_app.o(i._Z20slave_handshake_dataj) refers to sample_multiple_anchor_app.o(.data) for s_cot_sample_msg_tx
    sample_multiple_anchor_app.o(i._Z21cot_sample_msg_handleP13cot_mac_msg_t) refers to sample_multiple_anchor_app.o(i.get_sample_task_id) for get_sample_task_id
    sample_multiple_anchor_app.o(i._Z21cot_sample_msg_handleP13cot_mac_msg_t) refers to osal_time.o(i.osal_stop_timerEx) for osal_stop_timerEx
    sample_multiple_anchor_app.o(i._Z21cot_sample_msg_handleP13cot_mac_msg_t) refers to osal.o(i.osal_set_event) for osal_set_event
    sample_multiple_anchor_app.o(i._Z21cot_sample_msg_handleP13cot_mac_msg_t) refers to sample_multiple_anchor_app.o(.bss) for g_device_id
[...]
    Callbacks                                0x1000046c   Data          36  cot_mac.o(.data)
    t0                                       0x10000490   Data           8  cot_ranging.o(.data)
    t1                                       0x10000498   Data           8  cot_ranging.o(.data)
    t2                                       0x100004a0   Data           8  cot_ranging.o(.data)
    t3                                       0x100004a8   Data           8  cot_ranging.o(.data)
    t4                                       0x100004b0   Data           8  cot_ranging.o(.data)
    t5                                       0x100004b8   Data           8  cot_ranging.o(.data)
    t6                                       0x100004c0   Data           8  cot_ranging.o(.data)
    t7                                       0x100004c8   Data           8  cot_ranging.o(.data)
    g_RangingInternalState                   0x100004d0   Data           1  cot_ranging.o(.data)
    BufferSize                               0x100004d4   Data           1  cot_ranging.o(.data)
    ANT_SW                                   0x100004d6   Data           1  cot_ranging.o(.data)
    RngResultIndex                           0x100004d8   Data           4  cot_ranging.o(.data)
    CntPacketTx                              0x100004dc   Data           1  cot_ranging.o(.data)
    CntPacketRxOK                            0x100004dd   Data           1  cot_ranging.o(.data)
    CntPacketRxKOSlave                       0x100004de   Data           1  cot_ranging.o(.data)
    get_chain_power                          0x100004e0   Data           4  cot_mac_protocol_parse.o(.data)
    send_mac_paylod                          0x100004e4   Data           4  cot_mac_protocol_parse.o(.data)
    g_device_id                              0x100005b0   Data          40  sample_multiple_anchor_app.o(.bss)
    g_uart_rx_fifo                           0x10001b20   Data        1040  uart.o(.bss)
    g_uart_tx_fifo                           0x10001f30   Data        1040  uart.o(.bss)
    am_hal_gpio_ppfnHandlers                 0x1000234c   Data         256  am_hal_gpio.o(.bss)
    g_psIOMBuffers                           0x1000244c   Data          40  am_hal_iom.o(.bss)
    g_psIOMQueue                             0x10002474   Data          48  am_hal_iom.o(.bss)
    g_sTxBuffer                              0x100024a4   Data          20  am_hal_uart.o(.bss)
    g_sRxBuffer                              0x100024b8   Data          20  am_hal_uart.o(.bss)
    PacketParams                             0x100024cc   Data          24  cot_mac.o(.bss)
    ModulationParams                         0x100024e4   Data          81  cot_mac.o(.bss)
    Radio                                    0x10002738   Data          68  cot_mac.o(.bss)
    Buffer                                   0x10002780   Data         255  cot_ranging.o(.bss)
    RawRngResults                            0x10002880   Data         720  cot_ranging.o(.bss)
    RssiRng                                  0x10002b50   Data         720  cot_ranging.o(.bss)
    __libspace_start                         0x10002f8c   Data          96  libspace.o(.bss)
    __temporary_stack_top$libspace           0x10002fec   Data           0  libspace.o(.bss)



==============================================================================

Memory Map of the image

  Image Entry point : 0x00000099

  Load Region LR_1 (Base: 0x00000000, Size: 0x000156f8, Max: 0xffffffff, ABSOLUTE, COMPRESSED[0x00015454])

    Execution Region FLASH (Base: 0x00000000, Size: 0x00015210, Max: 0x00080000, ABSOLUTE)

    Base Addr    Size         Type   Attr      Idx    E Section Name        Object

    0x00000000   0x00000098   Code   RO            3    RESET               startup_keil.o
    0x00000098   0x00000008   Code   RO         7194  * !!!main             c_w.l(__main.o)
    0x000000a0   0x00000034   Code   RO         7839    !!!scatter          c_w.l(__scatter.o)
    0x000000d4   0x0000005a   Code   RO         7837    !!dczerorl2         c_w.l(__dczerorl2.o)
    0x0000012e   0x00000002   PAD
    0x00000130   0x0000001c   Code   RO         7841    !!handler_zi        c_w.l(__scatter_zi.o)
    0x0000014c   0x00000000   Code   RO         7168    .ARM.Collect$$_printf_percent$$00000000  c_w.l(_printf_percent.o)
    0x0000014c   0x00000006   Code   RO         7167    .ARM.Collect$$_printf_percent$$00000003  c_w.l(_printf_f.o)
    0x00000152   0x00000006   Code   RO         7166    .ARM.Collect$$_printf_percent$$00000009  c_w.l(_printf_d.o)
    0x00000158   0x00000006   Code   RO         7165    .ARM.Collect$$_printf_percent$$0000000C  c_w.l(_printf_x.o)
    0x0000015e   0x00000004   Code   RO         7497    .ARM.Collect$$_printf_percent$$00000017  c_w.l(_printf_percent_end.o)
    0x00000162   0x00000002   Code   RO         7782    .ARM.Collect$$libinit$$00000000  c_w.l(libinit.o)
    0x00000164   0x00000004   Code   RO         7502    .ARM.Collect$$libinit$$00000001  c_w.l(libinit2.o)
    0x00000168   0x00000000   Code   RO         7505    .ARM.Collect$$libinit$$00000004  c_w.l(libinit2.o)
    0x00000168   0x00000008   Code   RO         7506    .ARM.Collect$$libinit$$00000005  c_w.l(libinit2.o)
    0x00000170   0x00000000   Code   RO         7508    .ARM.Collect$$libinit$$0000000A  c_w.l(libinit2.o)
    0x00000170   0x00000000   Code   RO         7510    .ARM.Collect$$libinit$$0000000C  c_w.l(libinit2.o)
    0x00000170   0x00000000   Code   RO         7512    .ARM.Collect$$libinit$$0000000E  c_w.l(libinit2.o)
    0x00000170   0x00000006   Code   RO         7513    .ARM.Collect$$libinit$$0000000F  c_w.l(libinit2.o)
    0x00000176   0x00000000   Code   RO         7515    .ARM.Collect$$libinit$$00000011  c_w.l(libinit2.o)
    0x00000176   0x00000000   Code   RO         7517    .ARM.Collect$$libinit$$00000013  c_w.l(libinit2.o)
    0x00000176   0x00000000   Code   RO         7519    .ARM.Collect$$libinit$$00000015  c_w.l(libinit2.o)
    0x00000176   0x0000000a   Code   RO         7520    .ARM.Collect$$libinit$$00000016  c_w.l(libinit2.o)
    0x00000180   0x00000000   Code   RO         7521    .ARM.Collect$$libinit$$00000017  c_w.l(libinit2.o)
    0x00000180   0x00000000   Code   RO         7523    .ARM.Collect$$libinit$$00000019  c_w.l(libinit2.o)
    0x00000180   0x00000000   Code   RO         7525    .ARM.Collect$$libinit$$0000001B  c_w.l(libinit2.o)
    0x00000180   0x00000000   Code   RO         7527    .ARM.Collect$$libinit$$0000001D  c_w.l(libinit2.o)
    0x00000180   0x00000000   Code   RO         7529    .ARM.Collect$$libinit$$0000001F  c_w.l(libinit2.o)
    0x00000180   0x00000000   Code   RO         7531    .ARM.Collect$$libinit$$00000021  c_w.l(libinit2.o)
    0x00000180   0x00000000   Code   RO         7533    .ARM.Collect$$libinit$$00000023  c_w.l(libinit2.o)
    0x00000180   0x00000000   Code   RO         7535    .ARM.Collect$$libinit$$00000025  c_w.l(libinit2.o)
    0x00000180   0x00000000   Code   RO         7539    .ARM.Collect$$libinit$$0000002C  c_w.l(libinit2.o)
    0x00000180   0x00000000   Code   RO         7541    .ARM.Collect$$libinit$$0000002E  c_w.l(libinit2.o)
    0x00000180   0x00000000   Code   RO         7543    .ARM.Collect$$libinit$$00000030  c_w.l(libinit2.o)
    0x00000180   0x00000004   Code   RO         7544    .ARM.Collect$$libinit$$00000031  c_w.l(libinit2.o)
    0x00000184   0x00000000   Code   RO         7545    .ARM.Collect$$libinit$$00000032  c_w.l(libinit2.o)
    0x00000184   0x00000002   Code   RO         7546    .ARM.Collect$$libinit$$00000033  c_w.l(libinit2.o)
    0x00000186   0x00000002   Code   RO         7834    .ARM.Collect$$libshutdown$$00000000  c_w.l(libshutdown.o)
    0x00000188   0x00000006   Code   RO         7547    .ARM.Collect$$libshutdown$$00000001  c_w.l(libshutdown2.o)
    0x0000018e   0x00000000   Code   RO         7549    .ARM.Collect$$libshutdown$$00000003  c_w.l(libshutdown2.o)
    0x0000018e   0x00000000   Code   RO         7552    .ARM.Collect$$libshutdown$$00000006  c_w.l(libshutdown2.o)
    0x0000018e   0x00000000   Code   RO         7555    .ARM.Collect$$libshutdown$$00000009  c_w.l(libshutdown2.o)
    0x0000018e   0x00000000   Code   RO         7557    .ARM.Collect$$libshutdown$$0000000B  c_w.l(libshutdown2.o)
    0x0000018e   0x00000000   Code   RO         7560    .ARM.Collect$$libshutdown$$0000000E  c_w.l(libshutdown2.o)
    0x0000018e   0x00000002   Code   RO         7561    .ARM.Collect$$libshutdown$$0000000F  c_w.l(libshutdown2.o)
    0x00000190   0x00000000   Code   RO         7415    .ARM.Collect$$rtentry$$00000000  c_w.l(__rtentry.o)
    0x00000190   0x00000000   Code   RO         7621    .ARM.Collect$$rtentry$$00000002  c_w.l(__rtentry2.o)
    0x00000190   0x00000006   Code   RO         7633    .ARM.Collect$$rtentry$$00000004  c_w.l(__rtentry4.o)
    0x00000196   0x00000000   Code   RO         7623    .ARM.Collect$$rtentry$$00000009  c_w.l(__rtentry2.o)
    0x00000196   0x00000004   Code   RO         7624    .ARM.Collect$$rtentry$$0000000A  c_w.l(__rtentry2.o)
    0x0000019a   0x00000000   Code   RO         7626    .ARM.Collect$$rtentry$$0000000C  c_w.l(__rtentry2.o)
    0x0000019a   0x00000008   Code   RO         7627    .ARM.Collect$$rtentry$$0000000D  c_w.l(__rtentry2.o)
    0x000001a2   0x00000002   Code   RO         7793    .ARM.Collect$$rtexit$$00000000  c_w.l(rtexit.o)
    0x000001a4   0x00000000   Code   RO         7810    .ARM.Collect$$rtexit$$00000002  c_w.l(rtexit2.o)
    0x000001a4   0x00000004   Code   RO         7811    .ARM.Collect$$rtexit$$00000003  c_w.l(rtexit2.o)
    0x000001a8   0x00000006   Code   RO         7812    .ARM.Collect$$rtexit$$00000004  c_w.l(rtexit2.o)
    0x000001ae   0x00000002   PAD
    0x000001b0   0x00000014   Code   RO         2019    .emb_text           am_util_faultisr.o
    0x000001c4   0x00000006   Code   RO         3853    .emb_text           am_hal_flash.o
    0x000001ca   0x00000002   PAD
    0x000001cc   0x00000016   Code   RO         4069    .emb_text           am_hal_interrupt.o
    0x000001e2   0x00000002   PAD
    0x000001e4   0x00000076   Code   RO         6868    .emb_text           algorithm lib.lib(bignum.o)
    0x0000025a   0x00000002   PAD
    0x0000025c   0x00000000   Code   RO         7748    .emb_text           c_w.l(maybetermalloc1.o)
    0x0000025c   0x0000001c   Code   RO            4    .text               startup_keil.o
    0x00000278   0x00000028   Code   RO         7116    .text               c_w.l(noretval__2sprintf.o)
    0x000002a0   0x0000004e   Code   RO         7120    .text               c_w.l(_printf_pad.o)
    0x000002ee   0x00000002   PAD
    0x000002f0   0x00000078   Code   RO         7122    .text               c_w.l(_printf_dec.o)
    0x00000368   0x00000058   Code   RO         7127    .text               c_w.l(_printf_hex_int.o)
    0x000003c0   0x0000010e   Code   RO         7153    .text               c_w.l(__printf_wp.o)
    0x000004ce   0x00000058   Code   RO         7172    .text               c_w.l(memcmp.o)
    0x00000526   0x0000003e   Code   RO         7174    .text               c_w.l(strlen.o)
    0x00000564   0x00000096   Code   RO         7176    .text               c_w.l(strncmp.o)
    0x000005fa   0x0000008a   Code   RO         7178    .text               c_w.l(rt_memcpy_v6.o)
    0x00000684   0x00000064   Code   RO         7180    .text               c_w.l(rt_memcpy_w.o)
    0x000006e8   0x00000016   Code   RO         7182    .text               c_w.l(memset.o)
    0x000006fe   0x00000010   Code   RO         7184    .text               c_w.l(aeabi_memset.o)
    0x0000070e   0x00000044   Code   RO         7186    .text               c_w.l(rt_memclr.o)
    0x00000752   0x0000004e   Code   RO         7188    .text               c_w.l(rt_memclr_w.o)
    0x000007a0   0x00000080   Code   RO         7190    .text               c_w.l(strcmpv7m.o)
    0x00000820   0x00000006   Code   RO         7192    .text               c_w.l(heapauxi.o)
    0x00000826   0x00000002   PAD
    0x00000828   0x00000024   Code   RO         7199    .text               c_w.l(init_aeabi.o)
    0x0000084c   0x00000008   Code   RO         7423    .text               c_w.l(rt_ddtor_pointer_addr_intlibspace.o)
    0x00000854   0x0000005e   Code   RO         7429    .text               c_w.l(h1_alloc.o)
    0x000008b2   0x0000004e   Code   RO         7431    .text               c_w.l(h1_free.o)
    0x00000900   0x00000016   Code   RO         7487    .text               c_w.l(_rserrno.o)
    0x00000916   0x000000b2   Code   RO         7489    .text               c_w.l(_printf_intcommon.o)
    0x000009c8   0x0000041a   Code   RO         7491    .text               c_w.l(_printf_fp_dec.o)
    0x00000de2   0x00000002   PAD
    0x00000de4   0x00000030   Code   RO         7493    .text               c_w.l(_printf_char_common.o)
    0x00000e14   0x0000000a   Code   RO         7495    .text               c_w.l(_sputc.o)
    0x00000e1e   0x0000000e   Code   RO         7498    .text               c_w.l(defsig_pvfn_outer.o)
    0x00000e2c   0x00000008   Code   RO         7615    .text               c_w.l(libspace.o)
    0x00000e34   0x00000008   Code   RO         7642    .text               c_w.l(rt_heap_descriptor_intlibspace.o)
    0x00000e3c   0x00000008   Code   RO         7647    .text               c_w.l(rt_locale_intlibspace.o)
    0x00000e44   0x00000008   Code   RO         7652    .text               c_w.l(rt_errno_addr_intlibspace.o)
    0x00000e4c   0x00000004   Code   RO         7654    .text               c_w.l(hguard.o)
    0x00000e50   0x0000008a   Code   RO         7656    .text               c_w.l(init_alloc.o)
    0x00000eda   0x0000000e   Code   RO         7660    .text               c_w.l(h1_init.o)
    0x00000ee8   0x0000008a   Code   RO         7674    .text               c_w.l(lludiv10.o)
    0x00000f72   0x00000002   PAD
    0x00000f74   0x00000080   Code   RO         7676    .text               c_w.l(_printf_fp_infnan.o)
    0x00000ff4   0x000000dc   Code   RO         7680    .text               c_w.l(bigflt0.o)
    0x000010d0   0x0000000a   Code   RO         7708    .text               c_w.l(defsig_exit.o)
    0x000010da   0x00000002   PAD
    0x000010dc   0x00000030   Code   RO         7710    .text               c_w.l(defsig_pvfn_inner.o)
    0x0000110c   0x0000000c   Code   RO         7737    .text               c_w.l(sys_exit.o)
    0x00001118   0x0000004a   Code   RO         7739    .text               c_w.l(sys_stackheap_outer.o)
    0x00001162   0x00000034   Code   RO         7750    .text               c_w.l(h1_extend.o)
    0x00001196   0x0000000c   Code   RO         7754    .text               c_w.l(exit.o)
    0x000011a2   0x00000032   Code   RO         7760    .text               c_w.l(defsig_general.o)
    0x000011d4   0x0000000e   Code   RO         7766    .text               c_w.l(defsig_rtmem_outer.o)
    0x000011e2   0x0000000e   Code   RO         7788    .text               c_w.l(sys_wrch.o)
    0x000011f0   0x00000002   Code   RO         7790    .text               c_w.l(use_no_semi.o)
    0x000011f2   0x00000000   Code   RO         7792    .text               c_w.l(indicate_semi.o)
    0x000011f2   0x00000002   PAD
    0x000011f4   0x00000050   Code   RO         7803    .text               c_w.l(defsig_rtmem_inner.o)
    0x00001244   0x0000003e   Code   RO         7683    CL$$btod_d2e        c_w.l(btod.o)
    0x00001282   0x00000046   Code   RO         7685    CL$$btod_d2e_denorm_low  c_w.l(btod.o)
    0x000012c8   0x00000060   Code   RO         7684    CL$$btod_d2e_norm_op1  c_w.l(btod.o)
    0x00001328   0x00000338   Code   RO         7693    CL$$btod_div_common  c_w.l(btod.o)
    0x00001660   0x000000c6   Code   RO         7690    CL$$btod_e2e        c_w.l(btod.o)
    0x00001726   0x00000028   Code   RO         7687    CL$$btod_ediv       c_w.l(btod.o)
    0x0000174e   0x00000028   Code   RO         7686    CL$$btod_emul       c_w.l(btod.o)
    0x00001776   0x00000244   Code   RO         7692    CL$$btod_mult_common  c_w.l(btod.o)
    0x000019ba   0x00000002   PAD
    0x000019bc   0x00000060   Code   RO         3200    i.ADC_Ioctl         adc.o
    0x00001a1c   0x00000040   Code   RO         3201    i.ADC_Lseek         adc.o
    0x00001a5c   0x00000030   Code   RO         3202    i.ADC_Open          adc.o
    0x00001a8c   0x00000080   Code   RO         3203    i.ADC_Read          adc.o
    0x00001b0c   0x00000030   Code   RO         3204    i.ADC_Release       adc.o
    0x00001b3c   0x00000070   Code   RO         6007    i.EA_ucRSAPublicBlock  algorithm lib.lib(rsa.o)
    0x00001bac   0x00000010   Code   RO         2694    i.FLASH_InitModule  flash.o
    0x00001bbc   0x00000022   Code   RO         2695    i.FLASH_Lseek       flash.o
    0x00001bde   0x00000002   PAD
    0x00001be0   0x00000030   Code   RO         2696    i.FLASH_Open        flash.o
    0x00001c10   0x0000005c   Code   RO         2697    i.FLASH_Read        flash.o
    0x00001c6c   0x00000038   Code   RO         2698    i.FLASH_Release     flash.o
    0x00001ca4   0x000000dc   Code   RO         2699    i.FLASH_Write       flash.o
    0x00001d80   0x0000001e   Code   RO          892    i.I2C_WriteByte     cot_mt_oled.o
    0x00001d9e   0x00000002   PAD
    0x00001da0   0x00000050   Code   RO         3311    i.IIC0_Ioctl        iic.o
    0x00001df0   0x00000030   Code   RO         3312    i.IIC0_Open         iic.o
    0x00001e20   0x00000034   Code   RO         3313    i.IIC0_Read         iic.o
    0x00001e54   0x00000030   Code   RO         3314    i.IIC0_Release      iic.o
    0x00001e84   0x00000060   Code   RO         3315    i.IIC0_Write        iic.o
    0x00001ee4   0x0000003c   Code   RO         3316    i.IIC_Start         iic.o
    0x00001f20   0x00000040   Code   RO         3317    i.IIC_Stop          iic.o
    0x00001f60   0x00000078   Code   RO         3318    i.IIC_Write_Byte    iic.o
    0x00001fd8   0x00000044   Code   RO         2805    i.KEY1_GPIO_IRQ_Register  gpio.o
    0x0000201c   0x000000d4   Code   RO         2806    i.KEY1_GPIO_Ioctl   gpio.o
    0x000020f0   0x00000010   Code   RO         2807    i.KEY1_GPIO_Lseek   gpio.o
    0x00002100   0x00000030   Code   RO         2808    i.KEY1_GPIO_Open    gpio.o
    0x00002130   0x00000054   Code   RO         2809    i.KEY1_GPIO_Read    gpio.o
    0x00002184   0x00000030   Code   RO         2810    i.KEY1_GPIO_Release  gpio.o
    0x000021b4   0x00000044   Code   RO         2811    i.KEY2_GPIO_IRQ_Register  gpio.o
    0x000021f8   0x000000d8   Code   RO         2812    i.KEY2_GPIO_Ioctl   gpio.o
    0x000022d0   0x00000010   Code   RO         2813    i.KEY2_GPIO_Lseek   gpio.o
    0x000022e0   0x00000030   Code   RO         2814    i.KEY2_GPIO_Open    gpio.o
    0x00002310   0x00000054   Code   RO         2815    i.KEY2_GPIO_Read    gpio.o
    0x00002364   0x00000030   Code   RO         2816    i.KEY2_GPIO_Release  gpio.o
    0x00002394   0x00000044   Code   RO         2817    i.KEY3_GPIO_IRQ_Register  gpio.o
    0x000023d8   0x000000d0   Code   RO         2818    i.KEY3_GPIO_Ioctl   gpio.o
    0x000024a8   0x00000010   Code   RO         2819    i.KEY3_GPIO_Lseek   gpio.o
    0x000024b8   0x00000030   Code   RO         2820    i.KEY3_GPIO_Open    gpio.o
    0x000024e8   0x00000054   Code   RO         2821    i.KEY3_GPIO_Read    gpio.o
    0x0000253c   0x00000030   Code   RO         2822    i.KEY3_GPIO_Release  gpio.o
    0x0000256c   0x00000040   Code   RO         2823    i.KEY4_GPIO_IRQ_Register  gpio.o
    0x000025ac   0x000000d4   Code   RO         2824    i.KEY4_GPIO_Ioctl   gpio.o
    0x00002680   0x00000010   Code   RO         2825    i.KEY4_GPIO_Lseek   gpio.o
    0x00002690   0x00000030   Code   RO         2826    i.KEY4_GPIO_Open    gpio.o
    0x000026c0   0x00000054   Code   RO         2827    i.KEY4_GPIO_Read    gpio.o
    0x00002714   0x00000030   Code   RO         2828    i.KEY4_GPIO_Release  gpio.o
    0x00002744   0x00000044   Code   RO         2829    i.KEY5_GPIO_IRQ_Register  gpio.o
    0x00002788   0x000000d4   Code   RO         2830    i.KEY5_GPIO_Ioctl   gpio.o
    0x0000285c   0x00000010   Code   RO         2831    i.KEY5_GPIO_Lseek   gpio.o
    0x0000286c   0x00000030   Code   RO         2832    i.KEY5_GPIO_Open    gpio.o
    0x0000289c   0x00000054   Code   RO         2833    i.KEY5_GPIO_Read    gpio.o
    0x000028f0   0x00000030   Code   RO         2834    i.KEY5_GPIO_Release  gpio.o
    0x00002920   0x0000009c   Code   RO         2835    i.LED1_GPIO_Ioctl   gpio.o
    0x000029bc   0x00000030   Code   RO         2836    i.LED1_GPIO_Open    gpio.o
    0x000029ec   0x00000030   Code   RO         2837    i.LED1_GPIO_Release  gpio.o
    0x00002a1c   0x00000050   Code   RO         2838    i.LED1_GPIO_Write   gpio.o
    0x00002a6c   0x0000009c   Code   RO         2839    i.LED2_GPIO_Ioctl   gpio.o
    0x00002b08   0x00000030   Code   RO         2840    i.LED2_GPIO_Open    gpio.o
    0x00002b38   0x00000030   Code   RO         2841    i.LED2_GPIO_Release  gpio.o
    0x00002b68   0x00000050   Code   RO         2842    i.LED2_GPIO_Write   gpio.o
    0x00002bb8   0x0000009c   Code   RO         2843    i.LED3_GPIO_Ioctl   gpio.o
    0x00002c54   0x00000030   Code   RO         2844    i.LED3_GPIO_Open    gpio.o
    0x00002c84   0x00000030   Code   RO         2845    i.LED3_GPIO_Release  gpio.o
    0x00002cb4   0x00000050   Code   RO         2846    i.LED3_GPIO_Write   gpio.o
    0x00002d04   0x0000000a   Code   RO          893    i.OLED_CLS          cot_mt_oled.o
    0x00002d0e   0x00000002   PAD
    0x00002d10   0x000000a8   Code   RO          894    i.OLED_DrawBMP      cot_mt_oled.o
    0x00002db8   0x00000074   Code   RO          895    i.OLED_Fill         cot_mt_oled.o
    0x00002e2c   0x00000030   Code   RO          896    i.OLED_SetPos       cot_mt_oled.o
    0x00002e5c   0x00000118   Code   RO          901    i.OLED_register_init  cot_mt_oled.o
    0x00002f74   0x00000050   Code   RO         3120    i.RTC0_Ioctl        rtc.o
    0x00002fc4   0x00000028   Code   RO         3121    i.RTC0_Lseek        rtc.o
    0x00002fec   0x00000030   Code   RO         3122    i.RTC0_Open         rtc.o
    0x0000301c   0x0000003c   Code   RO         3123    i.RTC0_Read         rtc.o
    0x00003058   0x00000030   Code   RO         3124    i.RTC0_Release      rtc.o
    0x00003088   0x0000003c   Code   RO         3125    i.RTC0_Write        rtc.o
    0x000030c4   0x0000007c   Code   RO         6054    i.SHA256Final       algorithm lib.lib(sha256.o)
    0x00003140   0x00000248   Code   RO         6055    i.SHA256Guts        algorithm lib.lib(sha256.o)
    0x00003388   0x0000004c   Code   RO         6056    i.SHA256Init        algorithm lib.lib(sha256.o)
    0x000033d4   0x00000062   Code   RO         6057    i.SHA256Update      algorithm lib.lib(sha256.o)
    0x00003436   0x00000002   PAD
    0x00003438   0x00000078   Code   RO         3388    i.SPI1_Ioctl        spi1.o
    0x000034b0   0x00000030   Code   RO         3389    i.SPI1_Lseek        spi1.o
    0x000034e0   0x00000030   Code   RO         3390    i.SPI1_Open         spi1.o
    0x00003510   0x000000e0   Code   RO         3391    i.SPI1_Read         spi1.o
    0x000035f0   0x00000030   Code   RO         3392    i.SPI1_Release      spi1.o
    0x00003620   0x000000dc   Code   RO         3393    i.SPI1_Write        spi1.o
    0x000036fc   0x00000068   Code   RO         2741    i.SPI_Ioctl         spi.o
    0x00003764   0x0000003c   Code   RO         2742    i.SPI_Lseek         spi.o
    0x000037a0   0x00000030   Code   RO         2743    i.SPI_Open          spi.o
    0x000037d0   0x00000108   Code   RO         2744    i.SPI_Read          spi.o
    0x000038d8   0x00000030   Code   RO         2745    i.SPI_Release       spi.o
    0x00003908   0x00000104   Code   RO         2746    i.SPI_Write         spi.o
    0x00003a0c   0x00000044   Code   RO         2847    i.SX1280_GPIO_IRQ_Register  gpio.o
    0x00003a50   0x000000e8   Code   RO         2848    i.SX1280_GPIO_Ioctl  gpio.o
    0x00003b38   0x0000001c   Code   RO         2849    i.SX1280_GPIO_Lseek  gpio.o
    0x00003b54   0x00000030   Code   RO         2850    i.SX1280_GPIO_Open  gpio.o
    0x00003b84   0x00000080   Code   RO         2851    i.SX1280_GPIO_Read  gpio.o
    0x00003c04   0x00000030   Code   RO         2852    i.SX1280_GPIO_Release  gpio.o
    0x00003c34   0x00000064   Code   RO         2853    i.SX1280_GPIO_Write  gpio.o
    0x00003c98   0x000000b0   Code   RO         2558    i.USART_Ioctl       uart.o
    0x00003d48   0x00000030   Code   RO         2559    i.USART_Open        uart.o
    0x00003d78   0x00000058   Code   RO         2560    i.USART_Read        uart.o
    0x00003dd0   0x00000030   Code   RO         2561    i.USART_Release     uart.o
    0x00003e00   0x0000005c   Code   RO         2562    i.USART_Write       uart.o
    0x00003e5c   0x00000012   Code   RO          902    i.WriteCmd          cot_mt_oled.o
    0x00003e6e   0x00000012   Code   RO          903    i.WriteDat          cot_mt_oled.o
    0x00003e80   0x00000008   Code   RO         1224    i._Z10get_dev_idv   rfparamconfig.o
    0x00003e88   0x0000002c   Code   RO         5444    i._Z11OnRxTimeoutv  COT-M_SDK_RF_LIB.lib(cot_mac.o)
    0x00003eb4   0x0000002c   Code   RO         5445    i._Z11OnTxTimeoutv  COT-M_SDK_RF_LIB.lib(cot_mac.o)
    0x00003ee0   0x0000001a   Code   RO         5446    i._Z11ReadDataOtpPhjj  COT-M_SDK_RF_LIB.lib(cot_mac.o)
    0x00003efa   0x00000002   PAD
    0x00003efc   0x00000098   Code   RO         5447    i._Z11verify_signv  COT-M_SDK_RF_LIB.lib(cot_mac.o)
    0x00003f94   0x000004e0   Code   RO         5821    i._Z13CheckDistanceP18ModulationParams_t  COT-M_SDK_RANGING_LIB.lib(cot_ranging.o)
    0x00004474   0x00000042   Code   RO         1227    i._Z13DataFlashInitP12ConfigData_t  rfparamconfig.o
    0x000044b6   0x00000002   PAD
    0x000044b8   0x00000078   Code   RO         5448    i._Z13OnRangingDone16IrqRangingCode_t  COT-M_SDK_RF_LIB.lib(cot_mac.o)
    0x00004530   0x0000002c   Code   RO         5449    i._Z14phy_layer_inith  COT-M_SDK_RF_LIB.lib(cot_mac.o)
    0x0000455c   0x00000020   Code   RO         5450    i._Z14sx1280_dio_isrv  COT-M_SDK_RF_LIB.lib(cot_mac.o)
    0x0000457c   0x00000748   Code   RO         5451    i._Z15get_time_on_airh18ModulationParams_t14PacketParams_t  COT-M_SDK_RF_LIB.lib(cot_mac.o)
    0x00004cc4   0x000000cc   Code   RO         5452    i._Z15init_parametersP18PHYParamSettings_t  COT-M_SDK_RF_LIB.lib(cot_mac.o)
    0x00004d90   0x0000001c   Code   RO         5453    i._Z15phy_get_payloadPhS_h  COT-M_SDK_RF_LIB.lib(cot_mac.o)
    0x00004dac   0x0000001e   Code   RO         1229    i._Z16LoRaMAC_BKDRHashPh  rfparamconfig.o
    0x00004dca   0x00000002   PAD
    0x00004dcc   0x00000020   Code   RO         5454    i._Z16phy_send_payloadPhh10TickTime_s  COT-M_SDK_RF_LIB.lib(cot_mac.o)
    0x00004dec   0x00000010   Code   RO         5455    i._Z16phy_set_radio_rx10TickTime_s  COT-M_SDK_RF_LIB.lib(cot_mac.o)
    0x00004dfc   0x00000010   Code   RO         5456    i._Z16phy_set_radio_tx10TickTime_s  COT-M_SDK_RF_LIB.lib(cot_mac.o)
    0x00004e0c   0x000000cc   Code   RO         5457    i._Z16send_mac_ack_msgj  COT-M_SDK_RF_LIB.lib(cot_mac.o)
    0x00004ed8   0x000002d0   Code   RO         5458    i._Z18ParametersSettingsP18PHYParamSettings_t  COT-M_SDK_RF_LIB.lib(cot_mac.o)
    0x000051a8   0x00000044   Code   RO         5459    i._Z18set_workparametersv  COT-M_SDK_RF_LIB.lib(cot_mac.o)
    0x000051ec   0x000001ee   Code   RO         1230    i._Z19sample_rf_param_get12ConfigData_tP18PHYParamSettings_t  rfparamconfig.o
    0x000053da   0x00000002   PAD
    0x000053dc   0x00000014   Code   RO         5460    i._Z20phy_set_rf_frequencyj  COT-M_SDK_RF_LIB.lib(cot_mac.o)
    0x000053f0   0x0000005c   Code   RO         1231    i._Z21DataFlashDataCheckSumPh  rfparamconfig.o
    0x0000544c   0x00000212   Code   RO         1232    i._Z21DataFlashLoadSettingsPhP12ConfigData_t  rfparamconfig.o
    0x0000565e   0x000002bc   Code   RO         1233    i._Z21DataFlashSaveSettingsPhP12ConfigData_tb21RF_RadioPacketTypes_t  rfparamconfig.o
    0x0000591a   0x00000002   PAD
    0x0000591c   0x00000028   Code   RO         1234    i._Z21LoRaMAC_IDHashProgramv  rfparamconfig.o
    0x00005944   0x00000090   Code   RO          388    i._Z21cot_sample_msg_handleP13cot_mac_msg_t  sample_multiple_anchor_app.o
    0x000059d4   0x0000000c   Code   RO         5461    i._Z21get_mac_layer_task_idv  COT-M_SDK_RF_LIB.lib(cot_mac.o)
    0x000059e0   0x00000048   Code   RO          389    i._Z21master_broadcast_datav  sample_multiple_anchor_app.o
    0x00005a28   0x00000070   Code   RO          390    i._Z21master_handshake_datah  sample_multiple_anchor_app.o
    0x00005a98   0x00000014   Code   RO         5462    i._Z21phy_get_packet_statusP14PacketStatus_t  COT-M_SDK_RF_LIB.lib(cot_mac.o)
    0x00005aac   0x0000001c   Code   RO         5463    i._Z21phy_set_dio_irq_paramtt  COT-M_SDK_RF_LIB.lib(cot_mac.o)
    0x00005ac8   0x00000018   Code   RO         1235    i._Z22DataFlashMcuReadBuffertPht  rfparamconfig.o
    0x00005ae0   0x00000014   Code   RO         5464    i._Z22phy_get_ranging_result25RadioRangingResultTypes_t  COT-M_SDK_RF_LIB.lib(cot_mac.o)
    0x00005af4   0x00000058   Code   RO         1236    i._Z23DataFlashMcuWriteBuffertPht  rfparamconfig.o
    0x00005b4c   0x00000058   Code   RO         5465    i._Z23cot_phy_SetPacketParamshP14PacketParams_t  COT-M_SDK_RF_LIB.lib(cot_mac.o)
    0x00005ba4   0x0000004c   Code   RO         5466    i._Z23get_radio_channel_powerv  COT-M_SDK_RF_LIB.lib(cot_mac.o)
    0x00005bf0   0x00000084   Code   RO          392    i._Z23master_handdisance_datah  sample_multiple_anchor_app.o
    0x00005c74   0x00000010   Code   RO         5467    i._Z23phy_get_frequency_errorv  COT-M_SDK_RF_LIB.lib(cot_mac.o)
    0x00005c84   0x00000038   Code   RO         5468    i._Z24send_mac_paylod_to_radioPhjP14PacketParams_tt10TickTime_s  COT-M_SDK_RF_LIB.lib(cot_mac.o)
    0x00005cbc   0x00000010   Code   RO         5469    i._Z24set_ModulationParametersP18PHYParamSettings_t  COT-M_SDK_RF_LIB.lib(cot_mac.o)
    0x00005ccc   0x0000009c   Code   RO         5470    i._Z25send_mac_msg_to_app_layerP17cot_phy_payload_tt  COT-M_SDK_RF_LIB.lib(cot_mac.o)
    0x00005d68   0x00000178   Code   RO         6759    i._Z25send_pkg_by_backoffPeriodPhjP18ModulationParams_tP14PacketParams_tt10TickTime_s  COT-M_SDK_RF_LIB.lib(cot_mac_protocol_parse.o)
    0x00005ee0   0x00000380   Code   RO         5471    i._Z26cot_mac_layer_processeventht  COT-M_SDK_RF_LIB.lib(cot_mac.o)
    0x00006260   0x00000080   Code   RO         6760    i._Z26get_symbols_of_ack_in_lr2427RadioLoRaSpreadingFactors_t21RadioLoRaBandwidths_t  COT-M_SDK_RF_LIB.lib(cot_mac_protocol_parse.o)
    0x000062e0   0x00000158   Code   RO         1237    i._Z27DataFlashSetDefaultSettingsPhP12ConfigData_t  rfparamconfig.o
    0x00006438   0x00000074   Code   RO          393    i._Z27phy_button_process_osal_msgP18mt_osal_msg_data_t  sample_multiple_anchor_app.o
    0x000064ac   0x00000170   Code   RO         1238    i._Z28DataFlashLoadGeneralSettingsPhP12ConfigData_t  rfparamconfig.o
    0x0000661c   0x0000008a   Code   RO         6762    i._Z30get_unit_backoff_period_in_fsk22RadioGfskBleBitrates_tPi  COT-M_SDK_RF_LIB.lib(cot_mac_protocol_parse.o)
    0x000066a6   0x00000050   Code   RO         6763    i._Z31get_unit_backoff_period_in_flrc19RadioFlrcBitrates_tPi  COT-M_SDK_RF_LIB.lib(cot_mac_protocol_parse.o)
    0x000066f6   0x0000008a   Code   RO         6764    i._Z31get_unit_backoff_period_in_lr2427RadioLoRaSpreadingFactors_t21RadioLoRaBandwidths_tPiS1_  COT-M_SDK_RF_LIB.lib(cot_mac_protocol_parse.o)
    0x00006780   0x0000020c   Code   RO         5472    i._Z32cot_mac_layer_system_msg_processP13cot_mac_msg_t  COT-M_SDK_RF_LIB.lib(cot_mac.o)
    0x0000698c   0x0000005c   Code   RO          394    i._Z32mac_layer_system_message_processP13cot_mac_msg_t  sample_multiple_anchor_app.o
    0x000069e8   0x0000005e   Code   RO         6765    i._Z37cot_mac_msg_format_to_cot_phy_payloadPhtjjhP17cot_phy_payload_tPj  COT-M_SDK_RF_LIB.lib(cot_mac_protocol_parse.o)
    0x00006a46   0x00000002   PAD
    0x00006a48   0x0000002c   Code   RO         5473    i._Z39phy_set_modulation_and_packettype_paramP18ModulationParams_tP14PacketParams_t  COT-M_SDK_RF_LIB.lib(cot_mac.o)
    0x00006a74   0x00000014   Code   RO         6766    i._Z40cot_mac_protocol_parse_callback_registerPFavEPFvPhjP14PacketParams_tt10TickTime_sE  COT-M_SDK_RF_LIB.lib(cot_mac_protocol_parse.o)
    0x00006a88   0x000000d0   Code   RO         6767    i._Z40cot_phy_payload_format_to_radio_ram_dataP17cot_phy_payload_ttPhPj  COT-M_SDK_RF_LIB.lib(cot_mac_protocol_parse.o)
    0x00006b58   0x000000c0   Code   RO         6768    i._Z40radio_ram_data_format_to_cot_phy_payloadPhjP17cot_phy_payload_tPt  COT-M_SDK_RF_LIB.lib(cot_mac_protocol_parse.o)
    0x00006c18   0x00000044   Code   RO         5474    i._Z58phy_set_ranging_slave_mode_modulation_and_packettype_paramP18ModulationParams_tP14PacketParams_t  COT-M_SDK_RF_LIB.lib(cot_mac.o)
    0x00006c5c   0x00000044   Code   RO         5475    i._Z59phy_set_ranging_master_mode_modulation_and_packettype_paramP18ModulationParams_tP14PacketParams_t  COT-M_SDK_RF_LIB.lib(cot_mac.o)
    0x00006ca0   0x0000002c   Code   RO         5476    i._Z8OnRxDonev      COT-M_SDK_RF_LIB.lib(cot_mac.o)
    0x00006ccc   0x0000002c   Code   RO         5477    i._Z8OnTxDonev      COT-M_SDK_RF_LIB.lib(cot_mac.o)
    0x00006cf8   0x0000002c   Code   RO         5478    i._Z9OnRxError14IrqErrorCode_t  COT-M_SDK_RF_LIB.lib(cot_mac.o)
    0x00006d24   0x00000038   Code   RO         6100    i._ZN6SX128010GetPayloadEPhS0_h  COT-M_SDK_RF_LIB.lib(sx1280.o)
    0x00006d5c   0x0000006c   Code   RO         6101    i._ZN6SX128010SetCrcSeedEPh  COT-M_SDK_RF_LIB.lib(sx1280.o)
    0x00006dc8   0x00000020   Code   RO         6102    i._ZN6SX128010SetPayloadEPhhh  COT-M_SDK_RF_LIB.lib(sx1280.o)
    0x00006de8   0x00000028   Code   RO         6103    i._ZN6SX128010SetStandbyE19RadioStandbyModes_t  COT-M_SDK_RF_LIB.lib(sx1280.o)
    0x00006e10   0x00000026   Code   RO         6104    i._ZN6SX128011GetRssiInstEv  COT-M_SDK_RF_LIB.lib(sx1280.o)
    0x00006e36   0x00000298   Code   RO         6105    i._ZN6SX128011ProcessIrqsEv  COT-M_SDK_RF_LIB.lib(sx1280.o)
    0x000070ce   0x00000024   Code   RO         6106    i._ZN6SX128011SendPayloadEPhh10TickTime_sh  COT-M_SDK_RF_LIB.lib(sx1280.o)
    0x000070f2   0x000000ac   Code   RO         6107    i._ZN6SX128011SetSyncWordEhPh  COT-M_SDK_RF_LIB.lib(sx1280.o)
    0x0000719e   0x00000026   Code   RO         6108    i._ZN6SX128011SetTxParamsEa16RadioRampTimes_t  COT-M_SDK_RF_LIB.lib(sx1280.o)
    0x000071c4   0x0000001a   Code   RO         6109    i._ZN6SX128011complement2Ejh  COT-M_SDK_RF_LIB.lib(sx1280.o)
    0x000071de   0x00000020   Code   RO         6110    i._ZN6SX128012GetIrqStatusEv  COT-M_SDK_RF_LIB.lib(sx1280.o)
    0x000071fe   0x0000003c   Code   RO         6112    i._ZN6SX128013GetPacketTypeEb  COT-M_SDK_RF_LIB.lib(sx1280.o)
    0x0000723a   0x0000001c   Code   RO         6113    i._ZN6SX128013SetPacketTypeE18RadioPacketTypes_t  COT-M_SDK_RF_LIB.lib(sx1280.o)
    0x00007256   0x00000022   Code   RO         6114    i._ZN6SX128014ClearIrqStatusEt  COT-M_SDK_RF_LIB.lib(sx1280.o)
    0x00007278   0x00000018   Code   RO         6116    i._ZN6SX128014SetRangingRoleE19RadioRangingRoles_t  COT-M_SDK_RF_LIB.lib(sx1280.o)
    0x00007290   0x00000094   Code   RO         6117    i._ZN6SX128014SetRfFrequencyEj  COT-M_SDK_RF_LIB.lib(sx1280.o)
    0x00007324   0x00000014   Code   RO         6119    i._ZN6SX128014SetSaveContextEv  COT-M_SDK_RF_LIB.lib(sx1280.o)
    0x00007338   0x0000025e   Code   RO         6120    i._ZN6SX128015GetPacketStatusEP14PacketStatus_t  COT-M_SDK_RF_LIB.lib(sx1280.o)
    0x00007596   0x00000058   Code   RO         6121    i._ZN6SX128015SetDioIrqParamsEtttt  COT-M_SDK_RF_LIB.lib(sx1280.o)
    0x000075ee   0x00000114   Code   RO         6123    i._ZN6SX128015SetPacketParamsEP14PacketParams_t  COT-M_SDK_RF_LIB.lib(sx1280.o)
    0x00007702   0x00000002   PAD
    0x00007704   0x00000040   Code   RO         6125    i._ZN6SX128016GetLoRaBandwidthEv  COT-M_SDK_RF_LIB.lib(sx1280.o)
    0x00007744   0x00000174   Code   RO         6126    i._ZN6SX128016GetRangingResultE25RadioRangingResultTypes_t  COT-M_SDK_RF_LIB.lib(sx1280.o)
    0x000078b8   0x0000003c   Code   RO         6127    i._ZN6SX128016SetCrcPolynomialEt  COT-M_SDK_RF_LIB.lib(sx1280.o)
    0x000078f4   0x00000014   Code   RO         6129    i._ZN6SX128016SetRegulatorModeE21RadioRegulatorModes_t  COT-M_SDK_RF_LIB.lib(sx1280.o)
    0x00007908   0x0000012c   Code   RO         6131    i._ZN6SX128017GetFrequencyErrorEv  COT-M_SDK_RF_LIB.lib(sx1280.o)
    0x00007a34   0x00000054   Code   RO         6132    i._ZN6SX128017GetRxBufferStatusEPhS0_  COT-M_SDK_RF_LIB.lib(sx1280.o)
    0x00007a88   0x000000b2   Code   RO         6136    i._ZN6SX128019SetModulationParamsEP18ModulationParams_t  COT-M_SDK_RF_LIB.lib(sx1280.o)
    0x00007b3a   0x00000036   Code   RO         6139    i._ZN6SX128021SetRangingCalibrationEt  COT-M_SDK_RF_LIB.lib(sx1280.o)
    0x00007b70   0x00000020   Code   RO         6140    i._ZN6SX128022SetBufferBaseAddressesEhh  COT-M_SDK_RF_LIB.lib(sx1280.o)
    0x00007b90   0x00000042   Code   RO         6141    i._ZN6SX128023SetDeviceRangingAddressEj  COT-M_SDK_RF_LIB.lib(sx1280.o)
    0x00007bd2   0x00000042   Code   RO         6144    i._ZN6SX128024SetRangingRequestAddressEj  COT-M_SDK_RF_LIB.lib(sx1280.o)
    0x00007c14   0x00000022   Code   RO         6147    i._ZN6SX12804InitEv  COT-M_SDK_RF_LIB.lib(sx1280.o)
    0x00007c36   0x00000056   Code   RO         6149    i._ZN6SX12805SetRxE10TickTime_s  COT-M_SDK_RF_LIB.lib(sx1280.o)
    0x00007c8c   0x00000056   Code   RO         6150    i._ZN6SX12805SetTxE10TickTime_s  COT-M_SDK_RF_LIB.lib(sx1280.o)
    0x00007ce2   0x0000001a   Code   RO         6152    i._ZN6SX12808OnDioIrqEv  COT-M_SDK_RF_LIB.lib(sx1280.o)
    0x00007cfc   0x00000048   Code   RO         6153    i._ZN6SX12808SetSleepE13SleepParams_t  COT-M_SDK_RF_LIB.lib(sx1280.o)
    0x00007d44   0x0000005c   Code   RO         6696    i._ZN6SX1280C2EP16RadioCallbacks_t  COT-M_SDK_RF_LIB.lib(sx1280-hal.o)
    0x00007da0   0x00000066   Code   RO         6547    i._ZN9SX1280Hal10ReadBufferEhPhh  COT-M_SDK_RF_LIB.lib(sx1280-hal.o)
    0x00007e06   0x00000032   Code   RO         6548    i._ZN9SX1280Hal10WaitOnBusyEv  COT-M_SDK_RF_LIB.lib(sx1280-hal.o)
    0x00007e38   0x00000060   Code   RO         6549    i._ZN9SX1280Hal11ReadCommandE15RadioCommands_uPht  COT-M_SDK_RF_LIB.lib(sx1280-hal.o)
    0x00007e98   0x0000005c   Code   RO         6551    i._ZN9SX1280Hal11WriteBufferEhPhh  COT-M_SDK_RF_LIB.lib(sx1280-hal.o)
    0x00007ef4   0x0000001a   Code   RO         6554    i._ZN9SX1280Hal12ReadRegisterEt  COT-M_SDK_RF_LIB.lib(sx1280-hal.o)
    0x00007f0e   0x00000076   Code   RO         6555    i._ZN9SX1280Hal12ReadRegisterEtPht  COT-M_SDK_RF_LIB.lib(sx1280-hal.o)
    0x00007f84   0x00000052   Code   RO         6556    i._ZN9SX1280Hal12WriteCommandE15RadioCommands_uPht  COT-M_SDK_RF_LIB.lib(sx1280-hal.o)
    0x00007fd6   0x0000006c   Code   RO         6557    i._ZN9SX1280Hal13WriteRegisterEtPht  COT-M_SDK_RF_LIB.lib(sx1280-hal.o)
    0x00008042   0x00000016   Code   RO         6558    i._ZN9SX1280Hal13WriteRegisterEth  COT-M_SDK_RF_LIB.lib(sx1280-hal.o)
    0x00008058   0x0000005a   Code   RO         6560    i._ZN9SX1280Hal5ResetEv  COT-M_SDK_RF_LIB.lib(sx1280-hal.o)
    0x000080b2   0x0000004c   Code   RO         6561    i._ZN9SX1280Hal6WakeupEv  COT-M_SDK_RF_LIB.lib(sx1280-hal.o)
    0x000080fe   0x00000002   PAD
    0x00008100   0x00000068   Code   RO         6562    i._ZN9SX1280Hal7HalInitEv  COT-M_SDK_RF_LIB.lib(sx1280-hal.o)
    0x00008168   0x00000028   Code   RO         6565    i._ZN9SX1280Hal8HalSleepEv  COT-M_SDK_RF_LIB.lib(sx1280-hal.o)
    0x00008190   0x00000002   Code   RO         6567    i._ZN9SX1280Hal9IoIrqInitEM6SX1280FvvE  COT-M_SDK_RF_LIB.lib(sx1280-hal.o)
    0x00008192   0x00000002   PAD
    0x00008194   0x0000001c   Code   RO         6568    i._ZN9SX1280HalC1EP16RadioCallbacks_t  COT-M_SDK_RF_LIB.lib(sx1280-hal.o)
    0x000081b0   0x0000000e   Code   RO         6570    i._ZN9SX1280HalD1Ev  COT-M_SDK_RF_LIB.lib(sx1280-hal.o)
    0x000081be   0x00000034   Code   RO         5876    i._ZSt3powdi        COT-M_SDK_RANGING_LIB.lib(cot_ranging.o)
    0x000081f2   0x00000018   Code   RO         5710    i._ZSt4ceilf        COT-M_SDK_RF_LIB.lib(cot_mac.o)
    0x0000820a   0x00000030   Code   RO         7610    i.__ARM_fpclassify  m_wm.l(fpclassify.o)
    0x0000823a   0x00000032   Code   RO         7314    i.__aeabi_atexit    cpprt_w.l(aeabi_atexit.o)
    0x0000826c   0x00000042   Code   RO         7565    i.__cxa_finalize    cpprt_w.l(cxa_finalize.o)
    0x000082ae   0x00000006   Code   RO         7205    i.__cxa_pure_virtual  cpprt_w.l(pure_virt.o)
    0x000082b4   0x00000004   PAD
    0x000082b8   0x00000118   Code   RO         7351    i.__hardfp_ceil     m_wm.l(ceil.o)
    0x000083d0   0x0000006c   Code   RO         7357    i.__hardfp_ceilf    m_wm.l(ceilf.o)
    0x0000843c   0x00000004   PAD
    0x00008440   0x00000118   Code   RO         7383    i.__hardfp_floor    m_wm.l(floor.o)
    0x00008558   0x00000c38   Code   RO         7389    i.__hardfp_pow      m_wm.l(pow.o)
    0x00009190   0x000000f8   Code   RO         7612    i.__kernel_poly     m_wm.l(poly.o)
    0x00009288   0x00000030   Code   RO         7596    i.__mathlib_dbl_divzero  m_wm.l(dunder.o)
    0x000092b8   0x00000014   Code   RO         7598    i.__mathlib_dbl_infnan2  m_wm.l(dunder.o)
    0x000092cc   0x00000004   PAD
    0x000092d0   0x00000020   Code   RO         7599    i.__mathlib_dbl_invalid  m_wm.l(dunder.o)
    0x000092f0   0x00000020   Code   RO         7600    i.__mathlib_dbl_overflow  m_wm.l(dunder.o)
    0x00009310   0x00000020   Code   RO         7602    i.__mathlib_dbl_underflow  m_wm.l(dunder.o)
    0x00009330   0x00000028   Code   RO         5479    i.__sti___11_cot_mac_cpp_be55acdf  COT-M_SDK_RF_LIB.lib(cot_mac.o)
    0x00009358   0x00000042   Code   RO         6058    i._byteswap64       algorithm lib.lib(sha256.o)
    0x0000939a   0x0000000e   Code   RO         7155    i._is_digit         c_w.l(__printf_wp.o)
    0x000093a8   0x000000a0   Code   RO         3205    i.adc_disable       adc.o
    0x00009448   0x000000b8   Code   RO         3206    i.adc_enable        adc.o
    0x00009500   0x00000064   Code   RO         3208    i.am_adc_isr        adc.o
    0x00009564   0x00000026   Code   RO         3455    i.am_bsp_low_power_init  am_bsp.o
    0x0000958a   0x0000000a   Code   RO         3126    i.am_clkgen_isr     rtc.o
    0x00009594   0x0000000e   Code   RO         2505    i.am_ctimer_isr     hal_timers.o
    0x000095a2   0x000000e0   Code   RO         2854    i.am_gpio_isr       gpio.o
    0x00009682   0x00000002   PAD
    0x00009684   0x00000090   Code   RO         3497    i.am_hal_adc_config  am_hal_adc.o
    0x00009714   0x00000014   Code   RO         3498    i.am_hal_adc_disable  am_hal_adc.o
    0x00009728   0x00000014   Code   RO         3499    i.am_hal_adc_enable  am_hal_adc.o
    0x0000973c   0x00000034   Code   RO         3500    i.am_hal_adc_fifo_read  am_hal_adc.o
    0x00009770   0x00000018   Code   RO         3503    i.am_hal_adc_int_enable  am_hal_adc.o
    0x00009788   0x00000014   Code   RO         3507    i.am_hal_adc_slot_config  am_hal_adc.o
    0x0000979c   0x0000000c   Code   RO         3509    i.am_hal_adc_trigger  am_hal_adc.o
    0x000097a8   0x00000010   Code   RO         3615    i.am_hal_clkgen_osc_start  am_hal_clkgen.o
    0x000097b8   0x00000010   Code   RO         3616    i.am_hal_clkgen_osc_stop  am_hal_clkgen.o
    0x000097c8   0x00000060   Code   RO         3617    i.am_hal_clkgen_sysclk_get  am_hal_clkgen.o
    0x00009828   0x00000012   Code   RO         3618    i.am_hal_clkgen_sysclk_select  am_hal_clkgen.o
    0x0000983a   0x00000002   PAD
    0x0000983c   0x00000018   Code   RO         3704    i.am_hal_ctimer_clear  am_hal_ctimer.o
    0x00009854   0x00000028   Code   RO         3706    i.am_hal_ctimer_config  am_hal_ctimer.o
    0x0000987c   0x0000000c   Code   RO         3708    i.am_hal_ctimer_int_clear  am_hal_ctimer.o
    0x00009888   0x00000018   Code   RO         3709    i.am_hal_ctimer_int_disable  am_hal_ctimer.o
    0x000098a0   0x00000018   Code   RO         3710    i.am_hal_ctimer_int_enable  am_hal_ctimer.o
    0x000098b8   0x00000094   Code   RO         3716    i.am_hal_ctimer_period_set  am_hal_ctimer.o
    0x0000994c   0x00000020   Code   RO         3721    i.am_hal_ctimer_start  am_hal_ctimer.o
    0x0000996c   0x00000018   Code   RO         3722    i.am_hal_ctimer_stop  am_hal_ctimer.o
    0x00009984   0x00000004   Code   RO         3841    i.am_hal_debug_error  am_hal_debug.o
    0x00009988   0x00000018   Code   RO         3855    i.am_hal_flash_load_ui32  am_hal_flash.o
    0x000099a0   0x0000001c   Code   RO         3858    i.am_hal_flash_page_erase  am_hal_flash.o
    0x000099bc   0x00000024   Code   RO         3859    i.am_hal_flash_program_main  am_hal_flash.o
    0x000099e0   0x00000014   Code   RO         3936    i.am_hal_gpio_int_clear  am_hal_gpio.o
    0x000099f4   0x00000024   Code   RO         3937    i.am_hal_gpio_int_disable  am_hal_gpio.o
    0x00009a18   0x00000024   Code   RO         3938    i.am_hal_gpio_int_enable  am_hal_gpio.o
    0x00009a3c   0x00000064   Code   RO         3941    i.am_hal_gpio_int_register  am_hal_gpio.o
    0x00009aa0   0x00000054   Code   RO         3942    i.am_hal_gpio_int_service  am_hal_gpio.o
    0x00009af4   0x0000004c   Code   RO         3944    i.am_hal_gpio_int_status_get  am_hal_gpio.o
    0x00009b40   0x0000005c   Code   RO         4070    i.am_hal_interrupt_disable  am_hal_interrupt.o
    0x00009b9c   0x0000005c   Code   RO         4071    i.am_hal_interrupt_enable  am_hal_interrupt.o
    0x00009bf8   0x00000160   Code   RO         4110    i.am_hal_iom_config  am_hal_iom.o
    0x00009d58   0x00000090   Code   RO         4111    i.am_hal_iom_disable  am_hal_iom.o
    0x00009de8   0x00000090   Code   RO         4112    i.am_hal_iom_enable  am_hal_iom.o
    0x00009e78   0x0000002c   Code   RO         4114    i.am_hal_iom_fifo_empty_slots  am_hal_iom.o
    0x00009ea4   0x00000024   Code   RO         4115    i.am_hal_iom_fifo_full_slots  am_hal_iom.o
    0x00009ec8   0x000000dc   Code   RO         4116    i.am_hal_iom_fifo_read  am_hal_iom.o
    0x00009fa4   0x000000a8   Code   RO         4117    i.am_hal_iom_fifo_write  am_hal_iom.o
    0x0000a04c   0x00000018   Code   RO         4132    i.am_hal_iom_poll_complete  am_hal_iom.o
    0x0000a064   0x000000ec   Code   RO         4138    i.am_hal_iom_queue_spi_read  am_hal_iom.o
    0x0000a150   0x000000ec   Code   RO         4139    i.am_hal_iom_queue_spi_write  am_hal_iom.o
    0x0000a23c   0x00000048   Code   RO         4141    i.am_hal_iom_sleeping_queue_flush  am_hal_iom.o
    0x0000a284   0x0000008c   Code   RO         4142    i.am_hal_iom_spi_cmd_run  am_hal_iom.o
    0x0000a310   0x00000114   Code   RO         4143    i.am_hal_iom_spi_read  am_hal_iom.o
    0x0000a424   0x00000158   Code   RO         4144    i.am_hal_iom_spi_read_nb  am_hal_iom.o
    0x0000a57c   0x000001bc   Code   RO         4145    i.am_hal_iom_spi_read_nq  am_hal_iom.o
    0x0000a738   0x000000ec   Code   RO         4146    i.am_hal_iom_spi_write  am_hal_iom.o
    0x0000a824   0x0000016c   Code   RO         4147    i.am_hal_iom_spi_write_nb  am_hal_iom.o
    0x0000a990   0x000001bc   Code   RO         4148    i.am_hal_iom_spi_write_nq  am_hal_iom.o
    0x0000ab4c   0x00000010   Code   RO         4678    i.am_hal_mcuctrl_bandgap_disable  am_hal_mcuctrl.o
    0x0000ab5c   0x0000000c   Code   RO         4679    i.am_hal_mcuctrl_bandgap_enable  am_hal_mcuctrl.o
    0x0000ab68   0x00000038   Code   RO         4681    i.am_hal_mcuctrl_bucks_enable  am_hal_mcuctrl.o
    0x0000aba0   0x000000e4   Code   RO         4682    i.am_hal_mcuctrl_device_info_get  am_hal_mcuctrl.o
    0x0000ac84   0x00000040   Code   RO         4685    i.am_hal_mcuctrl_fault_status  am_hal_mcuctrl.o
    0x0000acc4   0x00000066   Code   RO         4787    i.am_hal_queue_item_add  am_hal_queue.o
    0x0000ad2a   0x000000ac   Code   RO         4848    i.am_hal_rtc_alarm_set  am_hal_rtc.o
    0x0000add6   0x00000002   PAD
    0x0000add8   0x0000000c   Code   RO         4849    i.am_hal_rtc_int_clear  am_hal_rtc.o
    0x0000ade4   0x00000014   Code   RO         4850    i.am_hal_rtc_int_disable  am_hal_rtc.o
    0x0000adf8   0x00000014   Code   RO         4851    i.am_hal_rtc_int_enable  am_hal_rtc.o
    0x0000ae0c   0x00000012   Code   RO         4855    i.am_hal_rtc_osc_disable  am_hal_rtc.o
    0x0000ae1e   0x00000012   Code   RO         4856    i.am_hal_rtc_osc_enable  am_hal_rtc.o
    0x0000ae30   0x00000026   Code   RO         4857    i.am_hal_rtc_osc_select  am_hal_rtc.o
    0x0000ae56   0x0000008a   Code   RO         4859    i.am_hal_rtc_time_get  am_hal_rtc.o
    0x0000aee0   0x000000b8   Code   RO         4860    i.am_hal_rtc_time_set  am_hal_rtc.o
    0x0000af98   0x00000040   Code   RO         4957    i.am_hal_sysctrl_sleep  am_hal_sysctrl.o
    0x0000afd8   0x00000012   Code   RO         5003    i.am_hal_systick_int_enable  am_hal_systick.o
    0x0000afea   0x00000008   Code   RO         5005    i.am_hal_systick_load  am_hal_systick.o
    0x0000aff2   0x00000012   Code   RO         5007    i.am_hal_systick_start  am_hal_systick.o
    0x0000b004   0x00000012   Code   RO         5008    i.am_hal_systick_stop  am_hal_systick.o
    0x0000b016   0x00000002   PAD
    0x0000b018   0x00000034   Code   RO         5132    i.am_hal_uart_char_receive_buffered  am_hal_uart.o
    0x0000b04c   0x00000034   Code   RO         5134    i.am_hal_uart_char_transmit_buffered  am_hal_uart.o
    0x0000b080   0x00000024   Code   RO         5136    i.am_hal_uart_clock_disable  am_hal_uart.o
    0x0000b0a4   0x0000002c   Code   RO         5137    i.am_hal_uart_clock_enable  am_hal_uart.o
    0x0000b0d0   0x00000058   Code   RO         5138    i.am_hal_uart_config  am_hal_uart.o
    0x0000b128   0x00000014   Code   RO         5139    i.am_hal_uart_disable  am_hal_uart.o
    0x0000b13c   0x00000014   Code   RO         5140    i.am_hal_uart_enable  am_hal_uart.o
    0x0000b150   0x00000018   Code   RO         5141    i.am_hal_uart_fifo_config  am_hal_uart.o
    0x0000b168   0x0000000c   Code   RO         5142    i.am_hal_uart_flags_get  am_hal_uart.o
    0x0000b174   0x00000040   Code   RO         5144    i.am_hal_uart_init_buffered  am_hal_uart.o
    0x0000b1b4   0x0000000c   Code   RO         5145    i.am_hal_uart_int_clear  am_hal_uart.o
    0x0000b1c0   0x00000010   Code   RO         5147    i.am_hal_uart_int_enable  am_hal_uart.o
    0x0000b1d0   0x00000014   Code   RO         5149    i.am_hal_uart_int_status_get  am_hal_uart.o
    0x0000b1e4   0x0000000a   Code   RO         5151    i.am_hal_uart_ring_buffer_space_left  am_hal_uart.o
    0x0000b1ee   0x00000002   PAD
    0x0000b1f0   0x0000006c   Code   RO         5152    i.am_hal_uart_service_buffered  am_hal_uart.o
    0x0000b25c   0x0000000c   Code   RO         5306    i.am_hal_vcomp_disable  am_hal_vcomp.o
    0x0000b268   0x0000002c   Code   RO         5010    i.am_systick_isr    am_hal_systick.o
    0x0000b294   0x0000001e   Code   RO         2563    i.am_uart_isr       uart.o
    0x0000b2b2   0x0000001c   Code   RO         1986    i.am_util_delay_ms  am_util_delay.o
    0x0000b2ce   0x00000002   PAD
    0x0000b2d0   0x00000020   Code   RO         1987    i.am_util_delay_us  am_util_delay.o
    0x0000b2f0   0x000004e4   Code   RO         2020    i.am_util_faultisr_collect_data  am_util_faultisr.o
    0x0000b7d4   0x00000030   Code   RO         2204    i.am_util_stdio_printf  am_util_stdio.o
    0x0000b804   0x0000000c   Code   RO         2205    i.am_util_stdio_printf_init  am_util_stdio.o
    0x0000b810   0x000003b4   Code   RO         2210    i.am_util_stdio_vsprintf  am_util_stdio.o
    0x0000bbc4   0x0000011c   Code   RO          650    i.base64Decode      base64.o
    0x0000bce0   0x000000f8   Code   RO          651    i.base64Encode      base64.o
    0x0000bdd8   0x00000014   Code   RO         4861    i.bcd_to_dec        am_hal_rtc.o
    0x0000bdec   0x0000001c   Code   RO          589    i.calculate_lrc     cot_mt_uart.o
    0x0000be08   0x00000018   Code   RO         5932    i.close             COT-M_SDK_VFS_LIB.lib(vfs.o)
    0x0000be20   0x0000003c   Code   RO         5156    i.config_baudrate   am_hal_uart.o
    0x0000be5c   0x0000004c   Code   RO         3209    i.configure_adc_slot  adc.o
    0x0000bea8   0x000000c4   Code   RO         2747    i.configure_pins    spi.o
    0x0000bf6c   0x000000e8   Code   RO         3394    i.configure_pins1   spi1.o
    0x0000c054   0x0000008c   Code   RO          726    i.cot_key1_isr      cot_mt_key.o
    0x0000c0e0   0x0000008c   Code   RO          727    i.cot_key2_isr      cot_mt_key.o
    0x0000c16c   0x0000008c   Code   RO          728    i.cot_key3_isr      cot_mt_key.o
    0x0000c1f8   0x0000008c   Code   RO          729    i.cot_key4_isr      cot_mt_key.o
    0x0000c284   0x0000008c   Code   RO          730    i.cot_key5_isr      cot_mt_key.o
    0x0000c310   0x00000138   Code   RO          825    i.cot_led_on_off    cot_mt_led.o
    0x0000c448   0x00000060   Code   RO          733    i.cot_mt_key_callback  cot_mt_key.o
    0x0000c4a8   0x00000260   Code   RO          734    i.cot_mt_key_config  cot_mt_key.o
    0x0000c708   0x00000150   Code   RO          735    i.cot_mt_key_init   cot_mt_key.o
    0x0000c858   0x000001cc   Code   RO          736    i.cot_mt_key_poll   cot_mt_key.o
    0x0000ca24   0x0000004c   Code   RO          737    i.cot_mt_key_send_keys  cot_mt_key.o
    0x0000ca70   0x000000d0   Code   RO          826    i.cot_mt_led_blink  cot_mt_led.o
    0x0000cb40   0x00000024   Code   RO          830    i.cot_mt_led_init   cot_mt_led.o
    0x0000cb64   0x00000088   Code   RO          831    i.cot_mt_led_set    cot_mt_led.o
    0x0000cbec   0x0000016c   Code   RO          832    i.cot_mt_led_update  cot_mt_led.o
    0x0000cd58   0x00000030   Code   RO          904    i.cot_mt_oled_init  cot_mt_oled.o
    0x0000cd88   0x0000007e   Code   RO          511    i.cot_mt_process_event  cot_mt_task.o
    0x0000ce06   0x00000002   PAD
    0x0000ce08   0x0000030c   Code   RO          512    i.cot_mt_process_incoming_command  cot_mt_task.o
    0x0000d114   0x00000190   Code   RO          590    i.cot_mt_uart_data_process  cot_mt_uart.o
    0x0000d2a4   0x0000002c   Code   RO          591    i.cot_mt_uart_disable  cot_mt_uart.o
    0x0000d2d0   0x0000002c   Code   RO          592    i.cot_mt_uart_enable  cot_mt_uart.o
    0x0000d2fc   0x000000ac   Code   RO          594    i.cot_mt_uart_transport_out  cot_mt_uart.o
    0x0000d3a8   0x00000810   Code   RO         5826    i.cot_ranging       COT-M_SDK_RANGING_LIB.lib(cot_ranging.o)
    0x0000dbb8   0x00000028   Code   RO         5827    i.cot_ranging_send_next_pkg  COT-M_SDK_RANGING_LIB.lib(cot_ranging.o)
    0x0000dbe0   0x0000001a   Code   RO         4862    i.dec_to_bcd        am_hal_rtc.o
    0x0000dbfa   0x00000042   Code   RO         2211    i.decstr_to_int     am_util_stdio.o
    0x0000dc3c   0x000000cc   Code   RO         2212    i.divu64_10         am_util_stdio.o
    0x0000dd08   0x00000018   Code   RO         7379    i.fabs              m_wm.l(fabs.o)
    0x0000dd20   0x00000154   Code   RO         2213    i.ftoa              am_util_stdio.o
    0x0000de74   0x0000000c   Code   RO          738    i.get_cot_mt_key_int_enadble_status  cot_mt_key.o
    0x0000de80   0x0000000c   Code   RO          513    i.get_mt_task_id    cot_mt_task.o
    0x0000de8c   0x0000000c   Code   RO          395    i.get_sample_task_id  sample_multiple_anchor_app.o
    0x0000de98   0x0000002a   Code   RO         2855    i.gpio_init_module  gpio.o
    0x0000dec2   0x00000002   PAD
    0x0000dec4   0x00000038   Code   RO         3277    i.hal_sleep         sleep.o
    0x0000defc   0x00000014   Code   RO         3319    i.iic0_config       iic.o
    0x0000df10   0x00000060   Code   RO         3320    i.iic0_disable      iic.o
    0x0000df70   0x00000068   Code   RO         3321    i.iic0_init         iic.o
    0x0000dfd8   0x0000000a   Code   RO         3322    i.iic_init_module   iic.o
    0x0000dfe2   0x00000002   PAD
    0x0000dfe4   0x00000038   Code   RO         2856    i.init_config_key1_gpio  gpio.o
    0x0000e01c   0x00000038   Code   RO         2857    i.init_config_key2_gpio  gpio.o
    0x0000e054   0x00000038   Code   RO         2858    i.init_config_key3_gpio  gpio.o
    0x0000e08c   0x00000038   Code   RO         2859    i.init_config_key4_gpio  gpio.o
    0x0000e0c4   0x00000038   Code   RO         2860    i.init_config_key5_gpio  gpio.o
    0x0000e0fc   0x00000044   Code   RO         2861    i.init_config_led1_gpio  gpio.o
    0x0000e140   0x00000044   Code   RO         2862    i.init_config_led2_gpio  gpio.o
    0x0000e184   0x00000044   Code   RO         2863    i.init_config_led3_gpio  gpio.o
    0x0000e1c8   0x00000014   Code   RO         2748    i.init_config_spi   spi.o
    0x0000e1dc   0x00000014   Code   RO         3395    i.init_config_spi1  spi1.o
    0x0000e1f0   0x00000104   Code   RO         2864    i.init_config_sx1280_gpio  gpio.o
    0x0000e2f4   0x0000002c   Code   RO         2564    i.init_config_usart1  uart.o
    0x0000e320   0x00000028   Code   RO         4150    i.internal_am_hal_iom_spi_cmd_construct  am_hal_iom.o
    0x0000e348   0x00000032   Code   RO         5934    i.ioctl             COT-M_SDK_VFS_LIB.lib(vfs.o)
    0x0000e37a   0x00000038   Code   RO         5935    i.irq_handler_register  COT-M_SDK_VFS_LIB.lib(vfs.o)
    0x0000e3b2   0x00000002   PAD
    0x0000e3b4   0x00000010   Code   RO          675    i.log_init_module   log.o
    0x0000e3c4   0x0000000c   Code   RO          676    i.log_printf        log.o
    0x0000e3d0   0x00000044   Code   RO          678    i.log_uart_print    log.o
    0x0000e414   0x00000030   Code   RO         5936    i.lseek             COT-M_SDK_VFS_LIB.lib(vfs.o)
    0x0000e444   0x00000040   Code   RO           79    i.main              sample_main.o
    0x0000e484   0x000001a0   Code   RO         6869    i.mpi_add_abs       algorithm lib.lib(bignum.o)
    0x0000e624   0x0000006a   Code   RO         6871    i.mpi_add_mpi       algorithm lib.lib(bignum.o)
    0x0000e68e   0x0000005a   Code   RO         6872    i.mpi_cmp_abs       algorithm lib.lib(bignum.o)
    0x0000e6e8   0x00000024   Code   RO         6873    i.mpi_cmp_int       algorithm lib.lib(bignum.o)
    0x0000e70c   0x0000003c   Code   RO         6874    i.mpi_cmp_mpi       algorithm lib.lib(bignum.o)
    0x0000e748   0x000000ae   Code   RO         6875    i.mpi_decode        algorithm lib.lib(bignum.o)
    0x0000e7f6   0x0000065c   Code   RO         6877    i.mpi_div_mpi       algorithm lib.lib(bignum.o)
    0x0000ee52   0x00000056   Code   RO         6878    i.mpi_encode        algorithm lib.lib(bignum.o)
    0x0000eea8   0x000004da   Code   RO         6879    i.mpi_exp_mod       algorithm lib.lib(bignum.o)
    0x0000f382   0x0000000e   Code   RO         6884    i.mpi_lset          algorithm lib.lib(bignum.o)
    0x0000f390   0x0000006a   Code   RO         6886    i.mpi_mod_mpi       algorithm lib.lib(bignum.o)
    0x0000f3fa   0x00000308   Code   RO         6887    i.mpi_montg_calculrr  algorithm lib.lib(bignum.o)
    0x0000f702   0x0000003c   Code   RO         6888    i.mpi_montg_init    algorithm lib.lib(bignum.o)
    0x0000f73e   0x000016d4   Code   RO         6889    i.mpi_montmul       algorithm lib.lib(bignum.o)
    0x00010e12   0x0000002a   Code   RO         6890    i.mpi_montred       algorithm lib.lib(bignum.o)
    0x00010e3c   0x00000046   Code   RO         6891    i.mpi_msb           algorithm lib.lib(bignum.o)
    0x00010e82   0x000000c0   Code   RO         6892    i.mpi_mul_int       algorithm lib.lib(bignum.o)
    0x00010f42   0x000000d2   Code   RO         6894    i.mpi_shift_l       algorithm lib.lib(bignum.o)
    0x00011014   0x000000ec   Code   RO         6895    i.mpi_shift_r       algorithm lib.lib(bignum.o)
    0x00011100   0x000000e8   Code   RO         6897    i.mpi_sub_abs       algorithm lib.lib(bignum.o)
    0x000111e8   0x00000064   Code   RO         6898    i.mpi_sub_hlp       algorithm lib.lib(bignum.o)
    0x0001124c   0x00000070   Code   RO         6900    i.mpi_sub_mpi       algorithm lib.lib(bignum.o)
    0x000112bc   0x00000020   Code   RO          514    i.mt_task_init      cot_mt_task.o
    0x000112dc   0x00000034   Code   RO         2214    i.ndigits_in_hex    am_util_stdio.o
    0x00011310   0x00000024   Code   RO         2215    i.ndigits_in_i64    am_util_stdio.o
    0x00011334   0x0000003a   Code   RO         2216    i.ndigits_in_u64    am_util_stdio.o
    0x0001136e   0x00000002   PAD
    0x00011370   0x00000044   Code   RO         5937    i.open              COT-M_SDK_VFS_LIB.lib(vfs.o)
    0x000113b4   0x0000005c   Code   RO         1796    i.osalAddTimer      osal_time.o
    0x00011410   0x00000008   Code   RO         1797    i.osalDeleteTimer   osal_time.o
    0x00011418   0x00000024   Code   RO         1798    i.osalFindTimer     osal_time.o
    0x0001143c   0x00000038   Code   RO           13    i.osalInitTasks     osal_sample.o
    0x00011474   0x00000018   Code   RO         1442    i.osalTimeUpdate    osal.o
    0x0001148c   0x00000014   Code   RO         1799    i.osalTimerInit     osal_time.o
    0x000114a0   0x000000ac   Code   RO         1800    i.osalTimerUpdate   osal_time.o
    0x0001154c   0x00000048   Code   RO         1445    i.osal_clear_event  osal.o
    0x00011594   0x0000000c   Code   RO         1745    i.osal_get_system_tick  osal_tick.o
    0x000115a0   0x0000000c   Code   RO         1746    i.osal_get_systick  osal_tick.o
    0x000115ac   0x00000024   Code   RO         1446    i.osal_init_system  osal.o
    0x000115d0   0x00000130   Code   RO         1638    i.osal_mem_alloc    osal_memory.o
    0x00011700   0x00000058   Code   RO         1639    i.osal_mem_free     osal_memory.o
    0x00011758   0x00000070   Code   RO         1640    i.osal_mem_init     osal_memory.o
    0x000117c8   0x0000002c   Code   RO         1641    i.osal_mem_kick     osal_memory.o
    0x000117f4   0x00000014   Code   RO         1452    i.osal_memset       osal.o
    0x00011808   0x0000002c   Code   RO         1453    i.osal_msg_allocate  osal.o
    0x00011834   0x00000026   Code   RO         1454    i.osal_msg_deallocate  osal.o
    0x0001185a   0x00000042   Code   RO         1456    i.osal_msg_enqueue  osal.o
    0x0001189c   0x00000046   Code   RO         1458    i.osal_msg_extract  osal.o
    0x000118e2   0x00000002   PAD
    0x000118e4   0x00000078   Code   RO         1461    i.osal_msg_receive  osal.o
    0x0001195c   0x0000005c   Code   RO         1462    i.osal_msg_send     osal.o
    0x000119b8   0x00000014   Code   RO         1700    i.osal_mutex_check  osal_mutex.o
    0x000119cc   0x00000038   Code   RO         1701    i.osal_mutex_create  osal_mutex.o
    0x00011a04   0x00000058   Code   RO         1702    i.osal_mutex_delete  osal_mutex.o
    0x00011a5c   0x0000001a   Code   RO         1703    i.osal_mutex_release  osal_mutex.o
    0x00011a76   0x0000001a   Code   RO         1704    i.osal_mutex_take   osal_mutex.o
    0x00011a90   0x0000002c   Code   RO         1804    i.osal_next_timeout  osal_time.o
    0x00011abc   0x0000000c   Code   RO         1884    i.osal_pwrmgr_device  osal_pwrmgr.o
    0x00011ac8   0x00000010   Code   RO         1885    i.osal_pwrmgr_init  osal_pwrmgr.o
    0x00011ad8   0x00000038   Code   RO         1886    i.osal_pwrmgr_powerconserve  osal_pwrmgr.o
    0x00011b10   0x00000058   Code   RO         1887    i.osal_pwrmgr_task_state  osal_pwrmgr.o
    0x00011b68   0x00000048   Code   RO         1465    i.osal_set_event    osal.o
    0x00011bb0   0x000000a8   Code   RO         1466    i.osal_start_system  osal.o
    0x00011c58   0x0000003a   Code   RO         1805    i.osal_start_timerEx  osal_time.o
    0x00011c92   0x0000003a   Code   RO         1806    i.osal_stop_timerEx  osal_time.o
    0x00011ccc   0x00000014   Code   RO         1747    i.osal_systick_configuration  osal_tick.o
    0x00011ce0   0x0000000c   Code   RO         1748    i.osal_systick_reset  osal_tick.o
    0x00011cec   0x00000022   Code   RO         2217    i.padbuffer         am_util_stdio.o
    0x00011d0e   0x00000034   Code   RO         5938    i.read              COT-M_SDK_VFS_LIB.lib(vfs.o)
    0x00011d42   0x00000002   PAD
    0x00011d44   0x00000028   Code   RO         5939    i.register_dev      COT-M_SDK_VFS_LIB.lib(vfs.o)
    0x00011d6c   0x0000000e   Code   RO         5157    i.ring_buffer_init  am_hal_uart.o
    0x00011d7a   0x00000042   Code   RO         5158    i.ring_buffer_read  am_hal_uart.o
    0x00011dbc   0x0000004c   Code   RO         5159    i.ring_buffer_write  am_hal_uart.o
    0x00011e08   0x000000fc   Code   RO         6009    i.rsa_public        algorithm lib.lib(rsa.o)
    0x00011f04   0x00000014   Code   RO         3127    i.rtc0_config       rtc.o
    0x00011f18   0x00000010   Code   RO         3128    i.rtc0_disable      rtc.o
    0x00011f28   0x0000003c   Code   RO         3129    i.rtc0_enable       rtc.o
    0x00011f64   0x00000014   Code   RO         3130    i.rtc0_init         rtc.o
    0x00011f78   0x000000a8   Code   RO         3131    i.rtc_alram_time    rtc.o
    0x00012020   0x0000000a   Code   RO         3132    i.rtc_init_module   rtc.o
    0x0001202a   0x00000002   PAD
    0x0001202c   0x00000018   Code   RO          396    i.sample_app_init   sample_multiple_anchor_app.o
    0x00012044   0x000008f4   Code   RO          397    i.sample_app_processevent  sample_multiple_anchor_app.o
    0x00012938   0x00000018   Code   RO         2218    i.simple_strlen     am_util_stdio.o
    0x00012950   0x00000010   Code   RO         3396    i.spi1_disable      spi1.o
    0x00012960   0x0000000a   Code   RO         3397    i.spi1_init_module  spi1.o
    0x0001296a   0x00000002   PAD
    0x0001296c   0x0000008c   Code   RO         2749    i.spi_disable       spi.o
    0x000129f8   0x0000000a   Code   RO         2750    i.spi_init_module   spi.o
    0x00012a02   0x0000006e   Code   RO         7405    i.sqrt              m_wm.l(sqrt.o)
    0x00012a70   0x0000004c   Code   RO         2507    i.timerA0_start     hal_timers.o
    0x00012abc   0x00000020   Code   RO         2508    i.timerA0_stop      hal_timers.o
    0x00012adc   0x00000074   Code   RO         2565    i.uart_disable      uart.o
    0x00012b50   0x00000094   Code   RO         2566    i.uart_enable       uart.o
    0x00012be4   0x0000000a   Code   RO         2567    i.uart_init_module  uart.o
    0x00012bee   0x0000008a   Code   RO         2219    i.uint64_to_hexstr  am_util_stdio.o
    0x00012c78   0x00000070   Code   RO         2220    i.uint64_to_str     am_util_stdio.o
    0x00012ce8   0x00000012   Code   RO         2509    i.wait_ms           hal_timers.o
    0x00012cfa   0x00000012   Code   RO         2510    i.wait_us           hal_timers.o
    0x00012d0c   0x00000034   Code   RO         5940    i.write             COT-M_SDK_VFS_LIB.lib(vfs.o)
    0x00012d40   0x0000002c   Code   RO         7706    locale$$code        c_w.l(lc_numeric_c.o)
    0x00012d6c   0x00000018   Code   RO         7581    x$fpl$basic         fz_wm.l(basic.o)
    0x00012d84   0x00000062   Code   RO         7317    x$fpl$d2f           fz_wm.l(d2f.o)
    0x00012de6   0x00000002   PAD
    0x00012de8   0x00000150   Code   RO         7319    x$fpl$dadd          fz_wm.l(daddsub_clz.o)
    0x00012f38   0x00000010   Code   RO         7729    x$fpl$dcheck1       fz_wm.l(dcheck1.o)
    0x00012f48   0x00000018   Code   RO         7583    x$fpl$dcmpinf       fz_wm.l(dcmpi.o)
    0x00012f60   0x000002b0   Code   RO         7326    x$fpl$ddiv          fz_wm.l(ddiv.o)
    0x00013210   0x0000005e   Code   RO         7329    x$fpl$dfix          fz_wm.l(dfix.o)
    0x0001326e   0x00000002   PAD
    0x00013270   0x0000005a   Code   RO         7333    x$fpl$dfixu         fz_wm.l(dfixu.o)
    0x000132ca   0x0000002e   Code   RO         7338    x$fpl$dflt          fz_wm.l(dflt_clz.o)
    0x000132f8   0x00000026   Code   RO         7337    x$fpl$dfltu         fz_wm.l(dflt_clz.o)
    0x0001331e   0x00000002   PAD
    0x00013320   0x00000078   Code   RO         7343    x$fpl$dleqf         fz_wm.l(dleqf.o)
    0x00013398   0x00000154   Code   RO         7345    x$fpl$dmul          fz_wm.l(dmul.o)
    0x000134ec   0x0000009c   Code   RO         7585    x$fpl$dnaninf       fz_wm.l(dnaninf.o)
    0x00013588   0x0000000c   Code   RO         7587    x$fpl$dretinf       fz_wm.l(dretinf.o)
    0x00013594   0x0000006c   Code   RO         7347    x$fpl$drleqf        fz_wm.l(drleqf.o)
    0x00013600   0x00000016   Code   RO         7320    x$fpl$drsb          fz_wm.l(daddsub_clz.o)
    0x00013616   0x00000002   PAD
    0x00013618   0x00000198   Code   RO         7589    x$fpl$dsqrt         fz_wm.l(dsqrt_umaal.o)
    0x000137b0   0x000001d4   Code   RO         7321    x$fpl$dsub          fz_wm.l(daddsub_clz.o)
    0x00013984   0x0000000a   Code   RO         7731    x$fpl$fpinit        fz_wm.l(fpinit.o)
    0x0001398e   0x0000000a   Code   RO         7591    x$fpl$fretinf       fz_wm.l(fretinf.o)
    0x00013998   0x00000004   Code   RO         7349    x$fpl$printf1       fz_wm.l(printf1.o)
    0x0001399c   0x00000064   Code   RO         7786    x$fpl$retnan        fz_wm.l(retnan.o)
    0x00013a00   0x0000005c   Code   RO         7593    x$fpl$scalbn        fz_wm.l(scalbn.o)
    0x00013a5c   0x00000030   Code   RO         7807    x$fpl$trapveneer    fz_wm.l(trapv.o)
    0x00013a8c   0x00000000   Code   RO         7595    x$fpl$usenofp       fz_wm.l(usenofp.o)
    0x00013a8c   0x0000000d   Data   RO           15    .constdata          osal_sample.o
    0x00013a99   0x00000cd4   Data   RO          906    .constdata          cot_mt_oled.o
    0x0001476d   0x00000003   PAD
    0x00014770   0x00000080   Data   RO         1254    .constdata          rfparamconfig.o
    0x000147f0   0x00000080   Data   RO         4688    .constdata          am_hal_mcuctrl.o
    0x00014870   0x000002c4   Data   RO         5521    .constdata          COT-M_SDK_RF_LIB.lib(cot_mac.o)
    0x00014b34   0x000000b8   Data   RO         5836    .constdata          COT-M_SDK_RANGING_LIB.lib(cot_ranging.o)
    0x00014bec   0x00000140   Data   RO         6061    .constdata          algorithm lib.lib(sha256.o)
    0x00014d2c   0x00000008   Data   RO         6597    .constdata          COT-M_SDK_RF_LIB.lib(sx1280-hal.o)
    0x00014d34   0x00000138   Data   RO         6779    .constdata          COT-M_SDK_RF_LIB.lib(cot_mac_protocol_parse.o)
    0x00014e6c   0x00000028   Data   RO         7128    .constdata          c_w.l(_printf_hex_int.o)
    0x00014e94   0x00000004   PAD
    0x00014e98   0x00000088   Data   RO         7392    .constdata          m_wm.l(pow.o)
    0x00014f20   0x00000008   Data   RO         7614    .constdata          m_wm.l(qnan.o)
    0x00014f28   0x00000094   Data   RO         7681    .constdata          c_w.l(bigflt0.o)
    0x00014fbc   0x0000003c   Data   RO         6703    .constdata__ZTV5Radio  COT-M_SDK_RF_LIB.lib(sx1280-hal.o)
    0x00014ff8   0x0000004c   Data   RO         6513    .constdata__ZTV6SX1280  COT-M_SDK_RF_LIB.lib(sx1280.o)
    0x00015044   0x00000054   Data   RO         6695    .constdata__ZTV9SX1280Hal  COT-M_SDK_RF_LIB.lib(sx1280-hal.o)
    0x00015098   0x00000041   Data   RO          652    .conststring        base64.o
    0x000150d9   0x00000003   PAD
    0x000150dc   0x00000005   Data   RO         2569    .conststring        uart.o
    0x000150e1   0x00000003   PAD
    0x000150e4   0x00000006   Data   RO         2700    .conststring        flash.o
    0x000150ea   0x00000002   PAD
    0x000150ec   0x00000005   Data   RO         2751    .conststring        spi.o
    0x000150f1   0x00000003   PAD
    0x000150f4   0x00000045   Data   RO         2865    .conststring        gpio.o
    0x00015139   0x00000003   PAD
    0x0001513c   0x00000005   Data   RO         3133    .conststring        rtc.o
    0x00015141   0x00000003   PAD
    0x00015144   0x00000005   Data   RO         3211    .conststring        adc.o
    0x00015149   0x00000003   PAD
    0x0001514c   0x00000005   Data   RO         3323    .conststring        iic.o
    0x00015151   0x00000003   PAD
    0x00015154   0x00000005   Data   RO         3398    .conststring        spi1.o
    0x00015159   0x00000003   PAD
    0x0001515c   0x00000071   Data   RO         4152    .conststring        am_hal_iom.o
    0x000151cd   0x00000003   PAD
    0x000151d0   0x00000020   Data   RO         7835    Region$$Table       anon$$obj.o
    0x000151f0   0x0000001c   Data   RO         7705    locale$$data        c_w.l(lc_numeric_c.o)
    0x0001520c   0x00000004   Data   RO         5523    .init_array         COT-M_SDK_RF_LIB.lib(cot_mac.o)
    0x00015210   0x00000000   Data   RO         7197    .init_array         c_w.l(init_aeabi.o)


    Execution Region SRAM (Base: 0x10000000, Size: 0x000046f0, Max: 0x00010000, ABSOLUTE, COMPRESSED[0x00000244])

    Base Addr    Size         Type   Attr      Idx    E Section Name        Object

    0x10000000   0x00000004   Data   RW           16    .data               osal_sample.o
    0x10000004   0x0000001d   Data   RW          411    .data               sample_multiple_anchor_app.o
    0x10000021   0x00000003   Data   RW          515    .data               cot_mt_task.o
    0x10000024   0x00000008   Data   RW          596    .data               cot_mt_uart.o
    0x1000002c   0x00000004   Data   RW          653    .data               base64.o
    0x10000030   0x00000009   Data   RW          739    .data               cot_mt_key.o
    0x10000039   0x00000004   Data   RW          834    .data               cot_mt_led.o
    0x1000003d   0x00000003   PAD
    0x10000040   0x00000004   Data   RW         1255    .data               rfparamconfig.o
    0x10000044   0x00000005   Data   RW         1468    .data               osal.o
    0x10000049   0x00000003   PAD
    0x1000004c   0x00000018   Data   RW         1643    .data               osal_memory.o
    0x10000064   0x00000004   Data   RW         1706    .data               osal_mutex.o
    0x10000068   0x00000008   Data   RW         1808    .data               osal_time.o
    0x10000070   0x00000008   Data   RW         1888    .data               osal_pwrmgr.o
    0x10000078   0x00000005   Data   RW         2222    .data               am_util_stdio.o
    0x1000007d   0x00000003   PAD
    0x10000080   0x00000010   Data   RW         2511    .data               hal_timers.o
    0x10000090   0x00000044   Data   RW         2570    .data               uart.o
    0x100000d4   0x00000030   Data   RW         2701    .data               flash.o
    0x10000104   0x0000004c   Data   RW         2752    .data               spi.o
    0x10000150   0x000001b0   Data   RW         2866    .data               gpio.o
    0x10000300   0x00000034   Data   RW         3134    .data               rtc.o
    0x10000334   0x00000064   Data   RW         3212    .data               adc.o
    0x10000398   0x00000030   Data   RW         3324    .data               iic.o
    0x100003c8   0x0000004c   Data   RW         3399    .data               spi1.o
    0x10000414   0x00000028   Data   RW         3863    .data               am_hal_flash.o
    0x1000043c   0x00000014   Data   RW         4153    .data               am_hal_iom.o
    0x10000450   0x0000000c   Data   RW         5011    .data               am_hal_systick.o
    0x1000045c   0x00000034   Data   RW         5522    .data               COT-M_SDK_RF_LIB.lib(cot_mac.o)
    0x10000490   0x0000004f   Data   RW         5837    .data               COT-M_SDK_RANGING_LIB.lib(cot_ranging.o)
    0x100004df   0x00000001   PAD
    0x100004e0   0x00000008   Data   RW         6780    .data               COT-M_SDK_RF_LIB.lib(cot_mac_protocol_parse.o)
    0x100004e8   0x000000f0   Zero   RW          410    .bss                sample_multiple_anchor_app.o
    0x100005d8   0x00000120   Zero   RW          595    .bss                cot_mt_uart.o
    0x100006f8   0x00000028   Zero   RW          833    .bss                cot_mt_led.o
    0x10000720   0x00001000   Zero   RW         1642    .bss                osal_memory.o
    0x10001720   0x00000400   Zero   RW         2221    .bss                am_util_stdio.o
    0x10001b20   0x00000820   Zero   RW         2568    .bss                uart.o
    0x10002340   0x0000000c   Zero   RW         3512    .bss                am_hal_adc.o
    0x1000234c   0x00000100   Zero   RW         3949    .bss                am_hal_gpio.o
    0x1000244c   0x00000058   Zero   RW         4151    .bss                am_hal_iom.o
    0x100024a4   0x00000028   Zero   RW         5160    .bss                am_hal_uart.o
    0x100024cc   0x000002b0   Zero   RW         5520    .bss                COT-M_SDK_RF_LIB.lib(cot_mac.o)
    0x1000277c   0x00000004   PAD
    0x10002780   0x000006cb   Zero   RW         5835    .bss                COT-M_SDK_RANGING_LIB.lib(cot_ranging.o)
    0x10002e4b   0x00000001   PAD
    0x10002e4c   0x00000040   Zero   RW         5941    .bss                COT-M_SDK_VFS_LIB.lib(vfs.o)
    0x10002e8c   0x00000100   Zero   RW         6060    .bss                algorithm lib.lib(sha256.o)
    0x10002f8c   0x00000060   Zero   RW         7616    .bss                c_w.l(libspace.o)
    0x10002fec   0x00000004   PAD
    0x10002ff0   0x00000200   Zero   RW            2    HEAP                startup_keil.o
    0x100031f0   0x00001500   Zero   RW            1    STACK               startup_keil.o


==============================================================================

Image component sizes


      Code (inc. data)   RO Data    RW Data    ZI Data      Debug   Object Name

       904         84          5        100          0       6864   adc.o
        38          0          0          0          0        556   am_bsp.o
       292         58          0          0         12       4914   am_hal_adc.o
       146         40          0          0          0       2424   am_hal_clkgen.o
       328         52          0          0          0       6152   am_hal_ctimer.o
         4          0          0          0          0        577   am_hal_debug.o
        94         16          0         40          0       5023   am_hal_flash.o
       352        110          0          0        256       4624   am_hal_gpio.o
       206         20          0          0          0       1845   am_hal_interrupt.o
      3964       1524        113         20         88      21384   am_hal_iom.o
       376         40        128          0          0       5079   am_hal_mcuctrl.o
       102          0          0          0          0       1336   am_hal_queue.o
       666         14          0          0          0       6972   am_hal_rtc.o
        64          8          0          0          0        607   am_hal_sysctrl.o
       106         12          0         12          0       3030   am_hal_systick.o
       794         96          0          0         40      13957   am_hal_uart.o
        12          4          0          0          0        527   am_hal_vcomp.o
        60          6          0          0          0       1206   am_util_delay.o
      1272        784          0          0          0      26985   am_util_faultisr.o
         0          0          0          0          0        424   am_util_plot.o
      2072         36          0          5       1024      11773   am_util_stdio.o
       532          8         65          4          0       2467   base64.o
      2288        300          0          9          0      12775   cot_mt_key.o
      1056         86          0          4         40       8490   cot_mt_led.o
       736         34       3284          0          0      11245   cot_mt_oled.o
       950        110          0          3          0      12558   cot_mt_task.o
       688         54          0          8        288       8618   cot_mt_uart.o
       466         46          6         48          0       5231   flash.o
      5034        558         69        432          0      40787   gpio.o
       158          6          0         16          0       3091   hal_timers.o
       798         74          5         48          0       8031   iic.o
        96         14          0          0          0       2339   log.o
       822         48          0          5          0      11019   osal.o
       548         74          0         24       4096       5776   osal_memory.o
       216         10          0          4          0       3640   osal_mutex.o
       172         24          0          8          0       3128   osal_pwrmgr.o
        56          4         13          4          0      18136   osal_sample.o
        56         16          0          0          0       2068   osal_tick.o
       488         34          0          8          0       6108   osal_time.o
      2784         32        128          4          0      28771   rfparamconfig.o
       640         70          5         52          0       8495   rtc.o
        64          0          0          0          0        563   sample_main.o
      2996        562          0         29        240      17509   sample_multiple_anchor_app.o
        56         10          0          0          0        596   sleep.o
      1150        118          5         76          0       8087   spi.o
       986        108          5         76          0       7984   spi1.o
       180        136          0          0       5888       1188   startup_keil.o
       800         76          5         68       2080      10936   uart.o

    ----------------------------------------------------------------------
     36712       5516       3900       1116      14052     375895   Object Totals
         0          0         32          0          0          0   (incl. Generated)
        44          0         32          9          0          0   (incl. Padding)

    ----------------------------------------------------------------------

      Code (inc. data)   RO Data    RW Data    ZI Data      Debug   Library Member Name

      3404        304        184         79       1739      38778   cot_ranging.o
      5918        598        712         52        688      63483   cot_mac.o
      1374         68        312          8          0      28755   cot_mac_protocol_parse.o
      1142         36        152          0          0      30756   sx1280-hal.o
      4126        114         76          0          0      41216   sx1280.o
       390          8          0          0         64      10236   vfs.o
     11950          0          0          0          0      21145   bignum.o
       364          0          0          0          0       7991   rsa.o
       948         48        320          0        256       5304   sha256.o
        90          0          0          0          0          0   __dczerorl2.o
         8          0          0          0          0         68   __main.o
       284          0          0          0          0        156   __printf_wp.o
         0          0          0          0          0          0   __rtentry.o
        12          0          0          0          0          0   __rtentry2.o
         6          0          0          0          0          0   __rtentry4.o
        52          8          0          0          0          0   __scatter.o
        28          0          0          0          0          0   __scatter_zi.o
        48          6          0          0          0         96   _printf_char_common.o
         6          0          0          0          0          0   _printf_d.o
       120         16          0          0          0         92   _printf_dec.o
         6          0          0          0          0          0   _printf_f.o
      1050          0          0          0          0        216   _printf_fp_dec.o
       128         16          0          0          0         84   _printf_fp_infnan.o
        88          4         40          0          0         88   _printf_hex_int.o
       178          0          0          0          0         88   _printf_intcommon.o
        78          0          0          0          0        108   _printf_pad.o
         0          0          0          0          0          0   _printf_percent.o
         4          0          0          0          0          0   _printf_percent_end.o
         6          0          0          0          0          0   _printf_x.o
        22          0          0          0          0        100   _rserrno.o
        10          0          0          0          0         68   _sputc.o
        16          0          0          0          0         68   aeabi_memset.o
       220          4        148          0          0         96   bigflt0.o
      1910        128          0          0          0        672   btod.o
        10          0          0          0          0         68   defsig_exit.o
        50          0          0          0          0         88   defsig_general.o
        48         34          0          0          0         76   defsig_pvfn_inner.o
        14          0          0          0          0         80   defsig_pvfn_outer.o
        80         58          0          0          0         76   defsig_rtmem_inner.o
        14          0          0          0          0         80   defsig_rtmem_outer.o
        12          0          0          0          0         72   exit.o
        94          0          0          0          0         80   h1_alloc.o
        52          0          0          0          0         68   h1_extend.o
        78          0          0          0          0         80   h1_free.o
        14          0          0          0          0         84   h1_init.o
         6          0          0          0          0        152   heapauxi.o
         4          0          0          0          0        136   hguard.o
         0          0          0          0          0          0   indicate_semi.o
        36         10          0          0          0         80   init_aeabi.o
       138          0          0          0          0        168   init_alloc.o
        44         10         28          0          0         76   lc_numeric_c.o
         2          0          0          0          0          0   libinit.o
        34          0          0          0          0          0   libinit2.o
         2          0          0          0          0          0   libshutdown.o
         8          0          0          0          0          0   libshutdown2.o
         8          4          0          0         96         68   libspace.o
       138          0          0          0          0         80   lludiv10.o
         0          0          0          0          0          0   maybetermalloc1.o
        88          0          0          0          0         76   memcmp.o
        22          0          0          0          0         76   memset.o
        40          6          0          0          0         84   noretval__2sprintf.o
         8          4          0          0          0         68   rt_ddtor_pointer_addr_intlibspace.o
         8          4          0          0          0         68   rt_errno_addr_intlibspace.o
         8          4          0          0          0         68   rt_heap_descriptor_intlibspace.o
         8          4          0          0          0         68   rt_locale_intlibspace.o
        68          0          0          0          0         68   rt_memclr.o
        78          0          0          0          0         80   rt_memclr_w.o
       138          0          0          0          0         68   rt_memcpy_v6.o
       100          0          0          0          0         80   rt_memcpy_w.o
         2          0          0          0          0          0   rtexit.o
        10          0          0          0          0          0   rtexit2.o
       128          0          0          0          0         68   strcmpv7m.o
        62          0          0          0          0         76   strlen.o
       150          0          0          0          0         80   strncmp.o
        12          4          0          0          0         68   sys_exit.o
        74          0          0          0          0         80   sys_stackheap_outer.o
        14          0          0          0          0         76   sys_wrch.o
         2          0          0          0          0         68   use_no_semi.o
        50          0          0          0          0         84   aeabi_atexit.o
        66          0          0          0          0         84   cxa_finalize.o
         6          0          0          0          0         68   pure_virt.o
        24          0          0          0          0        164   basic.o
        98          4          0          0          0        140   d2f.o
       826         16          0          0          0        492   daddsub_clz.o
        16          4          0          0          0        116   dcheck1.o
        24          0          0          0          0        116   dcmpi.o
       688        140          0          0          0        256   ddiv.o
        94          4          0          0          0        140   dfix.o
        90          4          0          0          0        140   dfixu.o
        84          0          0          0          0        232   dflt_clz.o
       120          4          0          0          0        140   dleqf.o
       340         12          0          0          0        152   dmul.o
       156          4          0          0          0        140   dnaninf.o
        12          0          0          0          0        116   dretinf.o
       108          0          0          0          0        128   drleqf.o
       408         56          0          0          0        168   dsqrt_umaal.o
        10          0          0          0          0        116   fpinit.o
        10          0          0          0          0        116   fretinf.o
         4          0          0          0          0        116   printf1.o
       100          0          0          0          0        116   retnan.o
        92          0          0          0          0        116   scalbn.o
        48          0          0          0          0        116   trapv.o
         0          0          0          0          0          0   usenofp.o
       280         28          0          0          0        156   ceil.o
       108         10          0          0          0        116   ceilf.o
       164         44          0          0          0        620   dunder.o
        24          0          0          0          0        124   fabs.o
       280         28          0          0          0        156   floor.o
        48          0          0          0          0        124   fpclassify.o
       248          0          0          0          0        152   poly.o
      3128        302        136          0          0        356   pow.o
         0          0          8          0          0          0   qnan.o
       110          0          0          0          0        148   sqrt.o

    ----------------------------------------------------------------------
     43812       2164       2120        140       2852     258120   Library Totals
        56          4          4          1          9          0   (incl. Padding)

    ----------------------------------------------------------------------

      Code (inc. data)   RO Data    RW Data    ZI Data      Debug   Library Name

      3404        304        184         79       1739      38778   COT-M_SDK_RANGING_LIB.lib
     12560        816       1252         60        688     164210   COT-M_SDK_RF_LIB.lib
       390          8          0          0         64      10236   COT-M_SDK_VFS_LIB.lib
     13262         48        320          0        256      34440   algorithm lib.lib
      6276        324        216          0         96       4932   c_w.l
       122          0          0          0          0        236   cpprt_w.l
      3352        248          0          0          0       3336   fz_wm.l
      4390        412        144          0          0       1952   m_wm.l

    ----------------------------------------------------------------------
     43812       2164       2120        140       2852     258120   Library Totals

    ----------------------------------------------------------------------

==============================================================================


      Code (inc. data)   RO Data    RW Data    ZI Data      Debug   

     80524       7680       6020       1256      16904     578847   Grand Totals
     80524       7680       6020        580      16904     578847   ELF Image Totals (compressed)
     80524       7680       6020        580          0          0   ROM Totals

==============================================================================

    Total RO  Size (Code + RO Data)                86544 (  84.52kB)
    Total RW  Size (RW Data + ZI Data)             18160 (  17.73kB)
    Total ROM Size (Code + RO Data + RW Data)      87124 (  85.08kB)

==============================================================================

