<html>
<body>
<pre>
<h1>礦ision Build Log</h1>
<h2>Tool Versions:</h2>
IDE-Version: μVision V5.14.0.0
Copyright (C) 2015 ARM Ltd and ARM Germany GmbH. All rights reserved.
License Information: DELL DELL, guiwu, LIC=KRMUH-WZ0XX-R99G6-D48EL-2SW4Q-VCY00
 
Tool Versions:
Toolchain:       MDK-ARM Standard  Version: 5.14.0.0
Toolchain Path:  D:\Keil_v5\ARM\ARMCC\Bin
C Compiler:      Armcc.exe V5.05 update 1 (build 106)
Assembler:       Armasm.exe V5.05 update 1 (build 106)
Linker/Locator:  ArmLink.exe V5.05 update 1 (build 106)
Library Manager: ArmAr.exe V5.05 update 1 (build 106)
Hex Converter:   FromElf.exe V5.05 update 1 (build 106)
CPU DLL:         SARMCM3.DLL V5.14.0.0
Dialog DLL:      DCM.DLL V1.13.1.0
Target DLL:      Segger\JL2CM3.dll V2.99.13.0
Dialog DLL:      TCM.DLL V1.14.4.0
 
<h2>Project:</h2>
F:\Lora资料\sx1280\COT-MOV淘宝板子资料\COT-M_SDK_Release_V3最新版本 -10.11\COT-M_SDK_Release_V2\COT-M_SDK.uvprojx
Project File Date:  10/10/2017

<h2>Output:</h2>
Build target 'COT-M_SDK'
compiling sample_multiple_anchor_app.cpp...
src\app\sample_multiple_anchor_app.cpp(166): warning:  #177-D: variable "s_soft_version" was declared but never referenced
  static  uint8_t s_soft_version[4]={2,0,0,0};
src\app\sample_multiple_anchor_app.cpp(168): warning:  #177-D: variable "s_hard_ware_version" was declared but never referenced
  static  uint8_t s_hard_ware_version[2]={1,0};
src\app\sample_multiple_anchor_app.cpp(179): warning:  #177-D: variable "g_start_rng_flag_slave" was declared but never referenced
  static bool g_start_rng_flag_slave = false;
src\app\sample_multiple_anchor_app.cpp: 3 warnings, 0 errors
linking...
Program Size: Code=80104 RO-data=6024 RW-data=1256 ZI-data=16904  
After Build - User command #1: fromelf --bin --output bin\COT-M_SDK.bin obj\COT-M_SDK.axf
".\obj\COT-M_SDK.axf" - 0 Error(s), 3 Warning(s).

<h2>Collection of Component include folders:</h2>
  F:\Lora资料\sx1280\COT-MOV淘宝板子资料\COT-M_SDK_Release_V3最新版本 -10.11\COT-M_SDK_Release_V2\RTE
  D:\Keil_v5\ARM\PACK\AmbiqMicro\Apollo_DFP\0.9.2

<h2>Collection of Component Files used:</h2>
</pre>
</body>
</html>
